Copyright 1986-2022 Xilinx, Inc. All Rights Reserved. Copyright 2022-2025 Advanced Micro Devices, Inc. All Rights Reserved.
---------------------------------------------------------------------------------------------------------------------------------------------
| Tool Version : Vivado v.2025.1 (win64) Build 6140274 Thu May 22 00:12:29 MDT 2025
| Date         : Fri Oct  9 18:50:48 2026
| Host         : ARM-Windows running 64-bit major release  (build 9200)
| Command      : report_timing_summary -file ./output/CORE_FPU/timing_summary.rpt
| Design       : CORE_FPU
| Device       : 7a100t-csg324
| Speed File   : -1  PRODUCTION 1.23 2018-06-13
| Design State : Routed
---------------------------------------------------------------------------------------------------------------------------------------------

Timing Summary Report

------------------------------------------------------------------------------------------------
| Timer Settings
| --------------
------------------------------------------------------------------------------------------------

  Enable Multi Corner Analysis               :  Yes
  Enable Pessimism Removal                   :  Yes
  Pessimism Removal Resolution               :  Nearest Common Node
  Enable Input Delay Default Clock           :  No
  Enable Preset / Clear Arcs                 :  No
  Disable Flight Delays                      :  No
  Ignore I/O Paths                           :  No
  Timing Early Launch at Borrowing Latches   :  No
  Borrow Time for Max Delay Exceptions       :  Yes
  Merge Timing Exceptions                    :  Yes
  Inter-SLR Compensation                     :  Conservative

  Corner  Analyze    Analyze    
  Name    Max Paths  Min Paths  
  ------  ---------  ---------  
  Slow    Yes        Yes        
  Fast    Yes        Yes        


------------------------------------------------------------------------------------------------
| Report Methodology
| ------------------
------------------------------------------------------------------------------------------------

No report available as report_methodology has not been run prior. Run report_methodology on the current design for the summary of methodology violations.



check_timing report

Table of Contents
-----------------
1. checking no_clock (0)
2. checking constant_clock (0)
3. checking pulse_width_clock (0)
4. checking unconstrained_internal_endpoints (0)
5. checking no_input_delay (0)
6. checking no_output_delay (0)
7. checking multiple_clock (0)
8. checking generated_clocks (0)
9. checking loops (0)
10. checking partial_input_delay (0)
11. checking partial_output_delay (0)
12. checking latch_loops (0)

1. checking no_clock (0)
------------------------
 There are 0 register/latch pins with no clock.


2. checking constant_clock (0)
------------------------------
 There are 0 register/latch pins with constant_clock.


3. checking pulse_width_clock (0)
---------------------------------
 There are 0 register/latch pins which need pulse_width check


4. checking unconstrained_internal_endpoints (0)
------------------------------------------------
 There are 0 pins that are not constrained for maximum delay.

 There are 0 pins that are not constrained for maximum delay due to constant clock.


5. checking no_input_delay (0)
------------------------------
 There are 0 input ports with no input delay specified.

 There are 0 input ports with no input delay but user has a false path constraint.


6. checking no_output_delay (0)
-------------------------------
 There are 0 ports with no output delay specified.

 There are 0 ports with no output delay but user has a false path constraint

 There are 0 ports with no output delay but with a timing clock defined on it or propagating through it


7. checking multiple_clock (0)
------------------------------
 There are 0 register/latch pins with multiple clocks.


8. checking generated_clocks (0)
--------------------------------
 There are 0 generated clocks that are not connected to a clock source.


9. checking loops (0)
---------------------
 There are 0 combinational loops in the design.


10. checking partial_input_delay (0)
------------------------------------
 There are 0 input ports with partial input delay specified.


11. checking partial_output_delay (0)
-------------------------------------
 There are 0 ports with partial output delay specified.


12. checking latch_loops (0)
----------------------------
 There are 0 combinational latch loops in the design through latch input



------------------------------------------------------------------------------------------------
| Design Timing Summary
| ---------------------
------------------------------------------------------------------------------------------------

    WNS(ns)      TNS(ns)  TNS Failing Endpoints  TNS Total Endpoints      WHS(ns)      THS(ns)  THS Failing Endpoints  THS Total Endpoints     WPWS(ns)     TPWS(ns)  TPWS Failing Endpoints  TPWS Total Endpoints  
    -------      -------  ---------------------  -------------------      -------      -------  ---------------------  -------------------     --------     --------  ----------------------  --------------------  
      2.722        0.000                      0                 6693        0.124        0.000                      0                 6693        9.500        0.000                       0                  2010  


All user specified timing constraints are met.


------------------------------------------------------------------------------------------------
| Clock Summary
| -------------
------------------------------------------------------------------------------------------------

Clock  Waveform(ns)       Period(ns)      Frequency(MHz)
-----  ------------       ----------      --------------
clk    {0.000 10.000}     20.000          50.000          


------------------------------------------------------------------------------------------------
| Intra Clock Table
| -----------------
------------------------------------------------------------------------------------------------

Clock             WNS(ns)      TNS(ns)  TNS Failing Endpoints  TNS Total Endpoints      WHS(ns)      THS(ns)  THS Failing Endpoints  THS Total Endpoints     WPWS(ns)     TPWS(ns)  TPWS Failing Endpoints  TPWS Total Endpoints  
-----             -------      -------  ---------------------  -------------------      -------      -------  ---------------------  -------------------     --------     --------  ----------------------  --------------------  
clk                 3.427        0.000                      0                 4691        0.124        0.000                      0                 4691        9.500        0.000                       0                  2010  


------------------------------------------------------------------------------------------------
| Inter Clock Table
| -----------------
------------------------------------------------------------------------------------------------

From Clock    To Clock          WNS(ns)      TNS(ns)  TNS Failing Endpoints  TNS Total Endpoints      WHS(ns)      THS(ns)  THS Failing Endpoints  THS Total Endpoints  
----------    --------          -------      -------  ---------------------  -------------------      -------      -------  ---------------------  -------------------  


------------------------------------------------------------------------------------------------
| Other Path Groups Table
| -----------------------
------------------------------------------------------------------------------------------------

Path Group         From Clock         To Clock               WNS(ns)      TNS(ns)  TNS Failing Endpoints  TNS Total Endpoints      WHS(ns)      THS(ns)  THS Failing Endpoints  THS Total Endpoints  
----------         ----------         --------               -------      -------  ---------------------  -------------------      -------      -------  ---------------------  -------------------  
**async_default**  clk                clk                      2.722        0.000                      0                 2002        6.383        0.000                      0                 2002  


------------------------------------------------------------------------------------------------
| Timing Details
| --------------
------------------------------------------------------------------------------------------------


---------------------------------------------------------------------------------------------------
From Clock:  clk
  To Clock:  clk

Setup :            0  Failing Endpoints,  Worst Slack        3.427ns,  Total Violation        0.000ns
Hold  :            0  Failing Endpoints,  Worst Slack        0.124ns,  Total Violation        0.000ns
PW    :            0  Failing Endpoints,  Worst Slack        9.500ns,  Total Violation        0.000ns
---------------------------------------------------------------------------------------------------


Max Delay Paths
--------------------------------------------------------------------------------------
Slack (MET) :             3.427ns  (required time - arrival time)
  Source:                 q_rnd_exp_reg[0]/C
                            (rising edge-triggered cell FDCE clocked by clk  {rise@0.000ns fall@10.000ns period=20.000ns})
  Destination:            u_round/q_inc_reg/D
                            (rising edge-triggered cell FDCE clocked by clk  {rise@0.000ns fall@10.000ns period=20.000ns})
  Path Group:             clk
  Path Type:              Setup (Max at Slow Process Corner)
  Requirement:            20.000ns  (clk rise@20.000ns - clk rise@0.000ns)
  Data Path Delay:        16.520ns  (logic 5.216ns (31.574%)  route 11.304ns (68.426%))
  Logic Levels:           23  (CARRY4=10 LUT1=1 LUT2=1 LUT3=1 LUT4=2 LUT6=8)
  Clock Path Skew:        -0.049ns (DCD - SCD + CPR)
    Destination Clock Delay (DCD):    0.924ns = ( 20.924 - 20.000 ) 
    Source Clock Delay      (SCD):    0.973ns
    Clock Pessimism Removal (CPR):    0.000ns
  Clock Uncertainty:      0.035ns  ((TSJ^2 + TIJ^2)^1/2 + DJ) / 2 + PE
    Total System Jitter     (TSJ):    0.071ns
    Total Input Jitter      (TIJ):    0.000ns
    Discrete Jitter          (DJ):    0.000ns
    Phase Error              (PE):    0.000ns

    Location             Delay type                Incr(ns)  Path(ns)    Netlist Resource(s)
  -------------------------------------------------------------------    -------------------
                         (clock clk rise edge)        0.000     0.000 r  
                                                      0.000     0.000 r  clk (IN)
                         net (fo=2009, unset)         0.973     0.973    clk
    SLICE_X43Y29         FDCE                                         r  q_rnd_exp_reg[0]/C
  -------------------------------------------------------------------    -------------------
    SLICE_X43Y29         FDCE (Prop_fdce_C_Q)         0.456     1.429 f  q_rnd_exp_reg[0]/Q
                         net (fo=47, routed)          1.114     2.543    u_round/q_tiny_reg_0[0]
    SLICE_X48Y21         LUT1 (Prop_lut1_I0_O)        0.150     2.693 r  u_round/q_mant[52]_i_28/O
                         net (fo=1, routed)           0.475     3.168    u_round/q_mant[52]_i_28_n_0
    SLICE_X45Y21         CARRY4 (Prop_carry4_CYINIT_CO[3])
                                                      0.782     3.950 r  u_round/q_mant_reg[52]_i_18/CO[3]
                         net (fo=1, routed)           0.000     3.950    u_round/q_mant_reg[52]_i_18_n_0
    SLICE_X45Y22         CARRY4 (Prop_carry4_CI_CO[3])
                                                      0.114     4.064 r  u_round/q_mant_reg[52]_i_17/CO[3]
                         net (fo=1, routed)           0.000     4.064    u_round/q_mant_reg[52]_i_17_n_0
    SLICE_X45Y23         CARRY4 (Prop_carry4_CI_O[1])
                                                      0.334     4.398 f  u_round/q_ef_0_reg[0]_i_13/O[1]
                         net (fo=7, routed)           0.940     5.337    u_round/q_ef_0_reg[0]_i_13_n_6
    SLICE_X46Y21         LUT2 (Prop_lut2_I0_O)        0.303     5.640 r  u_round/q_mant[52]_i_44/O
                         net (fo=1, routed)           0.000     5.640    u_round/q_mant[52]_i_44_n_0
    SLICE_X46Y21         CARRY4 (Prop_carry4_S[1]_CO[3])
                                                      0.533     6.173 r  u_round/q_mant_reg[52]_i_33/CO[3]
                         net (fo=1, routed)           0.000     6.173    u_round/q_mant_reg[52]_i_33_n_0
    SLICE_X46Y22         CARRY4 (Prop_carry4_CI_CO[3])
                                                      0.117     6.290 r  u_round/q_mant_reg[52]_i_20/CO[3]
                         net (fo=1, routed)           0.000     6.290    u_round/q_mant_reg[52]_i_20_n_0
    SLICE_X46Y23         CARRY4 (Prop_carry4_CI_CO[3])
                                                      0.117     6.407 r  u_round/q_mant_reg[52]_i_16/CO[3]
                         net (fo=151, routed)         1.830     8.238    u_round/shift_n2
    SLICE_X55Y8          LUT3 (Prop_lut3_I2_O)        0.119     8.357 f  u_round/q_mant[52]_i_10/O
                         net (fo=167, routed)         1.470     9.827    u_round/q_mant[52]_i_10_n_0
    SLICE_X47Y20         LUT4 (Prop_lut4_I3_O)        0.332    10.159 r  u_round/q_mant[51]_i_39/O
                         net (fo=1, routed)           0.000    10.159    u_round/q_mant[51]_i_39_n_0
    SLICE_X47Y20         CARRY4 (Prop_carry4_S[3]_CO[3])
                                                      0.401    10.560 r  u_round/q_mant_reg[51]_i_26/CO[3]
                         net (fo=1, routed)           0.000    10.560    u_round/q_mant_reg[51]_i_26_n_0
    SLICE_X47Y21         CARRY4 (Prop_carry4_CI_CO[3])
                                                      0.114    10.674 r  u_round/q_mant_reg[51]_i_17/CO[3]
                         net (fo=1, routed)           0.000    10.674    u_round/q_mant_reg[51]_i_17_n_0
    SLICE_X47Y22         CARRY4 (Prop_carry4_CI_CO[3])
                                                      0.114    10.788 r  u_round/q_mant_reg[51]_i_7/CO[3]
                         net (fo=1, routed)           0.000    10.788    u_round/q_mant_reg[51]_i_7_n_0
    SLICE_X47Y23         CARRY4 (Prop_carry4_CI_CO[3])
                                                      0.114    10.902 r  u_round/q_mant_reg[51]_i_3/CO[3]
                         net (fo=5, routed)           1.204    12.105    u_round/q_mant_reg[51]_i_3_n_0
    SLICE_X49Y8          LUT6 (Prop_lut6_I1_O)        0.124    12.229 r  u_round/q_inc_i_512/O
                         net (fo=1, routed)           0.433    12.663    u_round/q_inc_i_512_n_0
    SLICE_X49Y8          LUT4 (Prop_lut4_I3_O)        0.124    12.787 r  u_round/q_inc_i_497/O
                         net (fo=1, routed)           0.403    13.190    u_round/q_inc_i_497_n_0
    SLICE_X49Y8          LUT6 (Prop_lut6_I0_O)        0.124    13.314 r  u_round/q_inc_i_453/O
                         net (fo=1, routed)           0.599    13.913    u_round/q_inc_i_453_n_0
    SLICE_X50Y4          LUT6 (Prop_lut6_I0_O)        0.124    14.037 r  u_round/q_inc_i_292/O
                         net (fo=1, routed)           0.330    14.367    u_round/q_inc_i_292_n_0
    SLICE_X48Y5          LUT6 (Prop_lut6_I0_O)        0.124    14.491 r  u_round/q_inc_i_135/O
                         net (fo=1, routed)           0.448    14.939    u_round/q_inc_i_135_n_0
    SLICE_X51Y3          LUT6 (Prop_lut6_I5_O)        0.124    15.063 r  u_round/q_inc_i_42/O
                         net (fo=1, routed)           0.790    15.853    u_round/q_inc_i_42_n_0
    SLICE_X52Y11         LUT6 (Prop_lut6_I4_O)        0.124    15.977 r  u_round/q_inc_i_12/O
                         net (fo=1, routed)           0.279    16.256    u_round/q_inc_i_12_n_0
    SLICE_X52Y11         LUT6 (Prop_lut6_I5_O)        0.124    16.380 r  u_round/q_inc_i_6/O
                         net (fo=3, routed)           0.989    17.369    u_round/q_inc_i_6_n_0
    SLICE_X49Y24         LUT6 (Prop_lut6_I3_O)        0.124    17.493 r  u_round/q_inc_i_2/O
                         net (fo=1, routed)           0.000    17.493    u_round/inc
    SLICE_X49Y24         FDCE                                         r  u_round/q_inc_reg/D
  -------------------------------------------------------------------    -------------------

                         (clock clk rise edge)       20.000    20.000 r  
                                                      0.000    20.000 r  clk (IN)
                         net (fo=2009, unset)         0.924    20.924    u_round/clk
    SLICE_X49Y24         FDCE                                         r  u_round/q_inc_reg/C
                         clock pessimism              0.000    20.924    
                         clock uncertainty           -0.035    20.889    
    SLICE_X49Y24         FDCE (Setup_fdce_C_D)        0.031    20.920    u_round/q_inc_reg
  -------------------------------------------------------------------
                         required time                         20.920    
                         arrival time                         -17.493    
  -------------------------------------------------------------------
                         slack                                  3.427    





Min Delay Paths
--------------------------------------------------------------------------------------
Slack (MET) :             0.124ns  (arrival time - required time)
  Source:                 sq_rad_reg[86]/C
                            (rising edge-triggered cell FDCE clocked by clk  {rise@0.000ns fall@10.000ns period=20.000ns})
  Destination:            sq_rad_reg[88]/D
                            (rising edge-triggered cell FDCE clocked by clk  {rise@0.000ns fall@10.000ns period=20.000ns})
  Path Group:             clk
  Path Type:              Hold (Min at Fast Process Corner)
  Requirement:            0.000ns  (clk rise@0.000ns - clk rise@0.000ns)
  Data Path Delay:        0.266ns  (logic 0.186ns (69.897%)  route 0.080ns (30.103%))
  Logic Levels:           1  (LUT6=1)
  Clock Path Skew:        0.022ns (DCD - SCD - CPR)
    Destination Clock Delay (DCD):    0.432ns
    Source Clock Delay      (SCD):    0.410ns
    Clock Pessimism Removal (CPR):    -0.000ns

    Location             Delay type                Incr(ns)  Path(ns)    Netlist Resource(s)
  -------------------------------------------------------------------    -------------------
                         (clock clk rise edge)        0.000     0.000 r  
                                                      0.000     0.000 r  clk (IN)
                         net (fo=2009, unset)         0.410     0.410    clk
    SLICE_X43Y46         FDCE                                         r  sq_rad_reg[86]/C
  -------------------------------------------------------------------    -------------------
    SLICE_X43Y46         FDCE (Prop_fdce_C_Q)         0.141     0.551 r  sq_rad_reg[86]/Q
                         net (fo=1, routed)           0.080     0.631    sq_rad_reg_n_0_[86]
    SLICE_X42Y46         LUT6 (Prop_lut6_I0_O)        0.045     0.676 r  sq_rad[88]_i_1/O
                         net (fo=1, routed)           0.000     0.676    sq_rad[88]
    SLICE_X42Y46         FDCE                                         r  sq_rad_reg[88]/D
  -------------------------------------------------------------------    -------------------

                         (clock clk rise edge)        0.000     0.000 r  
                                                      0.000     0.000 r  clk (IN)
                         net (fo=2009, unset)         0.432     0.432    clk
    SLICE_X42Y46         FDCE                                         r  sq_rad_reg[88]/C
                         clock pessimism              0.000     0.432    
    SLICE_X42Y46         FDCE (Hold_fdce_C_D)         0.121     0.553    sq_rad_reg[88]
  -------------------------------------------------------------------
                         required time                         -0.553    
                         arrival time                           0.676    
  -------------------------------------------------------------------
                         slack                                  0.124    





Pulse Width Checks
--------------------------------------------------------------------------------------
Clock Name:         clk
Waveform(ns):       { 0.000 10.000 }
Period(ns):         20.000
Sources:            { clk }

Check Type        Corner  Lib Pin      Reference Pin  Required(ns)  Actual(ns)  Slack(ns)  Location      Pin
Min Period        n/a     DSP48E1/CLK  n/a            2.154         20.000      17.846     DSP48_X0Y12   pp_hh0__0/CLK
Low Pulse Width   Slow    FDCE/C       n/a            0.500         10.000      9.500      SLICE_X47Y40  FSM_sequential_state_reg[0]/C
High Pulse Width  Slow    FDCE/C       n/a            0.500         10.000      9.500      SLICE_X47Y40  FSM_sequential_state_reg[0]/C



---------------------------------------------------------------------------------------------------
Path Group:  **async_default**
From Clock:  clk
  To Clock:  clk

Setup :            0  Failing Endpoints,  Worst Slack        2.722ns,  Total Violation        0.000ns
Hold  :            0  Failing Endpoints,  Worst Slack        6.383ns,  Total Violation        0.000ns
---------------------------------------------------------------------------------------------------


Max Delay Paths
--------------------------------------------------------------------------------------
Slack (MET) :             2.722ns  (required time - arrival time)
  Source:                 rst_n
                            (input port clocked by clk  {rise@0.000ns fall@10.000ns period=20.000ns})
  Destination:            dv_exp_reg[10]/CLR
                            (recovery check against rising-edge clock clk  {rise@0.000ns fall@10.000ns period=20.000ns})
  Path Group:             **async_default**
  Path Type:              Recovery (Max at Slow Process Corner)
  Requirement:            20.000ns  (clk rise@20.000ns - clk rise@0.000ns)
  Data Path Delay:        11.762ns  (logic 0.124ns (1.054%)  route 11.638ns (98.946%))
  Logic Levels:           1  (LUT1=1)
  Input Delay:            6.000ns
  Clock Path Skew:        0.924ns (DCD - SCD + CPR)
    Destination Clock Delay (DCD):    0.924ns = ( 20.924 - 20.000 ) 
    Source Clock Delay      (SCD):    0.000ns
    Clock Pessimism Removal (CPR):    0.000ns
  Clock Uncertainty:      0.035ns  ((TSJ^2 + TIJ^2)^1/2 + DJ) / 2 + PE
    Total System Jitter     (TSJ):    0.071ns
    Total Input Jitter      (TIJ):    0.000ns
    Discrete Jitter          (DJ):    0.000ns
    Phase Error              (PE):    0.000ns

    Location             Delay type                Incr(ns)  Path(ns)    Netlist Resource(s)
  -------------------------------------------------------------------    -------------------
                         (clock clk rise edge)        0.000     0.000 r  
                         input delay                  6.000     6.000    
                                                      0.000     6.000 r  rst_n (IN)
                         net (fo=0)                   0.973     6.973    u_round/rst_n
    SLICE_X54Y53         LUT1 (Prop_lut1_I0_O)        0.124     7.097 f  u_round/result[63]_i_3/O
                         net (fo=2002, routed)       10.665    17.762    u_round_n_67
    SLICE_X44Y38         FDCE                                         f  dv_exp_reg[10]/CLR
  -------------------------------------------------------------------    -------------------

                         (clock clk rise edge)       20.000    20.000 r  
                                                      0.000    20.000 r  clk (IN)
                         net (fo=2009, unset)         0.924    20.924    clk
    SLICE_X44Y38         FDCE                                         r  dv_exp_reg[10]/C
                         clock pessimism              0.000    20.924    
                         clock uncertainty           -0.035    20.889    
    SLICE_X44Y38         FDCE (Recov_fdce_C_CLR)     -0.405    20.484    dv_exp_reg[10]
  -------------------------------------------------------------------
                         required time                         20.484    
                         arrival time                         -17.762    
  -------------------------------------------------------------------
                         slack                                  2.722    





Min Delay Paths
--------------------------------------------------------------------------------------
Slack (MET) :             6.383ns  (arrival time - required time)
  Source:                 rst_n
                            (input port clocked by clk  {rise@0.000ns fall@10.000ns period=20.000ns})
  Destination:            u_a_reg[20]/CLR
                            (removal check against rising-edge clock clk  {rise@0.000ns fall@10.000ns period=20.000ns})
  Path Group:             **async_default**
  Path Type:              Removal (Min at Fast Process Corner)
  Requirement:            0.000ns  (clk rise@0.000ns - clk rise@0.000ns)
  Data Path Delay:        0.783ns  (logic 0.045ns (5.749%)  route 0.738ns (94.251%))
  Logic Levels:           1  (LUT1=1)
  Input Delay:            6.000ns
  Clock Path Skew:        0.432ns (DCD - SCD - CPR)
    Destination Clock Delay (DCD):    0.432ns
    Source Clock Delay      (SCD):    0.000ns
    Clock Pessimism Removal (CPR):    -0.000ns
  Clock Uncertainty:      0.035ns  ((TSJ^2 + TIJ^2)^1/2 + DJ) / 2 + PE
    Total System Jitter     (TSJ):    0.071ns
    Total Input Jitter      (TIJ):    0.000ns
    Discrete Jitter          (DJ):    0.000ns
    Phase Error              (PE):    0.000ns

    Location             Delay type                Incr(ns)  Path(ns)    Netlist Resource(s)
  -------------------------------------------------------------------    -------------------
                         (clock clk rise edge)        0.000     0.000 r  
                         input delay                  6.000     6.000    
                                                      0.000     6.000 r  rst_n (IN)
                         net (fo=0)                   0.410     6.410    u_round/rst_n
    SLICE_X54Y53         LUT1 (Prop_lut1_I0_O)        0.045     6.455 f  u_round/result[63]_i_3/O
                         net (fo=2002, routed)        0.328     6.783    u_round_n_67
    SLICE_X54Y49         FDCE                                         f  u_a_reg[20]/CLR
  -------------------------------------------------------------------    -------------------

                         (clock clk rise edge)        0.000     0.000 r  
                                                      0.000     0.000 r  clk (IN)
                         net (fo=2009, unset)         0.432     0.432    clk
    SLICE_X54Y49         FDCE                                         r  u_a_reg[20]/C
                         clock pessimism              0.000     0.432    
                         clock uncertainty            0.035     0.467    
    SLICE_X54Y49         FDCE (Remov_fdce_C_CLR)     -0.067     0.400    u_a_reg[20]
  -------------------------------------------------------------------
                         required time                         -0.400    
                         arrival time                           6.783    
  -------------------------------------------------------------------
                         slack                                  6.383    





