Copyright 1986-2022 Xilinx, Inc. All Rights Reserved. Copyright 2022-2025 Advanced Micro Devices, Inc. All Rights Reserved.
------------------------------------------------------------------------------------------------------------------------------------------------------------
| Tool Version : Vivado v.2025.1 (win64) Build 6140274 Thu May 22 00:12:29 MDT 2025
| Date         : Fri Oct  9 18:50:49 2026
| Host         : ARM-Windows running 64-bit major release  (build 9200)
| Command      : report_timing -max_paths 10 -nworst 1 -path_type full -from [all_registers] -to [all_registers] -file ./output/CORE_FPU/timing_reg2reg.rpt
| Design       : CORE_FPU
| Device       : 7a100t-csg324
| Speed File   : -1  PRODUCTION 1.23 2018-06-13
| Design State : Routed
------------------------------------------------------------------------------------------------------------------------------------------------------------

Timing Report

Slack (MET) :             3.427ns  (required time - arrival time)
  Source:                 q_rnd_exp_reg[0]/C
                            (rising edge-triggered cell FDCE clocked by clk  {rise@0.000ns fall@10.000ns period=20.000ns})
  Destination:            u_round/q_inc_reg/D
                            (rising edge-triggered cell FDCE clocked by clk  {rise@0.000ns fall@10.000ns period=20.000ns})
  Path Group:             clk
  Path Type:              Setup (Max at Slow Process Corner)
  Requirement:            20.000ns  (clk rise@20.000ns - clk rise@0.000ns)
  Data Path Delay:        16.520ns  (logic 5.216ns (31.574%)  route 11.304ns (68.426%))
  Logic Levels:           23  (CARRY4=10 LUT1=1 LUT2=1 LUT3=1 LUT4=2 LUT6=8)
  Clock Path Skew:        -0.049ns (DCD - SCD + CPR)
    Destination Clock Delay (DCD):    0.924ns = ( 20.924 - 20.000 ) 
    Source Clock Delay      (SCD):    0.973ns
    Clock Pessimism Removal (CPR):    0.000ns
  Clock Uncertainty:      0.035ns  ((TSJ^2 + TIJ^2)^1/2 + DJ) / 2 + PE
    Total System Jitter     (TSJ):    0.071ns
    Total Input Jitter      (TIJ):    0.000ns
    Discrete Jitter          (DJ):    0.000ns
    Phase Error              (PE):    0.000ns

    Location             Delay type                Incr(ns)  Path(ns)    Netlist Resource(s)
  -------------------------------------------------------------------    -------------------
                         (clock clk rise edge)        0.000     0.000 r  
                         propagated clock network latency
                                                      0.973     0.973    
    SLICE_X43Y29         FDCE                         0.000     0.973 r  q_rnd_exp_reg[0]/C
    SLICE_X43Y29         FDCE (Prop_fdce_C_Q)         0.456     1.429 f  q_rnd_exp_reg[0]/Q
                         net (fo=47, routed)          1.114     2.543    u_round/q_tiny_reg_0[0]
    SLICE_X48Y21         LUT1 (Prop_lut1_I0_O)        0.150     2.693 r  u_round/q_mant[52]_i_28/O
                         net (fo=1, routed)           0.475     3.168    u_round/q_mant[52]_i_28_n_0
    SLICE_X45Y21         CARRY4 (Prop_carry4_CYINIT_CO[3])
                                                      0.782     3.950 r  u_round/q_mant_reg[52]_i_18/CO[3]
                         net (fo=1, routed)           0.000     3.950    u_round/q_mant_reg[52]_i_18_n_0
    SLICE_X45Y22         CARRY4 (Prop_carry4_CI_CO[3])
                                                      0.114     4.064 r  u_round/q_mant_reg[52]_i_17/CO[3]
                         net (fo=1, routed)           0.000     4.064    u_round/q_mant_reg[52]_i_17_n_0
    SLICE_X45Y23         CARRY4 (Prop_carry4_CI_O[1])
                                                      0.334     4.398 f  u_round/q_ef_0_reg[0]_i_13/O[1]
                         net (fo=7, routed)           0.940     5.337    u_round/q_ef_0_reg[0]_i_13_n_6
    SLICE_X46Y21         LUT2 (Prop_lut2_I0_O)        0.303     5.640 r  u_round/q_mant[52]_i_44/O
                         net (fo=1, routed)           0.000     5.640    u_round/q_mant[52]_i_44_n_0
    SLICE_X46Y21         CARRY4 (Prop_carry4_S[1]_CO[3])
                                                      0.533     6.173 r  u_round/q_mant_reg[52]_i_33/CO[3]
                         net (fo=1, routed)           0.000     6.173    u_round/q_mant_reg[52]_i_33_n_0
    SLICE_X46Y22         CARRY4 (Prop_carry4_CI_CO[3])
                                                      0.117     6.290 r  u_round/q_mant_reg[52]_i_20/CO[3]
                         net (fo=1, routed)           0.000     6.290    u_round/q_mant_reg[52]_i_20_n_0
    SLICE_X46Y23         CARRY4 (Prop_carry4_CI_CO[3])
                                                      0.117     6.407 r  u_round/q_mant_reg[52]_i_16/CO[3]
                         net (fo=151, routed)         1.830     8.238    u_round/shift_n2
    SLICE_X55Y8          LUT3 (Prop_lut3_I2_O)        0.119     8.357 f  u_round/q_mant[52]_i_10/O
                         net (fo=167, routed)         1.470     9.827    u_round/q_mant[52]_i_10_n_0
    SLICE_X47Y20         LUT4 (Prop_lut4_I3_O)        0.332    10.159 r  u_round/q_mant[51]_i_39/O
                         net (fo=1, routed)           0.000    10.159    u_round/q_mant[51]_i_39_n_0
    SLICE_X47Y20         CARRY4 (Prop_carry4_S[3]_CO[3])
                                                      0.401    10.560 r  u_round/q_mant_reg[51]_i_26/CO[3]
                         net (fo=1, routed)           0.000    10.560    u_round/q_mant_reg[51]_i_26_n_0
    SLICE_X47Y21         CARRY4 (Prop_carry4_CI_CO[3])
                                                      0.114    10.674 r  u_round/q_mant_reg[51]_i_17/CO[3]
                         net (fo=1, routed)           0.000    10.674    u_round/q_mant_reg[51]_i_17_n_0
    SLICE_X47Y22         CARRY4 (Prop_carry4_CI_CO[3])
                                                      0.114    10.788 r  u_round/q_mant_reg[51]_i_7/CO[3]
                         net (fo=1, routed)           0.000    10.788    u_round/q_mant_reg[51]_i_7_n_0
    SLICE_X47Y23         CARRY4 (Prop_carry4_CI_CO[3])
                                                      0.114    10.902 r  u_round/q_mant_reg[51]_i_3/CO[3]
                         net (fo=5, routed)           1.204    12.105    u_round/q_mant_reg[51]_i_3_n_0
    SLICE_X49Y8          LUT6 (Prop_lut6_I1_O)        0.124    12.229 r  u_round/q_inc_i_512/O
                         net (fo=1, routed)           0.433    12.663    u_round/q_inc_i_512_n_0
    SLICE_X49Y8          LUT4 (Prop_lut4_I3_O)        0.124    12.787 r  u_round/q_inc_i_497/O
                         net (fo=1, routed)           0.403    13.190    u_round/q_inc_i_497_n_0
    SLICE_X49Y8          LUT6 (Prop_lut6_I0_O)        0.124    13.314 r  u_round/q_inc_i_453/O
                         net (fo=1, routed)           0.599    13.913    u_round/q_inc_i_453_n_0
    SLICE_X50Y4          LUT6 (Prop_lut6_I0_O)        0.124    14.037 r  u_round/q_inc_i_292/O
                         net (fo=1, routed)           0.330    14.367    u_round/q_inc_i_292_n_0
    SLICE_X48Y5          LUT6 (Prop_lut6_I0_O)        0.124    14.491 r  u_round/q_inc_i_135/O
                         net (fo=1, routed)           0.448    14.939    u_round/q_inc_i_135_n_0
    SLICE_X51Y3          LUT6 (Prop_lut6_I5_O)        0.124    15.063 r  u_round/q_inc_i_42/O
                         net (fo=1, routed)           0.790    15.853    u_round/q_inc_i_42_n_0
    SLICE_X52Y11         LUT6 (Prop_lut6_I4_O)        0.124    15.977 r  u_round/q_inc_i_12/O
                         net (fo=1, routed)           0.279    16.256    u_round/q_inc_i_12_n_0
    SLICE_X52Y11         LUT6 (Prop_lut6_I5_O)        0.124    16.380 r  u_round/q_inc_i_6/O
                         net (fo=3, routed)           0.989    17.369    u_round/q_inc_i_6_n_0
    SLICE_X49Y24         LUT6 (Prop_lut6_I3_O)        0.124    17.493 r  u_round/q_inc_i_2/O
                         net (fo=1, routed)           0.000    17.493    u_round/inc
    SLICE_X49Y24         FDCE                                         r  u_round/q_inc_reg/D
  -------------------------------------------------------------------    -------------------

                         (clock clk rise edge)       20.000    20.000 r  
                         propagated clock network latency
                                                      0.924    20.924    
                         clock pessimism              0.000    20.924    
                         clock uncertainty           -0.035    20.889    
    SLICE_X49Y24         FDCE (Setup_fdce_C_D)        0.031    20.920    u_round/q_inc_reg
  -------------------------------------------------------------------
                         required time                         20.920    
                         arrival time                         -17.493    
  -------------------------------------------------------------------
                         slack                                  3.427    

Slack (MET) :             3.429ns  (required time - arrival time)
  Source:                 q_rnd_exp_reg[0]/C
                            (rising edge-triggered cell FDCE clocked by clk  {rise@0.000ns fall@10.000ns period=20.000ns})
  Destination:            u_round/q_carry_reg/D
                            (rising edge-triggered cell FDCE clocked by clk  {rise@0.000ns fall@10.000ns period=20.000ns})
  Path Group:             clk
  Path Type:              Setup (Max at Slow Process Corner)
  Requirement:            20.000ns  (clk rise@20.000ns - clk rise@0.000ns)
  Data Path Delay:        16.516ns  (logic 5.216ns (31.582%)  route 11.300ns (68.418%))
  Logic Levels:           23  (CARRY4=10 LUT1=1 LUT2=1 LUT3=1 LUT4=2 LUT6=8)
  Clock Path Skew:        -0.049ns (DCD - SCD + CPR)
    Destination Clock Delay (DCD):    0.924ns = ( 20.924 - 20.000 ) 
    Source Clock Delay      (SCD):    0.973ns
    Clock Pessimism Removal (CPR):    0.000ns
  Clock Uncertainty:      0.035ns  ((TSJ^2 + TIJ^2)^1/2 + DJ) / 2 + PE
    Total System Jitter     (TSJ):    0.071ns
    Total Input Jitter      (TIJ):    0.000ns
    Discrete Jitter          (DJ):    0.000ns
    Phase Error              (PE):    0.000ns

    Location             Delay type                Incr(ns)  Path(ns)    Netlist Resource(s)
  -------------------------------------------------------------------    -------------------
                         (clock clk rise edge)        0.000     0.000 r  
                         propagated clock network latency
                                                      0.973     0.973    
    SLICE_X43Y29         FDCE                         0.000     0.973 r  q_rnd_exp_reg[0]/C
    SLICE_X43Y29         FDCE (Prop_fdce_C_Q)         0.456     1.429 f  q_rnd_exp_reg[0]/Q
                         net (fo=47, routed)          1.114     2.543    u_round/q_tiny_reg_0[0]
    SLICE_X48Y21         LUT1 (Prop_lut1_I0_O)        0.150     2.693 r  u_round/q_mant[52]_i_28/O
                         net (fo=1, routed)           0.475     3.168    u_round/q_mant[52]_i_28_n_0
    SLICE_X45Y21         CARRY4 (Prop_carry4_CYINIT_CO[3])
                                                      0.782     3.950 r  u_round/q_mant_reg[52]_i_18/CO[3]
                         net (fo=1, routed)           0.000     3.950    u_round/q_mant_reg[52]_i_18_n_0
    SLICE_X45Y22         CARRY4 (Prop_carry4_CI_CO[3])
                                                      0.114     4.064 r  u_round/q_mant_reg[52]_i_17/CO[3]
                         net (fo=1, routed)           0.000     4.064    u_round/q_mant_reg[52]_i_17_n_0
    SLICE_X45Y23         CARRY4 (Prop_carry4_CI_O[1])
                                                      0.334     4.398 f  u_round/q_ef_0_reg[0]_i_13/O[1]
                         net (fo=7, routed)           0.940     5.337    u_round/q_ef_0_reg[0]_i_13_n_6
    SLICE_X46Y21         LUT2 (Prop_lut2_I0_O)        0.303     5.640 r  u_round/q_mant[52]_i_44/O
                         net (fo=1, routed)           0.000     5.640    u_round/q_mant[52]_i_44_n_0
    SLICE_X46Y21         CARRY4 (Prop_carry4_S[1]_CO[3])
                                                      0.533     6.173 r  u_round/q_mant_reg[52]_i_33/CO[3]
                         net (fo=1, routed)           0.000     6.173    u_round/q_mant_reg[52]_i_33_n_0
    SLICE_X46Y22         CARRY4 (Prop_carry4_CI_CO[3])
                                                      0.117     6.290 r  u_round/q_mant_reg[52]_i_20/CO[3]
                         net (fo=1, routed)           0.000     6.290    u_round/q_mant_reg[52]_i_20_n_0
    SLICE_X46Y23         CARRY4 (Prop_carry4_CI_CO[3])
                                                      0.117     6.407 r  u_round/q_mant_reg[52]_i_16/CO[3]
                         net (fo=151, routed)         1.830     8.238    u_round/shift_n2
    SLICE_X55Y8          LUT3 (Prop_lut3_I2_O)        0.119     8.357 f  u_round/q_mant[52]_i_10/O
                         net (fo=167, routed)         1.470     9.827    u_round/q_mant[52]_i_10_n_0
    SLICE_X47Y20         LUT4 (Prop_lut4_I3_O)        0.332    10.159 r  u_round/q_mant[51]_i_39/O
                         net (fo=1, routed)           0.000    10.159    u_round/q_mant[51]_i_39_n_0
    SLICE_X47Y20         CARRY4 (Prop_carry4_S[3]_CO[3])
                                                      0.401    10.560 r  u_round/q_mant_reg[51]_i_26/CO[3]
                         net (fo=1, routed)           0.000    10.560    u_round/q_mant_reg[51]_i_26_n_0
    SLICE_X47Y21         CARRY4 (Prop_carry4_CI_CO[3])
                                                      0.114    10.674 r  u_round/q_mant_reg[51]_i_17/CO[3]
                         net (fo=1, routed)           0.000    10.674    u_round/q_mant_reg[51]_i_17_n_0
    SLICE_X47Y22         CARRY4 (Prop_carry4_CI_CO[3])
                                                      0.114    10.788 r  u_round/q_mant_reg[51]_i_7/CO[3]
                         net (fo=1, routed)           0.000    10.788    u_round/q_mant_reg[51]_i_7_n_0
    SLICE_X47Y23         CARRY4 (Prop_carry4_CI_CO[3])
                                                      0.114    10.902 r  u_round/q_mant_reg[51]_i_3/CO[3]
                         net (fo=5, routed)           1.204    12.105    u_round/q_mant_reg[51]_i_3_n_0
    SLICE_X49Y8          LUT6 (Prop_lut6_I1_O)        0.124    12.229 r  u_round/q_inc_i_512/O
                         net (fo=1, routed)           0.433    12.663    u_round/q_inc_i_512_n_0
    SLICE_X49Y8          LUT4 (Prop_lut4_I3_O)        0.124    12.787 r  u_round/q_inc_i_497/O
                         net (fo=1, routed)           0.403    13.190    u_round/q_inc_i_497_n_0
    SLICE_X49Y8          LUT6 (Prop_lut6_I0_O)        0.124    13.314 r  u_round/q_inc_i_453/O
                         net (fo=1, routed)           0.599    13.913    u_round/q_inc_i_453_n_0
    SLICE_X50Y4          LUT6 (Prop_lut6_I0_O)        0.124    14.037 r  u_round/q_inc_i_292/O
                         net (fo=1, routed)           0.330    14.367    u_round/q_inc_i_292_n_0
    SLICE_X48Y5          LUT6 (Prop_lut6_I0_O)        0.124    14.491 r  u_round/q_inc_i_135/O
                         net (fo=1, routed)           0.448    14.939    u_round/q_inc_i_135_n_0
    SLICE_X51Y3          LUT6 (Prop_lut6_I5_O)        0.124    15.063 r  u_round/q_inc_i_42/O
                         net (fo=1, routed)           0.790    15.853    u_round/q_inc_i_42_n_0
    SLICE_X52Y11         LUT6 (Prop_lut6_I4_O)        0.124    15.977 r  u_round/q_inc_i_12/O
                         net (fo=1, routed)           0.279    16.256    u_round/q_inc_i_12_n_0
    SLICE_X52Y11         LUT6 (Prop_lut6_I5_O)        0.124    16.380 r  u_round/q_inc_i_6/O
                         net (fo=3, routed)           0.985    17.365    u_round/q_inc_i_6_n_0
    SLICE_X49Y24         LUT6 (Prop_lut6_I1_O)        0.124    17.489 r  u_round/q_carry_i_1/O
                         net (fo=1, routed)           0.000    17.489    u_round/carry
    SLICE_X49Y24         FDCE                                         r  u_round/q_carry_reg/D
  -------------------------------------------------------------------    -------------------

                         (clock clk rise edge)       20.000    20.000 r  
                         propagated clock network latency
                                                      0.924    20.924    
                         clock pessimism              0.000    20.924    
                         clock uncertainty           -0.035    20.889    
    SLICE_X49Y24         FDCE (Setup_fdce_C_D)        0.029    20.918    u_round/q_carry_reg
  -------------------------------------------------------------------
                         required time                         20.918    
                         arrival time                         -17.489    
  -------------------------------------------------------------------
                         slack                                  3.429    

Slack (MET) :             3.605ns  (required time - arrival time)
  Source:                 q_rnd_exp_reg[0]/C
                            (rising edge-triggered cell FDCE clocked by clk  {rise@0.000ns fall@10.000ns period=20.000ns})
  Destination:            u_round/q_inexact_reg/D
                            (rising edge-triggered cell FDCE clocked by clk  {rise@0.000ns fall@10.000ns period=20.000ns})
  Path Group:             clk
  Path Type:              Setup (Max at Slow Process Corner)
  Requirement:            20.000ns  (clk rise@20.000ns - clk rise@0.000ns)
  Data Path Delay:        16.388ns  (logic 5.216ns (31.828%)  route 11.172ns (68.172%))
  Logic Levels:           23  (CARRY4=10 LUT1=1 LUT2=2 LUT3=1 LUT4=2 LUT6=7)
  Clock Path Skew:        -0.049ns (DCD - SCD + CPR)
    Destination Clock Delay (DCD):    0.924ns = ( 20.924 - 20.000 ) 
    Source Clock Delay      (SCD):    0.973ns
    Clock Pessimism Removal (CPR):    0.000ns
  Clock Uncertainty:      0.035ns  ((TSJ^2 + TIJ^2)^1/2 + DJ) / 2 + PE
    Total System Jitter     (TSJ):    0.071ns
    Total Input Jitter      (TIJ):    0.000ns
    Discrete Jitter          (DJ):    0.000ns
    Phase Error              (PE):    0.000ns

    Location             Delay type                Incr(ns)  Path(ns)    Netlist Resource(s)
  -------------------------------------------------------------------    -------------------
                         (clock clk rise edge)        0.000     0.000 r  
                         propagated clock network latency
                                                      0.973     0.973    
    SLICE_X43Y29         FDCE                         0.000     0.973 r  q_rnd_exp_reg[0]/C
    SLICE_X43Y29         FDCE (Prop_fdce_C_Q)         0.456     1.429 f  q_rnd_exp_reg[0]/Q
                         net (fo=47, routed)          1.114     2.543    u_round/q_tiny_reg_0[0]
    SLICE_X48Y21         LUT1 (Prop_lut1_I0_O)        0.150     2.693 r  u_round/q_mant[52]_i_28/O
                         net (fo=1, routed)           0.475     3.168    u_round/q_mant[52]_i_28_n_0
    SLICE_X45Y21         CARRY4 (Prop_carry4_CYINIT_CO[3])
                                                      0.782     3.950 r  u_round/q_mant_reg[52]_i_18/CO[3]
                         net (fo=1, routed)           0.000     3.950    u_round/q_mant_reg[52]_i_18_n_0
    SLICE_X45Y22         CARRY4 (Prop_carry4_CI_CO[3])
                                                      0.114     4.064 r  u_round/q_mant_reg[52]_i_17/CO[3]
                         net (fo=1, routed)           0.000     4.064    u_round/q_mant_reg[52]_i_17_n_0
    SLICE_X45Y23         CARRY4 (Prop_carry4_CI_O[1])
                                                      0.334     4.398 f  u_round/q_ef_0_reg[0]_i_13/O[1]
                         net (fo=7, routed)           0.940     5.337    u_round/q_ef_0_reg[0]_i_13_n_6
    SLICE_X46Y21         LUT2 (Prop_lut2_I0_O)        0.303     5.640 r  u_round/q_mant[52]_i_44/O
                         net (fo=1, routed)           0.000     5.640    u_round/q_mant[52]_i_44_n_0
    SLICE_X46Y21         CARRY4 (Prop_carry4_S[1]_CO[3])
                                                      0.533     6.173 r  u_round/q_mant_reg[52]_i_33/CO[3]
                         net (fo=1, routed)           0.000     6.173    u_round/q_mant_reg[52]_i_33_n_0
    SLICE_X46Y22         CARRY4 (Prop_carry4_CI_CO[3])
                                                      0.117     6.290 r  u_round/q_mant_reg[52]_i_20/CO[3]
                         net (fo=1, routed)           0.000     6.290    u_round/q_mant_reg[52]_i_20_n_0
    SLICE_X46Y23         CARRY4 (Prop_carry4_CI_CO[3])
                                                      0.117     6.407 r  u_round/q_mant_reg[52]_i_16/CO[3]
                         net (fo=151, routed)         1.830     8.238    u_round/shift_n2
    SLICE_X55Y8          LUT3 (Prop_lut3_I2_O)        0.119     8.357 f  u_round/q_mant[52]_i_10/O
                         net (fo=167, routed)         1.470     9.827    u_round/q_mant[52]_i_10_n_0
    SLICE_X47Y20         LUT4 (Prop_lut4_I3_O)        0.332    10.159 r  u_round/q_mant[51]_i_39/O
                         net (fo=1, routed)           0.000    10.159    u_round/q_mant[51]_i_39_n_0
    SLICE_X47Y20         CARRY4 (Prop_carry4_S[3]_CO[3])
                                                      0.401    10.560 r  u_round/q_mant_reg[51]_i_26/CO[3]
                         net (fo=1, routed)           0.000    10.560    u_round/q_mant_reg[51]_i_26_n_0
    SLICE_X47Y21         CARRY4 (Prop_carry4_CI_CO[3])
                                                      0.114    10.674 r  u_round/q_mant_reg[51]_i_17/CO[3]
                         net (fo=1, routed)           0.000    10.674    u_round/q_mant_reg[51]_i_17_n_0
    SLICE_X47Y22         CARRY4 (Prop_carry4_CI_CO[3])
                                                      0.114    10.788 r  u_round/q_mant_reg[51]_i_7/CO[3]
                         net (fo=1, routed)           0.000    10.788    u_round/q_mant_reg[51]_i_7_n_0
    SLICE_X47Y23         CARRY4 (Prop_carry4_CI_CO[3])
                                                      0.114    10.902 r  u_round/q_mant_reg[51]_i_3/CO[3]
                         net (fo=5, routed)           1.204    12.105    u_round/q_mant_reg[51]_i_3_n_0
    SLICE_X49Y8          LUT6 (Prop_lut6_I1_O)        0.124    12.229 r  u_round/q_inc_i_512/O
                         net (fo=1, routed)           0.433    12.663    u_round/q_inc_i_512_n_0
    SLICE_X49Y8          LUT4 (Prop_lut4_I3_O)        0.124    12.787 r  u_round/q_inc_i_497/O
                         net (fo=1, routed)           0.403    13.190    u_round/q_inc_i_497_n_0
    SLICE_X49Y8          LUT6 (Prop_lut6_I0_O)        0.124    13.314 r  u_round/q_inc_i_453/O
                         net (fo=1, routed)           0.599    13.913    u_round/q_inc_i_453_n_0
    SLICE_X50Y4          LUT6 (Prop_lut6_I0_O)        0.124    14.037 r  u_round/q_inc_i_292/O
                         net (fo=1, routed)           0.330    14.367    u_round/q_inc_i_292_n_0
    SLICE_X48Y5          LUT6 (Prop_lut6_I0_O)        0.124    14.491 r  u_round/q_inc_i_135/O
                         net (fo=1, routed)           0.448    14.939    u_round/q_inc_i_135_n_0
    SLICE_X51Y3          LUT6 (Prop_lut6_I5_O)        0.124    15.063 r  u_round/q_inc_i_42/O
                         net (fo=1, routed)           0.790    15.853    u_round/q_inc_i_42_n_0
    SLICE_X52Y11         LUT6 (Prop_lut6_I4_O)        0.124    15.977 r  u_round/q_inc_i_12/O
                         net (fo=1, routed)           0.279    16.256    u_round/q_inc_i_12_n_0
    SLICE_X52Y11         LUT6 (Prop_lut6_I5_O)        0.124    16.380 r  u_round/q_inc_i_6/O
                         net (fo=3, routed)           0.857    17.237    u_round/q_inc_i_6_n_0
    SLICE_X50Y24         LUT2 (Prop_lut2_I0_O)        0.124    17.361 r  u_round/q_inexact_i_1/O
                         net (fo=1, routed)           0.000    17.361    u_round/inc1
    SLICE_X50Y24         FDCE                                         r  u_round/q_inexact_reg/D
  -------------------------------------------------------------------    -------------------

                         (clock clk rise edge)       20.000    20.000 r  
                         propagated clock network latency
                                                      0.924    20.924    
                         clock pessimism              0.000    20.924    
                         clock uncertainty           -0.035    20.889    
    SLICE_X50Y24         FDCE (Setup_fdce_C_D)        0.077    20.966    u_round/q_inexact_reg
  -------------------------------------------------------------------
                         required time                         20.966    
                         arrival time                         -17.361    
  -------------------------------------------------------------------
                         slack                                  3.605    

Slack (MET) :             4.775ns  (required time - arrival time)
  Source:                 u_a_reg[25]/C
                            (rising edge-triggered cell FDCE clocked by clk  {rise@0.000ns fall@10.000ns period=20.000ns})
  Destination:            q_rnd_sig_reg[69]/D
                            (rising edge-triggered cell FDCE clocked by clk  {rise@0.000ns fall@10.000ns period=20.000ns})
  Path Group:             clk
  Path Type:              Setup (Max at Slow Process Corner)
  Requirement:            20.000ns  (clk rise@20.000ns - clk rise@0.000ns)
  Data Path Delay:        15.220ns  (logic 2.982ns (19.592%)  route 12.238ns (80.408%))
  Logic Levels:           11  (CARRY4=1 LUT2=3 LUT3=3 LUT6=4)
  Clock Path Skew:        -0.049ns (DCD - SCD + CPR)
    Destination Clock Delay (DCD):    0.924ns = ( 20.924 - 20.000 ) 
    Source Clock Delay      (SCD):    0.973ns
    Clock Pessimism Removal (CPR):    0.000ns
  Clock Uncertainty:      0.035ns  ((TSJ^2 + TIJ^2)^1/2 + DJ) / 2 + PE
    Total System Jitter     (TSJ):    0.071ns
    Total Input Jitter      (TIJ):    0.000ns
    Discrete Jitter          (DJ):    0.000ns
    Phase Error              (PE):    0.000ns

    Location             Delay type                Incr(ns)  Path(ns)    Netlist Resource(s)
  -------------------------------------------------------------------    -------------------
                         (clock clk rise edge)        0.000     0.000 r  
                         propagated clock network latency
                                                      0.973     0.973    
    SLICE_X54Y49         FDCE                         0.000     0.973 r  u_a_reg[25]/C
    SLICE_X54Y49         FDCE (Prop_fdce_C_Q)         0.518     1.491 r  u_a_reg[25]/Q
                         net (fo=18, routed)          1.923     3.414    u_a[25]
    SLICE_X24Y42         LUT3 (Prop_lut3_I2_O)        0.150     3.564 r  sq_exp[4]_i_20/O
                         net (fo=3, routed)           0.872     4.435    sq_exp[4]_i_20_n_0
    SLICE_X48Y43         LUT3 (Prop_lut3_I1_O)        0.326     4.761 r  sq_exp[4]_i_9/O
                         net (fo=1, routed)           0.000     4.761    sq_exp[4]_i_9_n_0
    SLICE_X48Y43         CARRY4 (Prop_carry4_S[0]_CO[3])
                                                      0.532     5.293 f  sq_exp_reg[4]_i_2/CO[3]
                         net (fo=22, routed)          0.979     6.272    o_nan141_in
    SLICE_X44Y43         LUT3 (Prop_lut3_I2_O)        0.124     6.396 f  q_f2i_spec_nv_i_6/O
                         net (fo=7, routed)           1.502     7.898    q_f2i_spec_nv_i_6_n_0
    SLICE_X27Y42         LUT2 (Prop_lut2_I1_O)        0.152     8.050 r  q_f2i_spec_nv_i_3/O
                         net (fo=79, routed)          0.812     8.862    q_f2i_spec_nv_i_3_n_0
    SLICE_X19Y41         LUT2 (Prop_lut2_I0_O)        0.332     9.194 r  dv_div[63]_i_9/O
                         net (fo=6, routed)           0.686     9.880    dv_div[63]_i_9_n_0
    SLICE_X25Y41         LUT6 (Prop_lut6_I5_O)        0.124    10.004 r  dv_div[63]_i_3/O
                         net (fo=4, routed)           0.327    10.331    dv_div[63]_i_3_n_0
    SLICE_X27Y40         LUT6 (Prop_lut6_I0_O)        0.124    10.455 f  q_rnd_sticky_i_2/O
                         net (fo=35, routed)          2.594    13.049    sp_res1
    SLICE_X41Y13         LUT2 (Prop_lut2_I0_O)        0.150    13.199 r  q_rnd_sig[127]_i_9/O
                         net (fo=102, routed)         1.216    14.415    q_rnd_sig[127]_i_9_n_0
    SLICE_X37Y3          LUT6 (Prop_lut6_I3_O)        0.326    14.741 f  q_rnd_sig[69]_i_3/O
                         net (fo=1, routed)           1.328    16.069    q_rnd_sig[69]_i_3_n_0
    SLICE_X46Y9          LUT6 (Prop_lut6_I5_O)        0.124    16.193 r  q_rnd_sig[69]_i_1/O
                         net (fo=1, routed)           0.000    16.193    rnd_sig[69]
    SLICE_X46Y9          FDCE                                         r  q_rnd_sig_reg[69]/D
  -------------------------------------------------------------------    -------------------

                         (clock clk rise edge)       20.000    20.000 r  
                         propagated clock network latency
                                                      0.924    20.924    
                         clock pessimism              0.000    20.924    
                         clock uncertainty           -0.035    20.889    
    SLICE_X46Y9          FDCE (Setup_fdce_C_D)        0.079    20.968    q_rnd_sig_reg[69]
  -------------------------------------------------------------------
                         required time                         20.968    
                         arrival time                         -16.193    
  -------------------------------------------------------------------
                         slack                                  4.775    

Slack (MET) :             4.814ns  (required time - arrival time)
  Source:                 u_a_reg[25]/C
                            (rising edge-triggered cell FDCE clocked by clk  {rise@0.000ns fall@10.000ns period=20.000ns})
  Destination:            q_rnd_sig_reg[65]/D
                            (rising edge-triggered cell FDCE clocked by clk  {rise@0.000ns fall@10.000ns period=20.000ns})
  Path Group:             clk
  Path Type:              Setup (Max at Slow Process Corner)
  Requirement:            20.000ns  (clk rise@20.000ns - clk rise@0.000ns)
  Data Path Delay:        15.179ns  (logic 2.982ns (19.646%)  route 12.197ns (80.354%))
  Logic Levels:           11  (CARRY4=1 LUT2=3 LUT3=3 LUT6=4)
  Clock Path Skew:        -0.049ns (DCD - SCD + CPR)
    Destination Clock Delay (DCD):    0.924ns = ( 20.924 - 20.000 ) 
    Source Clock Delay      (SCD):    0.973ns
    Clock Pessimism Removal (CPR):    0.000ns
  Clock Uncertainty:      0.035ns  ((TSJ^2 + TIJ^2)^1/2 + DJ) / 2 + PE
    Total System Jitter     (TSJ):    0.071ns
    Total Input Jitter      (TIJ):    0.000ns
    Discrete Jitter          (DJ):    0.000ns
    Phase Error              (PE):    0.000ns

    Location             Delay type                Incr(ns)  Path(ns)    Netlist Resource(s)
  -------------------------------------------------------------------    -------------------
                         (clock clk rise edge)        0.000     0.000 r  
                         propagated clock network latency
                                                      0.973     0.973    
    SLICE_X54Y49         FDCE                         0.000     0.973 r  u_a_reg[25]/C
    SLICE_X54Y49         FDCE (Prop_fdce_C_Q)         0.518     1.491 r  u_a_reg[25]/Q
                         net (fo=18, routed)          1.923     3.414    u_a[25]
    SLICE_X24Y42         LUT3 (Prop_lut3_I2_O)        0.150     3.564 r  sq_exp[4]_i_20/O
                         net (fo=3, routed)           0.872     4.435    sq_exp[4]_i_20_n_0
    SLICE_X48Y43         LUT3 (Prop_lut3_I1_O)        0.326     4.761 r  sq_exp[4]_i_9/O
                         net (fo=1, routed)           0.000     4.761    sq_exp[4]_i_9_n_0
    SLICE_X48Y43         CARRY4 (Prop_carry4_S[0]_CO[3])
                                                      0.532     5.293 f  sq_exp_reg[4]_i_2/CO[3]
                         net (fo=22, routed)          0.979     6.272    o_nan141_in
    SLICE_X44Y43         LUT3 (Prop_lut3_I2_O)        0.124     6.396 f  q_f2i_spec_nv_i_6/O
                         net (fo=7, routed)           1.502     7.898    q_f2i_spec_nv_i_6_n_0
    SLICE_X27Y42         LUT2 (Prop_lut2_I1_O)        0.152     8.050 r  q_f2i_spec_nv_i_3/O
                         net (fo=79, routed)          0.812     8.862    q_f2i_spec_nv_i_3_n_0
    SLICE_X19Y41         LUT2 (Prop_lut2_I0_O)        0.332     9.194 r  dv_div[63]_i_9/O
                         net (fo=6, routed)           0.686     9.880    dv_div[63]_i_9_n_0
    SLICE_X25Y41         LUT6 (Prop_lut6_I5_O)        0.124    10.004 r  dv_div[63]_i_3/O
                         net (fo=4, routed)           0.327    10.331    dv_div[63]_i_3_n_0
    SLICE_X27Y40         LUT6 (Prop_lut6_I0_O)        0.124    10.455 f  q_rnd_sticky_i_2/O
                         net (fo=35, routed)          2.594    13.049    sp_res1
    SLICE_X41Y13         LUT2 (Prop_lut2_I0_O)        0.150    13.199 r  q_rnd_sig[127]_i_9/O
                         net (fo=102, routed)         1.308    14.507    q_rnd_sig[127]_i_9_n_0
    SLICE_X36Y4          LUT6 (Prop_lut6_I3_O)        0.326    14.833 f  q_rnd_sig[65]_i_3/O
                         net (fo=1, routed)           1.195    16.028    q_rnd_sig[65]_i_3_n_0
    SLICE_X46Y11         LUT6 (Prop_lut6_I4_O)        0.124    16.152 r  q_rnd_sig[65]_i_1/O
                         net (fo=1, routed)           0.000    16.152    rnd_sig[65]
    SLICE_X46Y11         FDCE                                         r  q_rnd_sig_reg[65]/D
  -------------------------------------------------------------------    -------------------

                         (clock clk rise edge)       20.000    20.000 r  
                         propagated clock network latency
                                                      0.924    20.924    
                         clock pessimism              0.000    20.924    
                         clock uncertainty           -0.035    20.889    
    SLICE_X46Y11         FDCE (Setup_fdce_C_D)        0.077    20.966    q_rnd_sig_reg[65]
  -------------------------------------------------------------------
                         required time                         20.966    
                         arrival time                         -16.152    
  -------------------------------------------------------------------
                         slack                                  4.814    

Slack (MET) :             4.829ns  (required time - arrival time)
  Source:                 u_a_reg[25]/C
                            (rising edge-triggered cell FDCE clocked by clk  {rise@0.000ns fall@10.000ns period=20.000ns})
  Destination:            q_rnd_sig_reg[76]/D
                            (rising edge-triggered cell FDCE clocked by clk  {rise@0.000ns fall@10.000ns period=20.000ns})
  Path Group:             clk
  Path Type:              Setup (Max at Slow Process Corner)
  Requirement:            20.000ns  (clk rise@20.000ns - clk rise@0.000ns)
  Data Path Delay:        15.119ns  (logic 2.982ns (19.724%)  route 12.137ns (80.276%))
  Logic Levels:           11  (CARRY4=1 LUT2=3 LUT3=3 LUT5=1 LUT6=3)
  Clock Path Skew:        -0.049ns (DCD - SCD + CPR)
    Destination Clock Delay (DCD):    0.924ns = ( 20.924 - 20.000 ) 
    Source Clock Delay      (SCD):    0.973ns
    Clock Pessimism Removal (CPR):    0.000ns
  Clock Uncertainty:      0.035ns  ((TSJ^2 + TIJ^2)^1/2 + DJ) / 2 + PE
    Total System Jitter     (TSJ):    0.071ns
    Total Input Jitter      (TIJ):    0.000ns
    Discrete Jitter          (DJ):    0.000ns
    Phase Error              (PE):    0.000ns

    Location             Delay type                Incr(ns)  Path(ns)    Netlist Resource(s)
  -------------------------------------------------------------------    -------------------
                         (clock clk rise edge)        0.000     0.000 r  
                         propagated clock network latency
                                                      0.973     0.973    
    SLICE_X54Y49         FDCE                         0.000     0.973 r  u_a_reg[25]/C
    SLICE_X54Y49         FDCE (Prop_fdce_C_Q)         0.518     1.491 r  u_a_reg[25]/Q
                         net (fo=18, routed)          1.923     3.414    u_a[25]
    SLICE_X24Y42         LUT3 (Prop_lut3_I2_O)        0.150     3.564 r  sq_exp[4]_i_20/O
                         net (fo=3, routed)           0.872     4.435    sq_exp[4]_i_20_n_0
    SLICE_X48Y43         LUT3 (Prop_lut3_I1_O)        0.326     4.761 r  sq_exp[4]_i_9/O
                         net (fo=1, routed)           0.000     4.761    sq_exp[4]_i_9_n_0
    SLICE_X48Y43         CARRY4 (Prop_carry4_S[0]_CO[3])
                                                      0.532     5.293 f  sq_exp_reg[4]_i_2/CO[3]
                         net (fo=22, routed)          0.979     6.272    o_nan141_in
    SLICE_X44Y43         LUT3 (Prop_lut3_I2_O)        0.124     6.396 f  q_f2i_spec_nv_i_6/O
                         net (fo=7, routed)           1.502     7.898    q_f2i_spec_nv_i_6_n_0
    SLICE_X27Y42         LUT2 (Prop_lut2_I1_O)        0.152     8.050 r  q_f2i_spec_nv_i_3/O
                         net (fo=79, routed)          0.812     8.862    q_f2i_spec_nv_i_3_n_0
    SLICE_X19Y41         LUT2 (Prop_lut2_I0_O)        0.332     9.194 r  dv_div[63]_i_9/O
                         net (fo=6, routed)           0.686     9.880    dv_div[63]_i_9_n_0
    SLICE_X25Y41         LUT6 (Prop_lut6_I5_O)        0.124    10.004 r  dv_div[63]_i_3/O
                         net (fo=4, routed)           0.327    10.331    dv_div[63]_i_3_n_0
    SLICE_X27Y40         LUT6 (Prop_lut6_I0_O)        0.124    10.455 f  q_rnd_sticky_i_2/O
                         net (fo=35, routed)          2.594    13.049    sp_res1
    SLICE_X41Y13         LUT2 (Prop_lut2_I0_O)        0.150    13.199 r  q_rnd_sig[127]_i_9/O
                         net (fo=102, routed)         0.948    14.148    q_rnd_sig[127]_i_9_n_0
    SLICE_X41Y4          LUT5 (Prop_lut5_I3_O)        0.326    14.474 r  q_rnd_sig[76]_i_2/O
                         net (fo=1, routed)           1.494    15.968    q_rnd_sig[76]_i_2_n_0
    SLICE_X45Y19         LUT6 (Prop_lut6_I0_O)        0.124    16.092 r  q_rnd_sig[76]_i_1/O
                         net (fo=1, routed)           0.000    16.092    rnd_sig[76]
    SLICE_X45Y19         FDCE                                         r  q_rnd_sig_reg[76]/D
  -------------------------------------------------------------------    -------------------

                         (clock clk rise edge)       20.000    20.000 r  
                         propagated clock network latency
                                                      0.924    20.924    
                         clock pessimism              0.000    20.924    
                         clock uncertainty           -0.035    20.889    
    SLICE_X45Y19         FDCE (Setup_fdce_C_D)        0.032    20.921    q_rnd_sig_reg[76]
  -------------------------------------------------------------------
                         required time                         20.921    
                         arrival time                         -16.092    
  -------------------------------------------------------------------
                         slack                                  4.829    

Slack (MET) :             4.916ns  (required time - arrival time)
  Source:                 u_a_reg[25]/C
                            (rising edge-triggered cell FDCE clocked by clk  {rise@0.000ns fall@10.000ns period=20.000ns})
  Destination:            q_rnd_sig_reg[66]/D
                            (rising edge-triggered cell FDCE clocked by clk  {rise@0.000ns fall@10.000ns period=20.000ns})
  Path Group:             clk
  Path Type:              Setup (Max at Slow Process Corner)
  Requirement:            20.000ns  (clk rise@20.000ns - clk rise@0.000ns)
  Data Path Delay:        15.077ns  (logic 2.982ns (19.779%)  route 12.095ns (80.221%))
  Logic Levels:           11  (CARRY4=1 LUT2=3 LUT3=3 LUT6=4)
  Clock Path Skew:        -0.049ns (DCD - SCD + CPR)
    Destination Clock Delay (DCD):    0.924ns = ( 20.924 - 20.000 ) 
    Source Clock Delay      (SCD):    0.973ns
    Clock Pessimism Removal (CPR):    0.000ns
  Clock Uncertainty:      0.035ns  ((TSJ^2 + TIJ^2)^1/2 + DJ) / 2 + PE
    Total System Jitter     (TSJ):    0.071ns
    Total Input Jitter      (TIJ):    0.000ns
    Discrete Jitter          (DJ):    0.000ns
    Phase Error              (PE):    0.000ns

    Location             Delay type                Incr(ns)  Path(ns)    Netlist Resource(s)
  -------------------------------------------------------------------    -------------------
                         (clock clk rise edge)        0.000     0.000 r  
                         propagated clock network latency
                                                      0.973     0.973    
    SLICE_X54Y49         FDCE                         0.000     0.973 r  u_a_reg[25]/C
    SLICE_X54Y49         FDCE (Prop_fdce_C_Q)         0.518     1.491 r  u_a_reg[25]/Q
                         net (fo=18, routed)          1.923     3.414    u_a[25]
    SLICE_X24Y42         LUT3 (Prop_lut3_I2_O)        0.150     3.564 r  sq_exp[4]_i_20/O
                         net (fo=3, routed)           0.872     4.435    sq_exp[4]_i_20_n_0
    SLICE_X48Y43         LUT3 (Prop_lut3_I1_O)        0.326     4.761 r  sq_exp[4]_i_9/O
                         net (fo=1, routed)           0.000     4.761    sq_exp[4]_i_9_n_0
    SLICE_X48Y43         CARRY4 (Prop_carry4_S[0]_CO[3])
                                                      0.532     5.293 f  sq_exp_reg[4]_i_2/CO[3]
                         net (fo=22, routed)          0.979     6.272    o_nan141_in
    SLICE_X44Y43         LUT3 (Prop_lut3_I2_O)        0.124     6.396 f  q_f2i_spec_nv_i_6/O
                         net (fo=7, routed)           1.502     7.898    q_f2i_spec_nv_i_6_n_0
    SLICE_X27Y42         LUT2 (Prop_lut2_I1_O)        0.152     8.050 r  q_f2i_spec_nv_i_3/O
                         net (fo=79, routed)          0.812     8.862    q_f2i_spec_nv_i_3_n_0
    SLICE_X19Y41         LUT2 (Prop_lut2_I0_O)        0.332     9.194 r  dv_div[63]_i_9/O
                         net (fo=6, routed)           0.686     9.880    dv_div[63]_i_9_n_0
    SLICE_X25Y41         LUT6 (Prop_lut6_I5_O)        0.124    10.004 r  dv_div[63]_i_3/O
                         net (fo=4, routed)           0.327    10.331    dv_div[63]_i_3_n_0
    SLICE_X27Y40         LUT6 (Prop_lut6_I0_O)        0.124    10.455 f  q_rnd_sticky_i_2/O
                         net (fo=35, routed)          2.594    13.049    sp_res1
    SLICE_X41Y13         LUT2 (Prop_lut2_I0_O)        0.150    13.199 r  q_rnd_sig[127]_i_9/O
                         net (fo=102, routed)         1.240    14.439    q_rnd_sig[127]_i_9_n_0
    SLICE_X36Y4          LUT6 (Prop_lut6_I3_O)        0.326    14.765 f  q_rnd_sig[66]_i_3/O
                         net (fo=1, routed)           1.161    15.926    q_rnd_sig[66]_i_3_n_0
    SLICE_X46Y9          LUT6 (Prop_lut6_I5_O)        0.124    16.050 r  q_rnd_sig[66]_i_1/O
                         net (fo=1, routed)           0.000    16.050    rnd_sig[66]
    SLICE_X46Y9          FDCE                                         r  q_rnd_sig_reg[66]/D
  -------------------------------------------------------------------    -------------------

                         (clock clk rise edge)       20.000    20.000 r  
                         propagated clock network latency
                                                      0.924    20.924    
                         clock pessimism              0.000    20.924    
                         clock uncertainty           -0.035    20.889    
    SLICE_X46Y9          FDCE (Setup_fdce_C_D)        0.077    20.966    q_rnd_sig_reg[66]
  -------------------------------------------------------------------
                         required time                         20.966    
                         arrival time                         -16.050    
  -------------------------------------------------------------------
                         slack                                  4.916    

Slack (MET) :             4.929ns  (required time - arrival time)
  Source:                 u_a_reg[25]/C
                            (rising edge-triggered cell FDCE clocked by clk  {rise@0.000ns fall@10.000ns period=20.000ns})
  Destination:            q_rnd_sig_reg[90]/D
                            (rising edge-triggered cell FDCE clocked by clk  {rise@0.000ns fall@10.000ns period=20.000ns})
  Path Group:             clk
  Path Type:              Setup (Max at Slow Process Corner)
  Requirement:            20.000ns  (clk rise@20.000ns - clk rise@0.000ns)
  Data Path Delay:        15.018ns  (logic 2.982ns (19.856%)  route 12.036ns (80.144%))
  Logic Levels:           11  (CARRY4=1 LUT2=3 LUT3=3 LUT5=1 LUT6=3)
  Clock Path Skew:        -0.049ns (DCD - SCD + CPR)
    Destination Clock Delay (DCD):    0.924ns = ( 20.924 - 20.000 ) 
    Source Clock Delay      (SCD):    0.973ns
    Clock Pessimism Removal (CPR):    0.000ns
  Clock Uncertainty:      0.035ns  ((TSJ^2 + TIJ^2)^1/2 + DJ) / 2 + PE
    Total System Jitter     (TSJ):    0.071ns
    Total Input Jitter      (TIJ):    0.000ns
    Discrete Jitter          (DJ):    0.000ns
    Phase Error              (PE):    0.000ns

    Location             Delay type                Incr(ns)  Path(ns)    Netlist Resource(s)
  -------------------------------------------------------------------    -------------------
                         (clock clk rise edge)        0.000     0.000 r  
                         propagated clock network latency
                                                      0.973     0.973    
    SLICE_X54Y49         FDCE                         0.000     0.973 r  u_a_reg[25]/C
    SLICE_X54Y49         FDCE (Prop_fdce_C_Q)         0.518     1.491 r  u_a_reg[25]/Q
                         net (fo=18, routed)          1.923     3.414    u_a[25]
    SLICE_X24Y42         LUT3 (Prop_lut3_I2_O)        0.150     3.564 r  sq_exp[4]_i_20/O
                         net (fo=3, routed)           0.872     4.435    sq_exp[4]_i_20_n_0
    SLICE_X48Y43         LUT3 (Prop_lut3_I1_O)        0.326     4.761 r  sq_exp[4]_i_9/O
                         net (fo=1, routed)           0.000     4.761    sq_exp[4]_i_9_n_0
    SLICE_X48Y43         CARRY4 (Prop_carry4_S[0]_CO[3])
                                                      0.532     5.293 f  sq_exp_reg[4]_i_2/CO[3]
                         net (fo=22, routed)          0.979     6.272    o_nan141_in
    SLICE_X44Y43         LUT3 (Prop_lut3_I2_O)        0.124     6.396 f  q_f2i_spec_nv_i_6/O
                         net (fo=7, routed)           1.502     7.898    q_f2i_spec_nv_i_6_n_0
    SLICE_X27Y42         LUT2 (Prop_lut2_I1_O)        0.152     8.050 r  q_f2i_spec_nv_i_3/O
                         net (fo=79, routed)          0.812     8.862    q_f2i_spec_nv_i_3_n_0
    SLICE_X19Y41         LUT2 (Prop_lut2_I0_O)        0.332     9.194 r  dv_div[63]_i_9/O
                         net (fo=6, routed)           0.686     9.880    dv_div[63]_i_9_n_0
    SLICE_X25Y41         LUT6 (Prop_lut6_I5_O)        0.124    10.004 r  dv_div[63]_i_3/O
                         net (fo=4, routed)           0.327    10.331    dv_div[63]_i_3_n_0
    SLICE_X27Y40         LUT6 (Prop_lut6_I0_O)        0.124    10.455 f  q_rnd_sticky_i_2/O
                         net (fo=35, routed)          2.594    13.049    sp_res1
    SLICE_X41Y13         LUT2 (Prop_lut2_I0_O)        0.150    13.199 r  q_rnd_sig[127]_i_9/O
                         net (fo=102, routed)         1.035    14.235    q_rnd_sig[127]_i_9_n_0
    SLICE_X43Y7          LUT5 (Prop_lut5_I3_O)        0.326    14.561 r  q_rnd_sig[90]_i_2/O
                         net (fo=1, routed)           1.307    15.867    q_rnd_sig[90]_i_2_n_0
    SLICE_X47Y16         LUT6 (Prop_lut6_I0_O)        0.124    15.991 r  q_rnd_sig[90]_i_1/O
                         net (fo=1, routed)           0.000    15.991    rnd_sig[90]
    SLICE_X47Y16         FDCE                                         r  q_rnd_sig_reg[90]/D
  -------------------------------------------------------------------    -------------------

                         (clock clk rise edge)       20.000    20.000 r  
                         propagated clock network latency
                                                      0.924    20.924    
                         clock pessimism              0.000    20.924    
                         clock uncertainty           -0.035    20.889    
    SLICE_X47Y16         FDCE (Setup_fdce_C_D)        0.031    20.920    q_rnd_sig_reg[90]
  -------------------------------------------------------------------
                         required time                         20.920    
                         arrival time                         -15.991    
  -------------------------------------------------------------------
                         slack                                  4.929    

Slack (MET) :             4.964ns  (required time - arrival time)
  Source:                 u_a_reg[25]/C
                            (rising edge-triggered cell FDCE clocked by clk  {rise@0.000ns fall@10.000ns period=20.000ns})
  Destination:            q_rnd_sig_reg[89]/D
                            (rising edge-triggered cell FDCE clocked by clk  {rise@0.000ns fall@10.000ns period=20.000ns})
  Path Group:             clk
  Path Type:              Setup (Max at Slow Process Corner)
  Requirement:            20.000ns  (clk rise@20.000ns - clk rise@0.000ns)
  Data Path Delay:        14.984ns  (logic 2.982ns (19.901%)  route 12.002ns (80.099%))
  Logic Levels:           11  (CARRY4=1 LUT2=3 LUT3=3 LUT5=1 LUT6=3)
  Clock Path Skew:        -0.049ns (DCD - SCD + CPR)
    Destination Clock Delay (DCD):    0.924ns = ( 20.924 - 20.000 ) 
    Source Clock Delay      (SCD):    0.973ns
    Clock Pessimism Removal (CPR):    0.000ns
  Clock Uncertainty:      0.035ns  ((TSJ^2 + TIJ^2)^1/2 + DJ) / 2 + PE
    Total System Jitter     (TSJ):    0.071ns
    Total Input Jitter      (TIJ):    0.000ns
    Discrete Jitter          (DJ):    0.000ns
    Phase Error              (PE):    0.000ns

    Location             Delay type                Incr(ns)  Path(ns)    Netlist Resource(s)
  -------------------------------------------------------------------    -------------------
                         (clock clk rise edge)        0.000     0.000 r  
                         propagated clock network latency
                                                      0.973     0.973    
    SLICE_X54Y49         FDCE                         0.000     0.973 r  u_a_reg[25]/C
    SLICE_X54Y49         FDCE (Prop_fdce_C_Q)         0.518     1.491 r  u_a_reg[25]/Q
                         net (fo=18, routed)          1.923     3.414    u_a[25]
    SLICE_X24Y42         LUT3 (Prop_lut3_I2_O)        0.150     3.564 r  sq_exp[4]_i_20/O
                         net (fo=3, routed)           0.872     4.435    sq_exp[4]_i_20_n_0
    SLICE_X48Y43         LUT3 (Prop_lut3_I1_O)        0.326     4.761 r  sq_exp[4]_i_9/O
                         net (fo=1, routed)           0.000     4.761    sq_exp[4]_i_9_n_0
    SLICE_X48Y43         CARRY4 (Prop_carry4_S[0]_CO[3])
                                                      0.532     5.293 f  sq_exp_reg[4]_i_2/CO[3]
                         net (fo=22, routed)          0.979     6.272    o_nan141_in
    SLICE_X44Y43         LUT3 (Prop_lut3_I2_O)        0.124     6.396 f  q_f2i_spec_nv_i_6/O
                         net (fo=7, routed)           1.502     7.898    q_f2i_spec_nv_i_6_n_0
    SLICE_X27Y42         LUT2 (Prop_lut2_I1_O)        0.152     8.050 r  q_f2i_spec_nv_i_3/O
                         net (fo=79, routed)          0.812     8.862    q_f2i_spec_nv_i_3_n_0
    SLICE_X19Y41         LUT2 (Prop_lut2_I0_O)        0.332     9.194 r  dv_div[63]_i_9/O
                         net (fo=6, routed)           0.686     9.880    dv_div[63]_i_9_n_0
    SLICE_X25Y41         LUT6 (Prop_lut6_I5_O)        0.124    10.004 r  dv_div[63]_i_3/O
                         net (fo=4, routed)           0.327    10.331    dv_div[63]_i_3_n_0
    SLICE_X27Y40         LUT6 (Prop_lut6_I0_O)        0.124    10.455 f  q_rnd_sticky_i_2/O
                         net (fo=35, routed)          2.594    13.049    sp_res1
    SLICE_X41Y13         LUT2 (Prop_lut2_I0_O)        0.150    13.199 r  q_rnd_sig[127]_i_9/O
                         net (fo=102, routed)         1.121    14.320    q_rnd_sig[127]_i_9_n_0
    SLICE_X41Y7          LUT5 (Prop_lut5_I3_O)        0.326    14.646 r  q_rnd_sig[89]_i_2/O
                         net (fo=1, routed)           1.188    15.833    q_rnd_sig[89]_i_2_n_0
    SLICE_X45Y16         LUT6 (Prop_lut6_I0_O)        0.124    15.957 r  q_rnd_sig[89]_i_1/O
                         net (fo=1, routed)           0.000    15.957    rnd_sig[89]
    SLICE_X45Y16         FDCE                                         r  q_rnd_sig_reg[89]/D
  -------------------------------------------------------------------    -------------------

                         (clock clk rise edge)       20.000    20.000 r  
                         propagated clock network latency
                                                      0.924    20.924    
                         clock pessimism              0.000    20.924    
                         clock uncertainty           -0.035    20.889    
    SLICE_X45Y16         FDCE (Setup_fdce_C_D)        0.032    20.921    q_rnd_sig_reg[89]
  -------------------------------------------------------------------
                         required time                         20.921    
                         arrival time                         -15.957    
  -------------------------------------------------------------------
                         slack                                  4.964    

Slack (MET) :             4.991ns  (required time - arrival time)
  Source:                 u_a_reg[25]/C
                            (rising edge-triggered cell FDCE clocked by clk  {rise@0.000ns fall@10.000ns period=20.000ns})
  Destination:            q_rnd_sig_reg[70]/D
                            (rising edge-triggered cell FDCE clocked by clk  {rise@0.000ns fall@10.000ns period=20.000ns})
  Path Group:             clk
  Path Type:              Setup (Max at Slow Process Corner)
  Requirement:            20.000ns  (clk rise@20.000ns - clk rise@0.000ns)
  Data Path Delay:        15.002ns  (logic 2.982ns (19.877%)  route 12.020ns (80.123%))
  Logic Levels:           11  (CARRY4=1 LUT2=3 LUT3=3 LUT6=4)
  Clock Path Skew:        -0.049ns (DCD - SCD + CPR)
    Destination Clock Delay (DCD):    0.924ns = ( 20.924 - 20.000 ) 
    Source Clock Delay      (SCD):    0.973ns
    Clock Pessimism Removal (CPR):    0.000ns
  Clock Uncertainty:      0.035ns  ((TSJ^2 + TIJ^2)^1/2 + DJ) / 2 + PE
    Total System Jitter     (TSJ):    0.071ns
    Total Input Jitter      (TIJ):    0.000ns
    Discrete Jitter          (DJ):    0.000ns
    Phase Error              (PE):    0.000ns

    Location             Delay type                Incr(ns)  Path(ns)    Netlist Resource(s)
  -------------------------------------------------------------------    -------------------
                         (clock clk rise edge)        0.000     0.000 r  
                         propagated clock network latency
                                                      0.973     0.973    
    SLICE_X54Y49         FDCE                         0.000     0.973 r  u_a_reg[25]/C
    SLICE_X54Y49         FDCE (Prop_fdce_C_Q)         0.518     1.491 r  u_a_reg[25]/Q
                         net (fo=18, routed)          1.923     3.414    u_a[25]
    SLICE_X24Y42         LUT3 (Prop_lut3_I2_O)        0.150     3.564 r  sq_exp[4]_i_20/O
                         net (fo=3, routed)           0.872     4.435    sq_exp[4]_i_20_n_0
    SLICE_X48Y43         LUT3 (Prop_lut3_I1_O)        0.326     4.761 r  sq_exp[4]_i_9/O
                         net (fo=1, routed)           0.000     4.761    sq_exp[4]_i_9_n_0
    SLICE_X48Y43         CARRY4 (Prop_carry4_S[0]_CO[3])
                                                      0.532     5.293 f  sq_exp_reg[4]_i_2/CO[3]
                         net (fo=22, routed)          0.979     6.272    o_nan141_in
    SLICE_X44Y43         LUT3 (Prop_lut3_I2_O)        0.124     6.396 f  q_f2i_spec_nv_i_6/O
                         net (fo=7, routed)           1.502     7.898    q_f2i_spec_nv_i_6_n_0
    SLICE_X27Y42         LUT2 (Prop_lut2_I1_O)        0.152     8.050 r  q_f2i_spec_nv_i_3/O
                         net (fo=79, routed)          0.812     8.862    q_f2i_spec_nv_i_3_n_0
    SLICE_X19Y41         LUT2 (Prop_lut2_I0_O)        0.332     9.194 r  dv_div[63]_i_9/O
                         net (fo=6, routed)           0.686     9.880    dv_div[63]_i_9_n_0
    SLICE_X25Y41         LUT6 (Prop_lut6_I5_O)        0.124    10.004 r  dv_div[63]_i_3/O
                         net (fo=4, routed)           0.327    10.331    dv_div[63]_i_3_n_0
    SLICE_X27Y40         LUT6 (Prop_lut6_I0_O)        0.124    10.455 f  q_rnd_sticky_i_2/O
                         net (fo=35, routed)          2.594    13.049    sp_res1
    SLICE_X41Y13         LUT2 (Prop_lut2_I0_O)        0.150    13.199 r  q_rnd_sig[127]_i_9/O
                         net (fo=102, routed)         1.095    14.294    q_rnd_sig[127]_i_9_n_0
    SLICE_X39Y3          LUT6 (Prop_lut6_I3_O)        0.326    14.620 f  q_rnd_sig[70]_i_3/O
                         net (fo=1, routed)           1.231    15.851    q_rnd_sig[70]_i_3_n_0
    SLICE_X46Y10         LUT6 (Prop_lut6_I5_O)        0.124    15.975 r  q_rnd_sig[70]_i_1/O
                         net (fo=1, routed)           0.000    15.975    rnd_sig[70]
    SLICE_X46Y10         FDCE                                         r  q_rnd_sig_reg[70]/D
  -------------------------------------------------------------------    -------------------

                         (clock clk rise edge)       20.000    20.000 r  
                         propagated clock network latency
                                                      0.924    20.924    
                         clock pessimism              0.000    20.924    
                         clock uncertainty           -0.035    20.889    
    SLICE_X46Y10         FDCE (Setup_fdce_C_D)        0.077    20.966    q_rnd_sig_reg[70]
  -------------------------------------------------------------------
                         required time                         20.966    
                         arrival time                         -15.975    
  -------------------------------------------------------------------
                         slack                                  4.991    




