Copyright 1986-2022 Xilinx, Inc. All Rights Reserved. Copyright 2022-2025 Advanced Micro Devices, Inc. All Rights Reserved.
---------------------------------------------------------------------------------------------------------------------------------------------
| Tool Version : Vivado v.2025.1 (win64) Build 6140274 Thu May 22 00:12:29 MDT 2025
| Date         : Fri Oct  9 18:50:47 2026
| Host         : ARM-Windows running 64-bit major release  (build 9200)
| Command      : report_utilization -hierarchical -file ./output/CORE_FPU/utilization.rpt
| Design       : CORE_FPU
| Device       : xc7a100tcsg324-1
| Speed File   : -1
| Design State : Routed
---------------------------------------------------------------------------------------------------------------------------------------------

Utilization Design Information

Table of Contents
-----------------
1. Utilization by Hierarchy

1. Utilization by Hierarchy
---------------------------

+--------------+-----------+------------+------------+---------+------+------+--------+--------+------------+
|   Instance   |   Module  | Total LUTs | Logic LUTs | LUTRAMs | SRLs |  FFs | RAMB36 | RAMB18 | DSP Blocks |
+--------------+-----------+------------+------------+---------+------+------+--------+--------+------------+
| CORE_FPU     |     (top) |       7817 |       7817 |       0 |    0 | 2002 |      0 |      0 |         16 |
|   (CORE_FPU) |     (top) |       6840 |       6840 |       0 |    0 | 1918 |      0 |      0 |         16 |
|   u_round    | FPU_ROUND |        978 |        978 |       0 |    0 |   84 |      0 |      0 |          0 |
+--------------+-----------+------------+------------+---------+------+------+--------+--------+------------+
* Note: The sum of lower-level cells may be larger than their parent cells total, due to cross-hierarchy LUT combining


