Copyright 1986-2022 Xilinx, Inc. All Rights Reserved. Copyright 2022-2025 Advanced Micro Devices, Inc. All Rights Reserved.
---------------------------------------------------------------------------------------------------------------------------------------------
| Tool Version : Vivado v.2025.1 (win64) Build 6140274 Thu May 22 00:12:29 MDT 2025
| Date         : Tue Oct  6 21:30:06 2026
| Host         : ARM-Windows running 64-bit major release  (build 9200)
| Command      : report_ram_utilization -file ./output/L2_256K_4w/ram_utilization.rpt
| Design       : CPU_L2
| Device       : xc7a100tcsg324-1
| Speed File   : -1
---------------------------------------------------------------------------------------------------------------------------------------------

RAM Usage Information

Table of Contents
-----------------
1. Summary
2. Memory Description
3. Memory Utilization - Inferred
4. Memory Performance - Inferred
5. Block Ram / URAM Memory Power - Inferred

1. Summary
----------

+--------------------------+------------+-----------+-------+-----------+
| Memory Type              | Total Used | Available | Util% | Inferred% |
+--------------------------+------------+-----------+-------+-----------+
| BlockRAM                 |         68 |       135 | 50.37 |    100.00 |
|  RAMB36E1                |         68 |           |       |    100.00 |
| LUTMs as Distributed RAM |         48 |     19000 |  0.25 |    100.00 |
|  LUTMs as RAM256X1S      |         48 |           |       |    100.00 |
+--------------------------+------------+-----------+-------+-----------+
*  Each RAMB18 is calculated as 0.5 BlockRAM
**  Tables 2, 3, 4 and 5 cover RAMs inferred by Vivado Synthesis using XPMs or RTL inference
***  XRAMs are not reported for detailed tables


2. Memory Description
---------------------

+-----------------------------+------------+-----------+-------------+------------------------+------------------------+
| Memory Name                 | Array Size | RAM_STYLE | Memory Type | Port 1 Dimension / Map | Port 2 Dimension / Map |
+-----------------------------+------------+-----------+-------------+------------------------+------------------------+
| u_dat/g_way[0].mem          |     524288 |           | RAM_SDP     | 8192x64                | 8192x64                |
|  u_dat/g_way[0].mem_reg_0_0 |      32768 |     BLOCK |             |  A:A:8192x4            |  B:B:8192x4            |
|  u_dat/g_way[0].mem_reg_0_1 |      32768 |     BLOCK |             |  A:A:8192x4            |  B:B:8192x4            |
|  u_dat/g_way[0].mem_reg_1_0 |      32768 |     BLOCK |             |  A:A:8192x4            |  B:B:8192x4            |
|  u_dat/g_way[0].mem_reg_1_1 |      32768 |     BLOCK |             |  A:A:8192x4            |  B:B:8192x4            |
|  u_dat/g_way[0].mem_reg_2_0 |      32768 |     BLOCK |             |  A:A:8192x4            |  B:B:8192x4            |
|  u_dat/g_way[0].mem_reg_2_1 |      32768 |     BLOCK |             |  A:A:8192x4            |  B:B:8192x4            |
|  u_dat/g_way[0].mem_reg_3_0 |      32768 |     BLOCK |             |  A:A:8192x4            |  B:B:8192x4            |
|  u_dat/g_way[0].mem_reg_3_1 |      32768 |     BLOCK |             |  A:A:8192x4            |  B:B:8192x4            |
|  u_dat/g_way[0].mem_reg_4_0 |      32768 |     BLOCK |             |  A:A:8192x4            |  B:B:8192x4            |
|  u_dat/g_way[0].mem_reg_4_1 |      32768 |     BLOCK |             |  A:A:8192x4            |  B:B:8192x4            |
|  u_dat/g_way[0].mem_reg_5_0 |      32768 |     BLOCK |             |  A:A:8192x4            |  B:B:8192x4            |
|  u_dat/g_way[0].mem_reg_5_1 |      32768 |     BLOCK |             |  A:A:8192x4            |  B:B:8192x4            |
|  u_dat/g_way[0].mem_reg_6_0 |      32768 |     BLOCK |             |  A:A:8192x4            |  B:B:8192x4            |
|  u_dat/g_way[0].mem_reg_6_1 |      32768 |     BLOCK |             |  A:A:8192x4            |  B:B:8192x4            |
|  u_dat/g_way[0].mem_reg_7_0 |      32768 |     BLOCK |             |  A:A:8192x4            |  B:B:8192x4            |
|  u_dat/g_way[0].mem_reg_7_1 |      32768 |     BLOCK |             |  A:A:8192x4            |  B:B:8192x4            |
| u_dat/g_way[1].mem          |     524288 |           | RAM_SDP     | 8192x64                | 8192x64                |
|  u_dat/g_way[1].mem_reg_0_0 |      32768 |     BLOCK |             |  A:A:8192x4            |  B:B:8192x4            |
|  u_dat/g_way[1].mem_reg_0_1 |      32768 |     BLOCK |             |  A:A:8192x4            |  B:B:8192x4            |
|  u_dat/g_way[1].mem_reg_1_0 |      32768 |     BLOCK |             |  A:A:8192x4            |  B:B:8192x4            |
|  u_dat/g_way[1].mem_reg_1_1 |      32768 |     BLOCK |             |  A:A:8192x4            |  B:B:8192x4            |
|  u_dat/g_way[1].mem_reg_2_0 |      32768 |     BLOCK |             |  A:A:8192x4            |  B:B:8192x4            |
|  u_dat/g_way[1].mem_reg_2_1 |      32768 |     BLOCK |             |  A:A:8192x4            |  B:B:8192x4            |
|  u_dat/g_way[1].mem_reg_3_0 |      32768 |     BLOCK |             |  A:A:8192x4            |  B:B:8192x4            |
|  u_dat/g_way[1].mem_reg_3_1 |      32768 |     BLOCK |             |  A:A:8192x4            |  B:B:8192x4            |
|  u_dat/g_way[1].mem_reg_4_0 |      32768 |     BLOCK |             |  A:A:8192x4            |  B:B:8192x4            |
|  u_dat/g_way[1].mem_reg_4_1 |      32768 |     BLOCK |             |  A:A:8192x4            |  B:B:8192x4            |
|  u_dat/g_way[1].mem_reg_5_0 |      32768 |     BLOCK |             |  A:A:8192x4            |  B:B:8192x4            |
|  u_dat/g_way[1].mem_reg_5_1 |      32768 |     BLOCK |             |  A:A:8192x4            |  B:B:8192x4            |
|  u_dat/g_way[1].mem_reg_6_0 |      32768 |     BLOCK |             |  A:A:8192x4            |  B:B:8192x4            |
|  u_dat/g_way[1].mem_reg_6_1 |      32768 |     BLOCK |             |  A:A:8192x4            |  B:B:8192x4            |
|  u_dat/g_way[1].mem_reg_7_0 |      32768 |     BLOCK |             |  A:A:8192x4            |  B:B:8192x4            |
|  u_dat/g_way[1].mem_reg_7_1 |      32768 |     BLOCK |             |  A:A:8192x4            |  B:B:8192x4            |
| u_dat/g_way[2].mem          |     524288 |           | RAM_SDP     | 8192x64                | 8192x64                |
|  u_dat/g_way[2].mem_reg_0_0 |      32768 |     BLOCK |             |  A:A:8192x4            |  B:B:8192x4            |
|  u_dat/g_way[2].mem_reg_0_1 |      32768 |     BLOCK |             |  A:A:8192x4            |  B:B:8192x4            |
|  u_dat/g_way[2].mem_reg_1_0 |      32768 |     BLOCK |             |  A:A:8192x4            |  B:B:8192x4            |
|  u_dat/g_way[2].mem_reg_1_1 |      32768 |     BLOCK |             |  A:A:8192x4            |  B:B:8192x4            |
|  u_dat/g_way[2].mem_reg_2_0 |      32768 |     BLOCK |             |  A:A:8192x4            |  B:B:8192x4            |
|  u_dat/g_way[2].mem_reg_2_1 |      32768 |     BLOCK |             |  A:A:8192x4            |  B:B:8192x4            |
|  u_dat/g_way[2].mem_reg_3_0 |      32768 |     BLOCK |             |  A:A:8192x4            |  B:B:8192x4            |
|  u_dat/g_way[2].mem_reg_3_1 |      32768 |     BLOCK |             |  A:A:8192x4            |  B:B:8192x4            |
|  u_dat/g_way[2].mem_reg_4_0 |      32768 |     BLOCK |             |  A:A:8192x4            |  B:B:8192x4            |
|  u_dat/g_way[2].mem_reg_4_1 |      32768 |     BLOCK |             |  A:A:8192x4            |  B:B:8192x4            |
|  u_dat/g_way[2].mem_reg_5_0 |      32768 |     BLOCK |             |  A:A:8192x4            |  B:B:8192x4            |
|  u_dat/g_way[2].mem_reg_5_1 |      32768 |     BLOCK |             |  A:A:8192x4            |  B:B:8192x4            |
|  u_dat/g_way[2].mem_reg_6_0 |      32768 |     BLOCK |             |  A:A:8192x4            |  B:B:8192x4            |
|  u_dat/g_way[2].mem_reg_6_1 |      32768 |     BLOCK |             |  A:A:8192x4            |  B:B:8192x4            |
|  u_dat/g_way[2].mem_reg_7_0 |      32768 |     BLOCK |             |  A:A:8192x4            |  B:B:8192x4            |
|  u_dat/g_way[2].mem_reg_7_1 |      32768 |     BLOCK |             |  A:A:8192x4            |  B:B:8192x4            |
| u_dat/g_way[3].mem          |     524288 |           | RAM_SDP     | 8192x64                | 8192x64                |
|  u_dat/g_way[3].mem_reg_0_0 |      32768 |     BLOCK |             |  A:A:8192x4            |  B:B:8192x4            |
|  u_dat/g_way[3].mem_reg_0_1 |      32768 |     BLOCK |             |  A:A:8192x4            |  B:B:8192x4            |
|  u_dat/g_way[3].mem_reg_1_0 |      32768 |     BLOCK |             |  A:A:8192x4            |  B:B:8192x4            |
|  u_dat/g_way[3].mem_reg_1_1 |      32768 |     BLOCK |             |  A:A:8192x4            |  B:B:8192x4            |
|  u_dat/g_way[3].mem_reg_2_0 |      32768 |     BLOCK |             |  A:A:8192x4            |  B:B:8192x4            |
|  u_dat/g_way[3].mem_reg_2_1 |      32768 |     BLOCK |             |  A:A:8192x4            |  B:B:8192x4            |
|  u_dat/g_way[3].mem_reg_3_0 |      32768 |     BLOCK |             |  A:A:8192x4            |  B:B:8192x4            |
|  u_dat/g_way[3].mem_reg_3_1 |      32768 |     BLOCK |             |  A:A:8192x4            |  B:B:8192x4            |
|  u_dat/g_way[3].mem_reg_4_0 |      32768 |     BLOCK |             |  A:A:8192x4            |  B:B:8192x4            |
|  u_dat/g_way[3].mem_reg_4_1 |      32768 |     BLOCK |             |  A:A:8192x4            |  B:B:8192x4            |
|  u_dat/g_way[3].mem_reg_5_0 |      32768 |     BLOCK |             |  A:A:8192x4            |  B:B:8192x4            |
|  u_dat/g_way[3].mem_reg_5_1 |      32768 |     BLOCK |             |  A:A:8192x4            |  B:B:8192x4            |
|  u_dat/g_way[3].mem_reg_6_0 |      32768 |     BLOCK |             |  A:A:8192x4            |  B:B:8192x4            |
|  u_dat/g_way[3].mem_reg_6_1 |      32768 |     BLOCK |             |  A:A:8192x4            |  B:B:8192x4            |
|  u_dat/g_way[3].mem_reg_7_0 |      32768 |     BLOCK |             |  A:A:8192x4            |  B:B:8192x4            |
|  u_dat/g_way[3].mem_reg_7_1 |      32768 |     BLOCK |             |  A:A:8192x4            |  B:B:8192x4            |
| u_tag/g_way[0].mem          |      26624 |           | RAM_SDP     | 1024x26                | 1024x26                |
|  u_tag/g_way[0].mem_reg     |      26624 |     BLOCK |             |  A:A:1024x26           |  B:B:1024x26           |
| u_tag/g_way[1].mem          |      26624 |           | RAM_SDP     | 1024x26                | 1024x26                |
|  u_tag/g_way[1].mem_reg     |      26624 |     BLOCK |             |  A:A:1024x26           |  B:B:1024x26           |
| u_tag/g_way[2].mem          |      26624 |           | RAM_SDP     | 1024x26                | 1024x26                |
|  u_tag/g_way[2].mem_reg     |      26624 |     BLOCK |             |  A:A:1024x26           |  B:B:1024x26           |
| u_tag/g_way[3].mem          |      26624 |           | RAM_SDP     | 1024x26                | 1024x26                |
|  u_tag/g_way[3].mem_reg     |      26624 |     BLOCK |             |  A:A:1024x26           |  B:B:1024x26           |
+-----------------------------+------------+-----------+-------------+------------------------+------------------------+


3. Memory Utilization - Inferred
--------------------------------

+-----------------------------+-----------+-----------+----------------+-----------+-----------+---------+---------------+---------------+---------+---------------+---------------+---------+---------------+---------------+---------+---------------+---------------+
| Memory Name                 | Primitive | RAM STYLE | Available Bits | Used Bits | Bit Util% | A Depth | A Depth Avail | A Depth Util% | A Width | A Width Avail | A Width Util% | B Depth | B Depth Avail | B Depth Util% | B Width | B Width Avail | B Width Util% |
+-----------------------------+-----------+-----------+----------------+-----------+-----------+---------+---------------+---------------+---------+---------------+---------------+---------+---------------+---------------+---------+---------------+---------------+
| u_dat/g_way[0].mem          |           |           |                |           |           |         |               |               |         |               |               |         |               |               |         |               |               |
|  u_dat/g_way[0].mem_reg_0_0 | RAMB36E1  |     BLOCK |          36864 |     32768 |     88.89 |    8192 |          8192 |        100.00 |       4 |             4 |        100.00 |    8192 |          8192 |        100.00 |       4 |             4 |        100.00 |
|  u_dat/g_way[0].mem_reg_0_1 | RAMB36E1  |     BLOCK |          36864 |     32768 |     88.89 |    8192 |          8192 |        100.00 |       4 |             4 |        100.00 |    8192 |          8192 |        100.00 |       4 |             4 |        100.00 |
|  u_dat/g_way[0].mem_reg_1_0 | RAMB36E1  |     BLOCK |          36864 |     32768 |     88.89 |    8192 |          8192 |        100.00 |       4 |             4 |        100.00 |    8192 |          8192 |        100.00 |       4 |             4 |        100.00 |
|  u_dat/g_way[0].mem_reg_1_1 | RAMB36E1  |     BLOCK |          36864 |     32768 |     88.89 |    8192 |          8192 |        100.00 |       4 |             4 |        100.00 |    8192 |          8192 |        100.00 |       4 |             4 |        100.00 |
|  u_dat/g_way[0].mem_reg_2_0 | RAMB36E1  |     BLOCK |          36864 |     32768 |     88.89 |    8192 |          8192 |        100.00 |       4 |             4 |        100.00 |    8192 |          8192 |        100.00 |       4 |             4 |        100.00 |
|  u_dat/g_way[0].mem_reg_2_1 | RAMB36E1  |     BLOCK |          36864 |     32768 |     88.89 |    8192 |          8192 |        100.00 |       4 |             4 |        100.00 |    8192 |          8192 |        100.00 |       4 |             4 |        100.00 |
|  u_dat/g_way[0].mem_reg_3_0 | RAMB36E1  |     BLOCK |          36864 |     32768 |     88.89 |    8192 |          8192 |        100.00 |       4 |             4 |        100.00 |    8192 |          8192 |        100.00 |       4 |             4 |        100.00 |
|  u_dat/g_way[0].mem_reg_3_1 | RAMB36E1  |     BLOCK |          36864 |     32768 |     88.89 |    8192 |          8192 |        100.00 |       4 |             4 |        100.00 |    8192 |          8192 |        100.00 |       4 |             4 |        100.00 |
|  u_dat/g_way[0].mem_reg_4_0 | RAMB36E1  |     BLOCK |          36864 |     32768 |     88.89 |    8192 |          8192 |        100.00 |       4 |             4 |        100.00 |    8192 |          8192 |        100.00 |       4 |             4 |        100.00 |
|  u_dat/g_way[0].mem_reg_4_1 | RAMB36E1  |     BLOCK |          36864 |     32768 |     88.89 |    8192 |          8192 |        100.00 |       4 |             4 |        100.00 |    8192 |          8192 |        100.00 |       4 |             4 |        100.00 |
|  u_dat/g_way[0].mem_reg_5_0 | RAMB36E1  |     BLOCK |          36864 |     32768 |     88.89 |    8192 |          8192 |        100.00 |       4 |             4 |        100.00 |    8192 |          8192 |        100.00 |       4 |             4 |        100.00 |
|  u_dat/g_way[0].mem_reg_5_1 | RAMB36E1  |     BLOCK |          36864 |     32768 |     88.89 |    8192 |          8192 |        100.00 |       4 |             4 |        100.00 |    8192 |          8192 |        100.00 |       4 |             4 |        100.00 |
|  u_dat/g_way[0].mem_reg_6_0 | RAMB36E1  |     BLOCK |          36864 |     32768 |     88.89 |    8192 |          8192 |        100.00 |       4 |             4 |        100.00 |    8192 |          8192 |        100.00 |       4 |             4 |        100.00 |
|  u_dat/g_way[0].mem_reg_6_1 | RAMB36E1  |     BLOCK |          36864 |     32768 |     88.89 |    8192 |          8192 |        100.00 |       4 |             4 |        100.00 |    8192 |          8192 |        100.00 |       4 |             4 |        100.00 |
|  u_dat/g_way[0].mem_reg_7_0 | RAMB36E1  |     BLOCK |          36864 |     32768 |     88.89 |    8192 |          8192 |        100.00 |       4 |             4 |        100.00 |    8192 |          8192 |        100.00 |       4 |             4 |        100.00 |
|  u_dat/g_way[0].mem_reg_7_1 | RAMB36E1  |     BLOCK |          36864 |     32768 |     88.89 |    8192 |          8192 |        100.00 |       4 |             4 |        100.00 |    8192 |          8192 |        100.00 |       4 |             4 |        100.00 |
| u_dat/g_way[1].mem          |           |           |                |           |           |         |               |               |         |               |               |         |               |               |         |               |               |
|  u_dat/g_way[1].mem_reg_0_0 | RAMB36E1  |     BLOCK |          36864 |     32768 |     88.89 |    8192 |          8192 |        100.00 |       4 |             4 |        100.00 |    8192 |          8192 |        100.00 |       4 |             4 |        100.00 |
|  u_dat/g_way[1].mem_reg_0_1 | RAMB36E1  |     BLOCK |          36864 |     32768 |     88.89 |    8192 |          8192 |        100.00 |       4 |             4 |        100.00 |    8192 |          8192 |        100.00 |       4 |             4 |        100.00 |
|  u_dat/g_way[1].mem_reg_1_0 | RAMB36E1  |     BLOCK |          36864 |     32768 |     88.89 |    8192 |          8192 |        100.00 |       4 |             4 |        100.00 |    8192 |          8192 |        100.00 |       4 |             4 |        100.00 |
|  u_dat/g_way[1].mem_reg_1_1 | RAMB36E1  |     BLOCK |          36864 |     32768 |     88.89 |    8192 |          8192 |        100.00 |       4 |             4 |        100.00 |    8192 |          8192 |        100.00 |       4 |             4 |        100.00 |
|  u_dat/g_way[1].mem_reg_2_0 | RAMB36E1  |     BLOCK |          36864 |     32768 |     88.89 |    8192 |          8192 |        100.00 |       4 |             4 |        100.00 |    8192 |          8192 |        100.00 |       4 |             4 |        100.00 |
|  u_dat/g_way[1].mem_reg_2_1 | RAMB36E1  |     BLOCK |          36864 |     32768 |     88.89 |    8192 |          8192 |        100.00 |       4 |             4 |        100.00 |    8192 |          8192 |        100.00 |       4 |             4 |        100.00 |
|  u_dat/g_way[1].mem_reg_3_0 | RAMB36E1  |     BLOCK |          36864 |     32768 |     88.89 |    8192 |          8192 |        100.00 |       4 |             4 |        100.00 |    8192 |          8192 |        100.00 |       4 |             4 |        100.00 |
|  u_dat/g_way[1].mem_reg_3_1 | RAMB36E1  |     BLOCK |          36864 |     32768 |     88.89 |    8192 |          8192 |        100.00 |       4 |             4 |        100.00 |    8192 |          8192 |        100.00 |       4 |             4 |        100.00 |
|  u_dat/g_way[1].mem_reg_4_0 | RAMB36E1  |     BLOCK |          36864 |     32768 |     88.89 |    8192 |          8192 |        100.00 |       4 |             4 |        100.00 |    8192 |          8192 |        100.00 |       4 |             4 |        100.00 |
|  u_dat/g_way[1].mem_reg_4_1 | RAMB36E1  |     BLOCK |          36864 |     32768 |     88.89 |    8192 |          8192 |        100.00 |       4 |             4 |        100.00 |    8192 |          8192 |        100.00 |       4 |             4 |        100.00 |
|  u_dat/g_way[1].mem_reg_5_0 | RAMB36E1  |     BLOCK |          36864 |     32768 |     88.89 |    8192 |          8192 |        100.00 |       4 |             4 |        100.00 |    8192 |          8192 |        100.00 |       4 |             4 |        100.00 |
|  u_dat/g_way[1].mem_reg_5_1 | RAMB36E1  |     BLOCK |          36864 |     32768 |     88.89 |    8192 |          8192 |        100.00 |       4 |             4 |        100.00 |    8192 |          8192 |        100.00 |       4 |             4 |        100.00 |
|  u_dat/g_way[1].mem_reg_6_0 | RAMB36E1  |     BLOCK |          36864 |     32768 |     88.89 |    8192 |          8192 |        100.00 |       4 |             4 |        100.00 |    8192 |          8192 |        100.00 |       4 |             4 |        100.00 |
|  u_dat/g_way[1].mem_reg_6_1 | RAMB36E1  |     BLOCK |          36864 |     32768 |     88.89 |    8192 |          8192 |        100.00 |       4 |             4 |        100.00 |    8192 |          8192 |        100.00 |       4 |             4 |        100.00 |
|  u_dat/g_way[1].mem_reg_7_0 | RAMB36E1  |     BLOCK |          36864 |     32768 |     88.89 |    8192 |          8192 |        100.00 |       4 |             4 |        100.00 |    8192 |          8192 |        100.00 |       4 |             4 |        100.00 |
|  u_dat/g_way[1].mem_reg_7_1 | RAMB36E1  |     BLOCK |          36864 |     32768 |     88.89 |    8192 |          8192 |        100.00 |       4 |             4 |        100.00 |    8192 |          8192 |        100.00 |       4 |             4 |        100.00 |
| u_dat/g_way[2].mem          |           |           |                |           |           |         |               |               |         |               |               |         |               |               |         |               |               |
|  u_dat/g_way[2].mem_reg_0_0 | RAMB36E1  |     BLOCK |          36864 |     32768 |     88.89 |    8192 |          8192 |        100.00 |       4 |             4 |        100.00 |    8192 |          8192 |        100.00 |       4 |             4 |        100.00 |
|  u_dat/g_way[2].mem_reg_0_1 | RAMB36E1  |     BLOCK |          36864 |     32768 |     88.89 |    8192 |          8192 |        100.00 |       4 |             4 |        100.00 |    8192 |          8192 |        100.00 |       4 |             4 |        100.00 |
|  u_dat/g_way[2].mem_reg_1_0 | RAMB36E1  |     BLOCK |          36864 |     32768 |     88.89 |    8192 |          8192 |        100.00 |       4 |             4 |        100.00 |    8192 |          8192 |        100.00 |       4 |             4 |        100.00 |
|  u_dat/g_way[2].mem_reg_1_1 | RAMB36E1  |     BLOCK |          36864 |     32768 |     88.89 |    8192 |          8192 |        100.00 |       4 |             4 |        100.00 |    8192 |          8192 |        100.00 |       4 |             4 |        100.00 |
|  u_dat/g_way[2].mem_reg_2_0 | RAMB36E1  |     BLOCK |          36864 |     32768 |     88.89 |    8192 |          8192 |        100.00 |       4 |             4 |        100.00 |    8192 |          8192 |        100.00 |       4 |             4 |        100.00 |
|  u_dat/g_way[2].mem_reg_2_1 | RAMB36E1  |     BLOCK |          36864 |     32768 |     88.89 |    8192 |          8192 |        100.00 |       4 |             4 |        100.00 |    8192 |          8192 |        100.00 |       4 |             4 |        100.00 |
|  u_dat/g_way[2].mem_reg_3_0 | RAMB36E1  |     BLOCK |          36864 |     32768 |     88.89 |    8192 |          8192 |        100.00 |       4 |             4 |        100.00 |    8192 |          8192 |        100.00 |       4 |             4 |        100.00 |
|  u_dat/g_way[2].mem_reg_3_1 | RAMB36E1  |     BLOCK |          36864 |     32768 |     88.89 |    8192 |          8192 |        100.00 |       4 |             4 |        100.00 |    8192 |          8192 |        100.00 |       4 |             4 |        100.00 |
|  u_dat/g_way[2].mem_reg_4_0 | RAMB36E1  |     BLOCK |          36864 |     32768 |     88.89 |    8192 |          8192 |        100.00 |       4 |             4 |        100.00 |    8192 |          8192 |        100.00 |       4 |             4 |        100.00 |
|  u_dat/g_way[2].mem_reg_4_1 | RAMB36E1  |     BLOCK |          36864 |     32768 |     88.89 |    8192 |          8192 |        100.00 |       4 |             4 |        100.00 |    8192 |          8192 |        100.00 |       4 |             4 |        100.00 |
|  u_dat/g_way[2].mem_reg_5_0 | RAMB36E1  |     BLOCK |          36864 |     32768 |     88.89 |    8192 |          8192 |        100.00 |       4 |             4 |        100.00 |    8192 |          8192 |        100.00 |       4 |             4 |        100.00 |
|  u_dat/g_way[2].mem_reg_5_1 | RAMB36E1  |     BLOCK |          36864 |     32768 |     88.89 |    8192 |          8192 |        100.00 |       4 |             4 |        100.00 |    8192 |          8192 |        100.00 |       4 |             4 |        100.00 |
|  u_dat/g_way[2].mem_reg_6_0 | RAMB36E1  |     BLOCK |          36864 |     32768 |     88.89 |    8192 |          8192 |        100.00 |       4 |             4 |        100.00 |    8192 |          8192 |        100.00 |       4 |             4 |        100.00 |
|  u_dat/g_way[2].mem_reg_6_1 | RAMB36E1  |     BLOCK |          36864 |     32768 |     88.89 |    8192 |          8192 |        100.00 |       4 |             4 |        100.00 |    8192 |          8192 |        100.00 |       4 |             4 |        100.00 |
|  u_dat/g_way[2].mem_reg_7_0 | RAMB36E1  |     BLOCK |          36864 |     32768 |     88.89 |    8192 |          8192 |        100.00 |       4 |             4 |        100.00 |    8192 |          8192 |        100.00 |       4 |             4 |        100.00 |
|  u_dat/g_way[2].mem_reg_7_1 | RAMB36E1  |     BLOCK |          36864 |     32768 |     88.89 |    8192 |          8192 |        100.00 |       4 |             4 |        100.00 |    8192 |          8192 |        100.00 |       4 |             4 |        100.00 |
| u_dat/g_way[3].mem          |           |           |                |           |           |         |               |               |         |               |               |         |               |               |         |               |               |
|  u_dat/g_way[3].mem_reg_0_0 | RAMB36E1  |     BLOCK |          36864 |     32768 |     88.89 |    8192 |          8192 |        100.00 |       4 |             4 |        100.00 |    8192 |          8192 |        100.00 |       4 |             4 |        100.00 |
|  u_dat/g_way[3].mem_reg_0_1 | RAMB36E1  |     BLOCK |          36864 |     32768 |     88.89 |    8192 |          8192 |        100.00 |       4 |             4 |        100.00 |    8192 |          8192 |        100.00 |       4 |             4 |        100.00 |
|  u_dat/g_way[3].mem_reg_1_0 | RAMB36E1  |     BLOCK |          36864 |     32768 |     88.89 |    8192 |          8192 |        100.00 |       4 |             4 |        100.00 |    8192 |          8192 |        100.00 |       4 |             4 |        100.00 |
|  u_dat/g_way[3].mem_reg_1_1 | RAMB36E1  |     BLOCK |          36864 |     32768 |     88.89 |    8192 |          8192 |        100.00 |       4 |             4 |        100.00 |    8192 |          8192 |        100.00 |       4 |             4 |        100.00 |
|  u_dat/g_way[3].mem_reg_2_0 | RAMB36E1  |     BLOCK |          36864 |     32768 |     88.89 |    8192 |          8192 |        100.00 |       4 |             4 |        100.00 |    8192 |          8192 |        100.00 |       4 |             4 |        100.00 |
|  u_dat/g_way[3].mem_reg_2_1 | RAMB36E1  |     BLOCK |          36864 |     32768 |     88.89 |    8192 |          8192 |        100.00 |       4 |             4 |        100.00 |    8192 |          8192 |        100.00 |       4 |             4 |        100.00 |
|  u_dat/g_way[3].mem_reg_3_0 | RAMB36E1  |     BLOCK |          36864 |     32768 |     88.89 |    8192 |          8192 |        100.00 |       4 |             4 |        100.00 |    8192 |          8192 |        100.00 |       4 |             4 |        100.00 |
|  u_dat/g_way[3].mem_reg_3_1 | RAMB36E1  |     BLOCK |          36864 |     32768 |     88.89 |    8192 |          8192 |        100.00 |       4 |             4 |        100.00 |    8192 |          8192 |        100.00 |       4 |             4 |        100.00 |
|  u_dat/g_way[3].mem_reg_4_0 | RAMB36E1  |     BLOCK |          36864 |     32768 |     88.89 |    8192 |          8192 |        100.00 |       4 |             4 |        100.00 |    8192 |          8192 |        100.00 |       4 |             4 |        100.00 |
|  u_dat/g_way[3].mem_reg_4_1 | RAMB36E1  |     BLOCK |          36864 |     32768 |     88.89 |    8192 |          8192 |        100.00 |       4 |             4 |        100.00 |    8192 |          8192 |        100.00 |       4 |             4 |        100.00 |
|  u_dat/g_way[3].mem_reg_5_0 | RAMB36E1  |     BLOCK |          36864 |     32768 |     88.89 |    8192 |          8192 |        100.00 |       4 |             4 |        100.00 |    8192 |          8192 |        100.00 |       4 |             4 |        100.00 |
|  u_dat/g_way[3].mem_reg_5_1 | RAMB36E1  |     BLOCK |          36864 |     32768 |     88.89 |    8192 |          8192 |        100.00 |       4 |             4 |        100.00 |    8192 |          8192 |        100.00 |       4 |             4 |        100.00 |
|  u_dat/g_way[3].mem_reg_6_0 | RAMB36E1  |     BLOCK |          36864 |     32768 |     88.89 |    8192 |          8192 |        100.00 |       4 |             4 |        100.00 |    8192 |          8192 |        100.00 |       4 |             4 |        100.00 |
|  u_dat/g_way[3].mem_reg_6_1 | RAMB36E1  |     BLOCK |          36864 |     32768 |     88.89 |    8192 |          8192 |        100.00 |       4 |             4 |        100.00 |    8192 |          8192 |        100.00 |       4 |             4 |        100.00 |
|  u_dat/g_way[3].mem_reg_7_0 | RAMB36E1  |     BLOCK |          36864 |     32768 |     88.89 |    8192 |          8192 |        100.00 |       4 |             4 |        100.00 |    8192 |          8192 |        100.00 |       4 |             4 |        100.00 |
|  u_dat/g_way[3].mem_reg_7_1 | RAMB36E1  |     BLOCK |          36864 |     32768 |     88.89 |    8192 |          8192 |        100.00 |       4 |             4 |        100.00 |    8192 |          8192 |        100.00 |       4 |             4 |        100.00 |
| u_tag/g_way[0].mem          |           |           |                |           |           |         |               |               |         |               |               |         |               |               |         |               |               |
|  u_tag/g_way[0].mem_reg     | RAMB36E1  |     BLOCK |          36864 |     26624 |     72.22 |    1024 |          1024 |        100.00 |      26 |            36 |         72.22 |    1024 |          1024 |        100.00 |      26 |            36 |         72.22 |
| u_tag/g_way[1].mem          |           |           |                |           |           |         |               |               |         |               |               |         |               |               |         |               |               |
|  u_tag/g_way[1].mem_reg     | RAMB36E1  |     BLOCK |          36864 |     26624 |     72.22 |    1024 |          1024 |        100.00 |      26 |            36 |         72.22 |    1024 |          1024 |        100.00 |      26 |            36 |         72.22 |
| u_tag/g_way[2].mem          |           |           |                |           |           |         |               |               |         |               |               |         |               |               |         |               |               |
|  u_tag/g_way[2].mem_reg     | RAMB36E1  |     BLOCK |          36864 |     26624 |     72.22 |    1024 |          1024 |        100.00 |      26 |            36 |         72.22 |    1024 |          1024 |        100.00 |      26 |            36 |         72.22 |
| u_tag/g_way[3].mem          |           |           |                |           |           |         |               |               |         |               |               |         |               |               |         |               |               |
|  u_tag/g_way[3].mem_reg     | RAMB36E1  |     BLOCK |          36864 |     26624 |     72.22 |    1024 |          1024 |        100.00 |      26 |            36 |         72.22 |    1024 |          1024 |        100.00 |      26 |            36 |         72.22 |
+-----------------------------+-----------+-----------+----------------+-----------+-----------+---------+---------------+---------------+---------+---------------+---------------+---------+---------------+---------------+---------+---------------+---------------+


4. Memory Performance - Inferred
--------------------------------

+-----------------------------+-----------+------------------------+------------------------+-------------+-------------------------+-------------+-------------------------+-----------+--------+--------+---------+-----------+--------+--------+---------+
| Memory Name                 | Primitive | Port 1 Dimension / Map | Port 2 Dimension / Map | Port A Type | Port A Requirement (ns) | Port B Type | Port B Requirement (ns) | A Cascade | IREG_A | OREG_A | DOA_REG | B Cascade | IREG_B | OREG_B | DOB_REG |
+-----------------------------+-----------+------------------------+------------------------+-------------+-------------------------+-------------+-------------------------+-----------+--------+--------+---------+-----------+--------+--------+---------+
| u_dat/g_way[0].mem          |           | 8192x64                | 8192x64                |             |                         |             |                         |           |        |        |         |           |        |        |         |
|  u_dat/g_way[0].mem_reg_0_0 | RAMB36E1  |  A:A:8192x4            |  B:B:8192x4            |       Write |                    20.0 |        Read |                    20.0 |           |        |        |       0 |           |        |        |       0 |
|  u_dat/g_way[0].mem_reg_0_1 | RAMB36E1  |  A:A:8192x4            |  B:B:8192x4            |       Write |                    20.0 |        Read |                    20.0 |           |        |        |       0 |           |        |        |       0 |
|  u_dat/g_way[0].mem_reg_1_0 | RAMB36E1  |  A:A:8192x4            |  B:B:8192x4            |       Write |                    20.0 |        Read |                    20.0 |           |        |        |       0 |           |        |        |       0 |
|  u_dat/g_way[0].mem_reg_1_1 | RAMB36E1  |  A:A:8192x4            |  B:B:8192x4            |       Write |                    20.0 |        Read |                    20.0 |           |        |        |       0 |           |        |        |       0 |
|  u_dat/g_way[0].mem_reg_2_0 | RAMB36E1  |  A:A:8192x4            |  B:B:8192x4            |       Write |                    20.0 |        Read |                    20.0 |           |        |        |       0 |           |        |        |       0 |
|  u_dat/g_way[0].mem_reg_2_1 | RAMB36E1  |  A:A:8192x4            |  B:B:8192x4            |       Write |                    20.0 |        Read |                    20.0 |           |        |        |       0 |           |        |        |       0 |
|  u_dat/g_way[0].mem_reg_3_0 | RAMB36E1  |  A:A:8192x4            |  B:B:8192x4            |       Write |                    20.0 |        Read |                    20.0 |           |        |        |       0 |           |        |        |       0 |
|  u_dat/g_way[0].mem_reg_3_1 | RAMB36E1  |  A:A:8192x4            |  B:B:8192x4            |       Write |                    20.0 |        Read |                    20.0 |           |        |        |       0 |           |        |        |       0 |
|  u_dat/g_way[0].mem_reg_4_0 | RAMB36E1  |  A:A:8192x4            |  B:B:8192x4            |       Write |                    20.0 |        Read |                    20.0 |           |        |        |       0 |           |        |        |       0 |
|  u_dat/g_way[0].mem_reg_4_1 | RAMB36E1  |  A:A:8192x4            |  B:B:8192x4            |       Write |                    20.0 |        Read |                    20.0 |           |        |        |       0 |           |        |        |       0 |
|  u_dat/g_way[0].mem_reg_5_0 | RAMB36E1  |  A:A:8192x4            |  B:B:8192x4            |       Write |                    20.0 |        Read |                    20.0 |           |        |        |       0 |           |        |        |       0 |
|  u_dat/g_way[0].mem_reg_5_1 | RAMB36E1  |  A:A:8192x4            |  B:B:8192x4            |       Write |                    20.0 |        Read |                    20.0 |           |        |        |       0 |           |        |        |       0 |
|  u_dat/g_way[0].mem_reg_6_0 | RAMB36E1  |  A:A:8192x4            |  B:B:8192x4            |       Write |                    20.0 |        Read |                    20.0 |           |        |        |       0 |           |        |        |       0 |
|  u_dat/g_way[0].mem_reg_6_1 | RAMB36E1  |  A:A:8192x4            |  B:B:8192x4            |       Write |                    20.0 |        Read |                    20.0 |           |        |        |       0 |           |        |        |       0 |
|  u_dat/g_way[0].mem_reg_7_0 | RAMB36E1  |  A:A:8192x4            |  B:B:8192x4            |       Write |                    20.0 |        Read |                    20.0 |           |        |        |       0 |           |        |        |       0 |
|  u_dat/g_way[0].mem_reg_7_1 | RAMB36E1  |  A:A:8192x4            |  B:B:8192x4            |       Write |                    20.0 |        Read |                    20.0 |           |        |        |       0 |           |        |        |       0 |
| u_dat/g_way[1].mem          |           | 8192x64                | 8192x64                |             |                         |             |                         |           |        |        |         |           |        |        |         |
|  u_dat/g_way[1].mem_reg_0_0 | RAMB36E1  |  A:A:8192x4            |  B:B:8192x4            |       Write |                    20.0 |        Read |                    20.0 |           |        |        |       0 |           |        |        |       0 |
|  u_dat/g_way[1].mem_reg_0_1 | RAMB36E1  |  A:A:8192x4            |  B:B:8192x4            |       Write |                    20.0 |        Read |                    20.0 |           |        |        |       0 |           |        |        |       0 |
|  u_dat/g_way[1].mem_reg_1_0 | RAMB36E1  |  A:A:8192x4            |  B:B:8192x4            |       Write |                    20.0 |        Read |                    20.0 |           |        |        |       0 |           |        |        |       0 |
|  u_dat/g_way[1].mem_reg_1_1 | RAMB36E1  |  A:A:8192x4            |  B:B:8192x4            |       Write |                    20.0 |        Read |                    20.0 |           |        |        |       0 |           |        |        |       0 |
|  u_dat/g_way[1].mem_reg_2_0 | RAMB36E1  |  A:A:8192x4            |  B:B:8192x4            |       Write |                    20.0 |        Read |                    20.0 |           |        |        |       0 |           |        |        |       0 |
|  u_dat/g_way[1].mem_reg_2_1 | RAMB36E1  |  A:A:8192x4            |  B:B:8192x4            |       Write |                    20.0 |        Read |                    20.0 |           |        |        |       0 |           |        |        |       0 |
|  u_dat/g_way[1].mem_reg_3_0 | RAMB36E1  |  A:A:8192x4            |  B:B:8192x4            |       Write |                    20.0 |        Read |                    20.0 |           |        |        |       0 |           |        |        |       0 |
|  u_dat/g_way[1].mem_reg_3_1 | RAMB36E1  |  A:A:8192x4            |  B:B:8192x4            |       Write |                    20.0 |        Read |                    20.0 |           |        |        |       0 |           |        |        |       0 |
|  u_dat/g_way[1].mem_reg_4_0 | RAMB36E1  |  A:A:8192x4            |  B:B:8192x4            |       Write |                    20.0 |        Read |                    20.0 |           |        |        |       0 |           |        |        |       0 |
|  u_dat/g_way[1].mem_reg_4_1 | RAMB36E1  |  A:A:8192x4            |  B:B:8192x4            |       Write |                    20.0 |        Read |                    20.0 |           |        |        |       0 |           |        |        |       0 |
|  u_dat/g_way[1].mem_reg_5_0 | RAMB36E1  |  A:A:8192x4            |  B:B:8192x4            |       Write |                    20.0 |        Read |                    20.0 |           |        |        |       0 |           |        |        |       0 |
|  u_dat/g_way[1].mem_reg_5_1 | RAMB36E1  |  A:A:8192x4            |  B:B:8192x4            |       Write |                    20.0 |        Read |                    20.0 |           |        |        |       0 |           |        |        |       0 |
|  u_dat/g_way[1].mem_reg_6_0 | RAMB36E1  |  A:A:8192x4            |  B:B:8192x4            |       Write |                    20.0 |        Read |                    20.0 |           |        |        |       0 |           |        |        |       0 |
|  u_dat/g_way[1].mem_reg_6_1 | RAMB36E1  |  A:A:8192x4            |  B:B:8192x4            |       Write |                    20.0 |        Read |                    20.0 |           |        |        |       0 |           |        |        |       0 |
|  u_dat/g_way[1].mem_reg_7_0 | RAMB36E1  |  A:A:8192x4            |  B:B:8192x4            |       Write |                    20.0 |        Read |                    20.0 |           |        |        |       0 |           |        |        |       0 |
|  u_dat/g_way[1].mem_reg_7_1 | RAMB36E1  |  A:A:8192x4            |  B:B:8192x4            |       Write |                    20.0 |        Read |                    20.0 |           |        |        |       0 |           |        |        |       0 |
| u_dat/g_way[2].mem          |           | 8192x64                | 8192x64                |             |                         |             |                         |           |        |        |         |           |        |        |         |
|  u_dat/g_way[2].mem_reg_0_0 | RAMB36E1  |  A:A:8192x4            |  B:B:8192x4            |       Write |                    20.0 |        Read |                    20.0 |           |        |        |       0 |           |        |        |       0 |
|  u_dat/g_way[2].mem_reg_0_1 | RAMB36E1  |  A:A:8192x4            |  B:B:8192x4            |       Write |                    20.0 |        Read |                    20.0 |           |        |        |       0 |           |        |        |       0 |
|  u_dat/g_way[2].mem_reg_1_0 | RAMB36E1  |  A:A:8192x4            |  B:B:8192x4            |       Write |                    20.0 |        Read |                    20.0 |           |        |        |       0 |           |        |        |       0 |
|  u_dat/g_way[2].mem_reg_1_1 | RAMB36E1  |  A:A:8192x4            |  B:B:8192x4            |       Write |                    20.0 |        Read |                    20.0 |           |        |        |       0 |           |        |        |       0 |
|  u_dat/g_way[2].mem_reg_2_0 | RAMB36E1  |  A:A:8192x4            |  B:B:8192x4            |       Write |                    20.0 |        Read |                    20.0 |           |        |        |       0 |           |        |        |       0 |
|  u_dat/g_way[2].mem_reg_2_1 | RAMB36E1  |  A:A:8192x4            |  B:B:8192x4            |       Write |                    20.0 |        Read |                    20.0 |           |        |        |       0 |           |        |        |       0 |
|  u_dat/g_way[2].mem_reg_3_0 | RAMB36E1  |  A:A:8192x4            |  B:B:8192x4            |       Write |                    20.0 |        Read |                    20.0 |           |        |        |       0 |           |        |        |       0 |
|  u_dat/g_way[2].mem_reg_3_1 | RAMB36E1  |  A:A:8192x4            |  B:B:8192x4            |       Write |                    20.0 |        Read |                    20.0 |           |        |        |       0 |           |        |        |       0 |
|  u_dat/g_way[2].mem_reg_4_0 | RAMB36E1  |  A:A:8192x4            |  B:B:8192x4            |       Write |                    20.0 |        Read |                    20.0 |           |        |        |       0 |           |        |        |       0 |
|  u_dat/g_way[2].mem_reg_4_1 | RAMB36E1  |  A:A:8192x4            |  B:B:8192x4            |       Write |                    20.0 |        Read |                    20.0 |           |        |        |       0 |           |        |        |       0 |
|  u_dat/g_way[2].mem_reg_5_0 | RAMB36E1  |  A:A:8192x4            |  B:B:8192x4            |       Write |                    20.0 |        Read |                    20.0 |           |        |        |       0 |           |        |        |       0 |
|  u_dat/g_way[2].mem_reg_5_1 | RAMB36E1  |  A:A:8192x4            |  B:B:8192x4            |       Write |                    20.0 |        Read |                    20.0 |           |        |        |       0 |           |        |        |       0 |
|  u_dat/g_way[2].mem_reg_6_0 | RAMB36E1  |  A:A:8192x4            |  B:B:8192x4            |       Write |                    20.0 |        Read |                    20.0 |           |        |        |       0 |           |        |        |       0 |
|  u_dat/g_way[2].mem_reg_6_1 | RAMB36E1  |  A:A:8192x4            |  B:B:8192x4            |       Write |                    20.0 |        Read |                    20.0 |           |        |        |       0 |           |        |        |       0 |
|  u_dat/g_way[2].mem_reg_7_0 | RAMB36E1  |  A:A:8192x4            |  B:B:8192x4            |       Write |                    20.0 |        Read |                    20.0 |           |        |        |       0 |           |        |        |       0 |
|  u_dat/g_way[2].mem_reg_7_1 | RAMB36E1  |  A:A:8192x4            |  B:B:8192x4            |       Write |                    20.0 |        Read |                    20.0 |           |        |        |       0 |           |        |        |       0 |
| u_dat/g_way[3].mem          |           | 8192x64                | 8192x64                |             |                         |             |                         |           |        |        |         |           |        |        |         |
|  u_dat/g_way[3].mem_reg_0_0 | RAMB36E1  |  A:A:8192x4            |  B:B:8192x4            |       Write |                    20.0 |        Read |                    20.0 |           |        |        |       0 |           |        |        |       0 |
|  u_dat/g_way[3].mem_reg_0_1 | RAMB36E1  |  A:A:8192x4            |  B:B:8192x4            |       Write |                    20.0 |        Read |                    20.0 |           |        |        |       0 |           |        |        |       0 |
|  u_dat/g_way[3].mem_reg_1_0 | RAMB36E1  |  A:A:8192x4            |  B:B:8192x4            |       Write |                    20.0 |        Read |                    20.0 |           |        |        |       0 |           |        |        |       0 |
|  u_dat/g_way[3].mem_reg_1_1 | RAMB36E1  |  A:A:8192x4            |  B:B:8192x4            |       Write |                    20.0 |        Read |                    20.0 |           |        |        |       0 |           |        |        |       0 |
|  u_dat/g_way[3].mem_reg_2_0 | RAMB36E1  |  A:A:8192x4            |  B:B:8192x4            |       Write |                    20.0 |        Read |                    20.0 |           |        |        |       0 |           |        |        |       0 |
|  u_dat/g_way[3].mem_reg_2_1 | RAMB36E1  |  A:A:8192x4            |  B:B:8192x4            |       Write |                    20.0 |        Read |                    20.0 |           |        |        |       0 |           |        |        |       0 |
|  u_dat/g_way[3].mem_reg_3_0 | RAMB36E1  |  A:A:8192x4            |  B:B:8192x4            |       Write |                    20.0 |        Read |                    20.0 |           |        |        |       0 |           |        |        |       0 |
|  u_dat/g_way[3].mem_reg_3_1 | RAMB36E1  |  A:A:8192x4            |  B:B:8192x4            |       Write |                    20.0 |        Read |                    20.0 |           |        |        |       0 |           |        |        |       0 |
|  u_dat/g_way[3].mem_reg_4_0 | RAMB36E1  |  A:A:8192x4            |  B:B:8192x4            |       Write |                    20.0 |        Read |                    20.0 |           |        |        |       0 |           |        |        |       0 |
|  u_dat/g_way[3].mem_reg_4_1 | RAMB36E1  |  A:A:8192x4            |  B:B:8192x4            |       Write |                    20.0 |        Read |                    20.0 |           |        |        |       0 |           |        |        |       0 |
|  u_dat/g_way[3].mem_reg_5_0 | RAMB36E1  |  A:A:8192x4            |  B:B:8192x4            |       Write |                    20.0 |        Read |                    20.0 |           |        |        |       0 |           |        |        |       0 |
|  u_dat/g_way[3].mem_reg_5_1 | RAMB36E1  |  A:A:8192x4            |  B:B:8192x4            |       Write |                    20.0 |        Read |                    20.0 |           |        |        |       0 |           |        |        |       0 |
|  u_dat/g_way[3].mem_reg_6_0 | RAMB36E1  |  A:A:8192x4            |  B:B:8192x4            |       Write |                    20.0 |        Read |                    20.0 |           |        |        |       0 |           |        |        |       0 |
|  u_dat/g_way[3].mem_reg_6_1 | RAMB36E1  |  A:A:8192x4            |  B:B:8192x4            |       Write |                    20.0 |        Read |                    20.0 |           |        |        |       0 |           |        |        |       0 |
|  u_dat/g_way[3].mem_reg_7_0 | RAMB36E1  |  A:A:8192x4            |  B:B:8192x4            |       Write |                    20.0 |        Read |                    20.0 |           |        |        |       0 |           |        |        |       0 |
|  u_dat/g_way[3].mem_reg_7_1 | RAMB36E1  |  A:A:8192x4            |  B:B:8192x4            |       Write |                    20.0 |        Read |                    20.0 |           |        |        |       0 |           |        |        |       0 |
| u_tag/g_way[0].mem          |           | 1024x26                | 1024x26                |             |                         |             |                         |           |        |        |         |           |        |        |         |
|  u_tag/g_way[0].mem_reg     | RAMB36E1  |  A:A:1024x26           |  B:B:1024x26           |       Write |                    20.0 |        Read |                    20.0 |           |        |        |       0 |           |        |        |       0 |
| u_tag/g_way[1].mem          |           | 1024x26                | 1024x26                |             |                         |             |                         |           |        |        |         |           |        |        |         |
|  u_tag/g_way[1].mem_reg     | RAMB36E1  |  A:A:1024x26           |  B:B:1024x26           |       Write |                    20.0 |        Read |                    20.0 |           |        |        |       0 |           |        |        |       0 |
| u_tag/g_way[2].mem          |           | 1024x26                | 1024x26                |             |                         |             |                         |           |        |        |         |           |        |        |         |
|  u_tag/g_way[2].mem_reg     | RAMB36E1  |  A:A:1024x26           |  B:B:1024x26           |       Write |                    20.0 |        Read |                    20.0 |           |        |        |       0 |           |        |        |       0 |
| u_tag/g_way[3].mem          |           | 1024x26                | 1024x26                |             |                         |             |                         |           |        |        |         |           |        |        |         |
|  u_tag/g_way[3].mem_reg     | RAMB36E1  |  A:A:1024x26           |  B:B:1024x26           |       Write |                    20.0 |        Read |                    20.0 |           |        |        |       0 |           |        |        |       0 |
+-----------------------------+-----------+------------------------+------------------------+-------------+-------------------------+-------------+-------------------------+-----------+--------+--------+---------+-----------+--------+--------+---------+


5. Block Ram / URAM Memory Power - Inferred
-------------------------------------------

+-----------------------------+-----------+------------------------+------------------------+--------------------+---------------+-------------------+-----------+--------------------+---------------+-------------------+-----------+
| Memory Name                 | Primitive | Port 1 Dimension / Map | Port 2 Dimension / Map | Port A Power Gated | Port A Enable | Port A WRITE_MODE | A Cascade | Port B Power Gated | Port B Enable | Port B WRITE_MODE | B Cascade |
+-----------------------------+-----------+------------------------+------------------------+--------------------+---------------+-------------------+-----------+--------------------+---------------+-------------------+-----------+
| u_dat/g_way[0].mem          |           | 8192x64                | 8192x64                |                    |               |                   |           |                    |               |                   |           |
|  u_dat/g_way[0].mem_reg_0_0 | RAMB36E1  |  A:A:8192x4            |  B:B:8192x4            |                    |        SIGNAL |        READ_FIRST |           |                    |        SIGNAL |       WRITE_FIRST |           |
|  u_dat/g_way[0].mem_reg_0_1 | RAMB36E1  |  A:A:8192x4            |  B:B:8192x4            |                    |        SIGNAL |        READ_FIRST |           |                    |        SIGNAL |       WRITE_FIRST |           |
|  u_dat/g_way[0].mem_reg_1_0 | RAMB36E1  |  A:A:8192x4            |  B:B:8192x4            |                    |        SIGNAL |        READ_FIRST |           |                    |        SIGNAL |       WRITE_FIRST |           |
|  u_dat/g_way[0].mem_reg_1_1 | RAMB36E1  |  A:A:8192x4            |  B:B:8192x4            |                    |        SIGNAL |        READ_FIRST |           |                    |        SIGNAL |       WRITE_FIRST |           |
|  u_dat/g_way[0].mem_reg_2_0 | RAMB36E1  |  A:A:8192x4            |  B:B:8192x4            |                    |        SIGNAL |        READ_FIRST |           |                    |        SIGNAL |       WRITE_FIRST |           |
|  u_dat/g_way[0].mem_reg_2_1 | RAMB36E1  |  A:A:8192x4            |  B:B:8192x4            |                    |        SIGNAL |        READ_FIRST |           |                    |        SIGNAL |       WRITE_FIRST |           |
|  u_dat/g_way[0].mem_reg_3_0 | RAMB36E1  |  A:A:8192x4            |  B:B:8192x4            |                    |        SIGNAL |        READ_FIRST |           |                    |        SIGNAL |       WRITE_FIRST |           |
|  u_dat/g_way[0].mem_reg_3_1 | RAMB36E1  |  A:A:8192x4            |  B:B:8192x4            |                    |        SIGNAL |        READ_FIRST |           |                    |        SIGNAL |       WRITE_FIRST |           |
|  u_dat/g_way[0].mem_reg_4_0 | RAMB36E1  |  A:A:8192x4            |  B:B:8192x4            |                    |        SIGNAL |        READ_FIRST |           |                    |        SIGNAL |       WRITE_FIRST |           |
|  u_dat/g_way[0].mem_reg_4_1 | RAMB36E1  |  A:A:8192x4            |  B:B:8192x4            |                    |        SIGNAL |        READ_FIRST |           |                    |        SIGNAL |       WRITE_FIRST |           |
|  u_dat/g_way[0].mem_reg_5_0 | RAMB36E1  |  A:A:8192x4            |  B:B:8192x4            |                    |        SIGNAL |        READ_FIRST |           |                    |        SIGNAL |       WRITE_FIRST |           |
|  u_dat/g_way[0].mem_reg_5_1 | RAMB36E1  |  A:A:8192x4            |  B:B:8192x4            |                    |        SIGNAL |        READ_FIRST |           |                    |        SIGNAL |       WRITE_FIRST |           |
|  u_dat/g_way[0].mem_reg_6_0 | RAMB36E1  |  A:A:8192x4            |  B:B:8192x4            |                    |        SIGNAL |        READ_FIRST |           |                    |        SIGNAL |       WRITE_FIRST |           |
|  u_dat/g_way[0].mem_reg_6_1 | RAMB36E1  |  A:A:8192x4            |  B:B:8192x4            |                    |        SIGNAL |        READ_FIRST |           |                    |        SIGNAL |       WRITE_FIRST |           |
|  u_dat/g_way[0].mem_reg_7_0 | RAMB36E1  |  A:A:8192x4            |  B:B:8192x4            |                    |        SIGNAL |        READ_FIRST |           |                    |        SIGNAL |       WRITE_FIRST |           |
|  u_dat/g_way[0].mem_reg_7_1 | RAMB36E1  |  A:A:8192x4            |  B:B:8192x4            |                    |        SIGNAL |        READ_FIRST |           |                    |        SIGNAL |       WRITE_FIRST |           |
| u_dat/g_way[1].mem          |           | 8192x64                | 8192x64                |                    |               |                   |           |                    |               |                   |           |
|  u_dat/g_way[1].mem_reg_0_0 | RAMB36E1  |  A:A:8192x4            |  B:B:8192x4            |                    |        SIGNAL |        READ_FIRST |           |                    |        SIGNAL |       WRITE_FIRST |           |
|  u_dat/g_way[1].mem_reg_0_1 | RAMB36E1  |  A:A:8192x4            |  B:B:8192x4            |                    |        SIGNAL |        READ_FIRST |           |                    |        SIGNAL |       WRITE_FIRST |           |
|  u_dat/g_way[1].mem_reg_1_0 | RAMB36E1  |  A:A:8192x4            |  B:B:8192x4            |                    |        SIGNAL |        READ_FIRST |           |                    |        SIGNAL |       WRITE_FIRST |           |
|  u_dat/g_way[1].mem_reg_1_1 | RAMB36E1  |  A:A:8192x4            |  B:B:8192x4            |                    |        SIGNAL |        READ_FIRST |           |                    |        SIGNAL |       WRITE_FIRST |           |
|  u_dat/g_way[1].mem_reg_2_0 | RAMB36E1  |  A:A:8192x4            |  B:B:8192x4            |                    |        SIGNAL |        READ_FIRST |           |                    |        SIGNAL |       WRITE_FIRST |           |
|  u_dat/g_way[1].mem_reg_2_1 | RAMB36E1  |  A:A:8192x4            |  B:B:8192x4            |                    |        SIGNAL |        READ_FIRST |           |                    |        SIGNAL |       WRITE_FIRST |           |
|  u_dat/g_way[1].mem_reg_3_0 | RAMB36E1  |  A:A:8192x4            |  B:B:8192x4            |                    |        SIGNAL |        READ_FIRST |           |                    |        SIGNAL |       WRITE_FIRST |           |
|  u_dat/g_way[1].mem_reg_3_1 | RAMB36E1  |  A:A:8192x4            |  B:B:8192x4            |                    |        SIGNAL |        READ_FIRST |           |                    |        SIGNAL |       WRITE_FIRST |           |
|  u_dat/g_way[1].mem_reg_4_0 | RAMB36E1  |  A:A:8192x4            |  B:B:8192x4            |                    |        SIGNAL |        READ_FIRST |           |                    |        SIGNAL |       WRITE_FIRST |           |
|  u_dat/g_way[1].mem_reg_4_1 | RAMB36E1  |  A:A:8192x4            |  B:B:8192x4            |                    |        SIGNAL |        READ_FIRST |           |                    |        SIGNAL |       WRITE_FIRST |           |
|  u_dat/g_way[1].mem_reg_5_0 | RAMB36E1  |  A:A:8192x4            |  B:B:8192x4            |                    |        SIGNAL |        READ_FIRST |           |                    |        SIGNAL |       WRITE_FIRST |           |
|  u_dat/g_way[1].mem_reg_5_1 | RAMB36E1  |  A:A:8192x4            |  B:B:8192x4            |                    |        SIGNAL |        READ_FIRST |           |                    |        SIGNAL |       WRITE_FIRST |           |
|  u_dat/g_way[1].mem_reg_6_0 | RAMB36E1  |  A:A:8192x4            |  B:B:8192x4            |                    |        SIGNAL |        READ_FIRST |           |                    |        SIGNAL |       WRITE_FIRST |           |
|  u_dat/g_way[1].mem_reg_6_1 | RAMB36E1  |  A:A:8192x4            |  B:B:8192x4            |                    |        SIGNAL |        READ_FIRST |           |                    |        SIGNAL |       WRITE_FIRST |           |
|  u_dat/g_way[1].mem_reg_7_0 | RAMB36E1  |  A:A:8192x4            |  B:B:8192x4            |                    |        SIGNAL |        READ_FIRST |           |                    |        SIGNAL |       WRITE_FIRST |           |
|  u_dat/g_way[1].mem_reg_7_1 | RAMB36E1  |  A:A:8192x4            |  B:B:8192x4            |                    |        SIGNAL |        READ_FIRST |           |                    |        SIGNAL |       WRITE_FIRST |           |
| u_dat/g_way[2].mem          |           | 8192x64                | 8192x64                |                    |               |                   |           |                    |               |                   |           |
|  u_dat/g_way[2].mem_reg_0_0 | RAMB36E1  |  A:A:8192x4            |  B:B:8192x4            |                    |        SIGNAL |        READ_FIRST |           |                    |        SIGNAL |       WRITE_FIRST |           |
|  u_dat/g_way[2].mem_reg_0_1 | RAMB36E1  |  A:A:8192x4            |  B:B:8192x4            |                    |        SIGNAL |        READ_FIRST |           |                    |        SIGNAL |       WRITE_FIRST |           |
|  u_dat/g_way[2].mem_reg_1_0 | RAMB36E1  |  A:A:8192x4            |  B:B:8192x4            |                    |        SIGNAL |        READ_FIRST |           |                    |        SIGNAL |       WRITE_FIRST |           |
|  u_dat/g_way[2].mem_reg_1_1 | RAMB36E1  |  A:A:8192x4            |  B:B:8192x4            |                    |        SIGNAL |        READ_FIRST |           |                    |        SIGNAL |       WRITE_FIRST |           |
|  u_dat/g_way[2].mem_reg_2_0 | RAMB36E1  |  A:A:8192x4            |  B:B:8192x4            |                    |        SIGNAL |        READ_FIRST |           |                    |        SIGNAL |       WRITE_FIRST |           |
|  u_dat/g_way[2].mem_reg_2_1 | RAMB36E1  |  A:A:8192x4            |  B:B:8192x4            |                    |        SIGNAL |        READ_FIRST |           |                    |        SIGNAL |       WRITE_FIRST |           |
|  u_dat/g_way[2].mem_reg_3_0 | RAMB36E1  |  A:A:8192x4            |  B:B:8192x4            |                    |        SIGNAL |        READ_FIRST |           |                    |        SIGNAL |       WRITE_FIRST |           |
|  u_dat/g_way[2].mem_reg_3_1 | RAMB36E1  |  A:A:8192x4            |  B:B:8192x4            |                    |        SIGNAL |        READ_FIRST |           |                    |        SIGNAL |       WRITE_FIRST |           |
|  u_dat/g_way[2].mem_reg_4_0 | RAMB36E1  |  A:A:8192x4            |  B:B:8192x4            |                    |        SIGNAL |        READ_FIRST |           |                    |        SIGNAL |       WRITE_FIRST |           |
|  u_dat/g_way[2].mem_reg_4_1 | RAMB36E1  |  A:A:8192x4            |  B:B:8192x4            |                    |        SIGNAL |        READ_FIRST |           |                    |        SIGNAL |       WRITE_FIRST |           |
|  u_dat/g_way[2].mem_reg_5_0 | RAMB36E1  |  A:A:8192x4            |  B:B:8192x4            |                    |        SIGNAL |        READ_FIRST |           |                    |        SIGNAL |       WRITE_FIRST |           |
|  u_dat/g_way[2].mem_reg_5_1 | RAMB36E1  |  A:A:8192x4            |  B:B:8192x4            |                    |        SIGNAL |        READ_FIRST |           |                    |        SIGNAL |       WRITE_FIRST |           |
|  u_dat/g_way[2].mem_reg_6_0 | RAMB36E1  |  A:A:8192x4            |  B:B:8192x4            |                    |        SIGNAL |        READ_FIRST |           |                    |        SIGNAL |       WRITE_FIRST |           |
|  u_dat/g_way[2].mem_reg_6_1 | RAMB36E1  |  A:A:8192x4            |  B:B:8192x4            |                    |        SIGNAL |        READ_FIRST |           |                    |        SIGNAL |       WRITE_FIRST |           |
|  u_dat/g_way[2].mem_reg_7_0 | RAMB36E1  |  A:A:8192x4            |  B:B:8192x4            |                    |        SIGNAL |        READ_FIRST |           |                    |        SIGNAL |       WRITE_FIRST |           |
|  u_dat/g_way[2].mem_reg_7_1 | RAMB36E1  |  A:A:8192x4            |  B:B:8192x4            |                    |        SIGNAL |        READ_FIRST |           |                    |        SIGNAL |       WRITE_FIRST |           |
| u_dat/g_way[3].mem          |           | 8192x64                | 8192x64                |                    |               |                   |           |                    |               |                   |           |
|  u_dat/g_way[3].mem_reg_0_0 | RAMB36E1  |  A:A:8192x4            |  B:B:8192x4            |                    |        SIGNAL |        READ_FIRST |           |                    |        SIGNAL |       WRITE_FIRST |           |
|  u_dat/g_way[3].mem_reg_0_1 | RAMB36E1  |  A:A:8192x4            |  B:B:8192x4            |                    |        SIGNAL |        READ_FIRST |           |                    |        SIGNAL |       WRITE_FIRST |           |
|  u_dat/g_way[3].mem_reg_1_0 | RAMB36E1  |  A:A:8192x4            |  B:B:8192x4            |                    |        SIGNAL |        READ_FIRST |           |                    |        SIGNAL |       WRITE_FIRST |           |
|  u_dat/g_way[3].mem_reg_1_1 | RAMB36E1  |  A:A:8192x4            |  B:B:8192x4            |                    |        SIGNAL |        READ_FIRST |           |                    |        SIGNAL |       WRITE_FIRST |           |
|  u_dat/g_way[3].mem_reg_2_0 | RAMB36E1  |  A:A:8192x4            |  B:B:8192x4            |                    |        SIGNAL |        READ_FIRST |           |                    |        SIGNAL |       WRITE_FIRST |           |
|  u_dat/g_way[3].mem_reg_2_1 | RAMB36E1  |  A:A:8192x4            |  B:B:8192x4            |                    |        SIGNAL |        READ_FIRST |           |                    |        SIGNAL |       WRITE_FIRST |           |
|  u_dat/g_way[3].mem_reg_3_0 | RAMB36E1  |  A:A:8192x4            |  B:B:8192x4            |                    |        SIGNAL |        READ_FIRST |           |                    |        SIGNAL |       WRITE_FIRST |           |
|  u_dat/g_way[3].mem_reg_3_1 | RAMB36E1  |  A:A:8192x4            |  B:B:8192x4            |                    |        SIGNAL |        READ_FIRST |           |                    |        SIGNAL |       WRITE_FIRST |           |
|  u_dat/g_way[3].mem_reg_4_0 | RAMB36E1  |  A:A:8192x4            |  B:B:8192x4            |                    |        SIGNAL |        READ_FIRST |           |                    |        SIGNAL |       WRITE_FIRST |           |
|  u_dat/g_way[3].mem_reg_4_1 | RAMB36E1  |  A:A:8192x4            |  B:B:8192x4            |                    |        SIGNAL |        READ_FIRST |           |                    |        SIGNAL |       WRITE_FIRST |           |
|  u_dat/g_way[3].mem_reg_5_0 | RAMB36E1  |  A:A:8192x4            |  B:B:8192x4            |                    |        SIGNAL |        READ_FIRST |           |                    |        SIGNAL |       WRITE_FIRST |           |
|  u_dat/g_way[3].mem_reg_5_1 | RAMB36E1  |  A:A:8192x4            |  B:B:8192x4            |                    |        SIGNAL |        READ_FIRST |           |                    |        SIGNAL |       WRITE_FIRST |           |
|  u_dat/g_way[3].mem_reg_6_0 | RAMB36E1  |  A:A:8192x4            |  B:B:8192x4            |                    |        SIGNAL |        READ_FIRST |           |                    |        SIGNAL |       WRITE_FIRST |           |
|  u_dat/g_way[3].mem_reg_6_1 | RAMB36E1  |  A:A:8192x4            |  B:B:8192x4            |                    |        SIGNAL |        READ_FIRST |           |                    |        SIGNAL |       WRITE_FIRST |           |
|  u_dat/g_way[3].mem_reg_7_0 | RAMB36E1  |  A:A:8192x4            |  B:B:8192x4            |                    |        SIGNAL |        READ_FIRST |           |                    |        SIGNAL |       WRITE_FIRST |           |
|  u_dat/g_way[3].mem_reg_7_1 | RAMB36E1  |  A:A:8192x4            |  B:B:8192x4            |                    |        SIGNAL |        READ_FIRST |           |                    |        SIGNAL |       WRITE_FIRST |           |
| u_tag/g_way[0].mem          |           | 1024x26                | 1024x26                |                    |               |                   |           |                    |               |                   |           |
|  u_tag/g_way[0].mem_reg     | RAMB36E1  |  A:A:1024x26           |  B:B:1024x26           |                    |        SIGNAL |        READ_FIRST |           |                    |        SIGNAL |       WRITE_FIRST |           |
| u_tag/g_way[1].mem          |           | 1024x26                | 1024x26                |                    |               |                   |           |                    |               |                   |           |
|  u_tag/g_way[1].mem_reg     | RAMB36E1  |  A:A:1024x26           |  B:B:1024x26           |                    |        SIGNAL |        READ_FIRST |           |                    |        SIGNAL |       WRITE_FIRST |           |
| u_tag/g_way[2].mem          |           | 1024x26                | 1024x26                |                    |               |                   |           |                    |               |                   |           |
|  u_tag/g_way[2].mem_reg     | RAMB36E1  |  A:A:1024x26           |  B:B:1024x26           |                    |        SIGNAL |        READ_FIRST |           |                    |        SIGNAL |       WRITE_FIRST |           |
| u_tag/g_way[3].mem          |           | 1024x26                | 1024x26                |                    |               |                   |           |                    |               |                   |           |
|  u_tag/g_way[3].mem_reg     | RAMB36E1  |  A:A:1024x26           |  B:B:1024x26           |                    |        SIGNAL |        READ_FIRST |           |                    |        SIGNAL |       WRITE_FIRST |           |
+-----------------------------+-----------+------------------------+------------------------+--------------------+---------------+-------------------+-----------+--------------------+---------------+-------------------+-----------+


