Copyright 1986-2022 Xilinx, Inc. All Rights Reserved. Copyright 2022-2025 Advanced Micro Devices, Inc. All Rights Reserved.
---------------------------------------------------------------------------------------------------------------------------------------------
| Tool Version : Vivado v.2025.1 (win64) Build 6140274 Thu May 22 00:12:29 MDT 2025
| Date         : Tue Oct  6 21:31:21 2026
| Host         : ARM-Windows running 64-bit major release  (build 9200)
| Command      : report_timing -max_paths 20 -nworst 1 -path_type full -file ./output/L2_256K_4w/timing_paths.rpt
| Design       : CPU_L2
| Device       : 7a100t-csg324
| Speed File   : -1  PRODUCTION 1.23 2018-06-13
| Design State : Routed
---------------------------------------------------------------------------------------------------------------------------------------------

Timing Report

Slack (MET) :             3.953ns  (required time - arrival time)
  Source:                 f_rp_reg[1]/C
                            (rising edge-triggered cell FDCE clocked by clk  {rise@0.000ns fall@10.000ns period=20.000ns})
  Destination:            s_axi4_rdata[39]
                            (output port clocked by clk  {rise@0.000ns fall@10.000ns period=20.000ns})
  Path Group:             clk
  Path Type:              Max at Slow Process Corner
  Requirement:            20.000ns  (clk rise@20.000ns - clk rise@0.000ns)
  Data Path Delay:        9.038ns  (logic 0.580ns (6.417%)  route 8.458ns (93.583%))
  Logic Levels:           1  (LUT6=1)
  Output Delay:           6.000ns
  Clock Path Skew:        -0.973ns (DCD - SCD + CPR)
    Destination Clock Delay (DCD):    0.000ns = ( 20.000 - 20.000 ) 
    Source Clock Delay      (SCD):    0.973ns
    Clock Pessimism Removal (CPR):    0.000ns
  Clock Uncertainty:      0.035ns  ((TSJ^2 + TIJ^2)^1/2 + DJ) / 2 + PE
    Total System Jitter     (TSJ):    0.071ns
    Total Input Jitter      (TIJ):    0.000ns
    Discrete Jitter          (DJ):    0.000ns
    Phase Error              (PE):    0.000ns

    Location             Delay type                Incr(ns)  Path(ns)    Netlist Resource(s)
  -------------------------------------------------------------------    -------------------
                         (clock clk rise edge)        0.000     0.000 r  
                         propagated clock network latency
                                                      0.973     0.973    
    SLICE_X68Y76         FDCE                         0.000     0.973 r  f_rp_reg[1]/C
    SLICE_X68Y76         FDCE (Prop_fdce_C_Q)         0.456     1.429 r  f_rp_reg[1]/Q
                         net (fo=72, routed)          7.485     8.914    f_rp[1]
    SLICE_X31Y58         LUT6 (Prop_lut6_I3_O)        0.124     9.038 r  s_axi4_rdata[39]_INST_0/O
                         net (fo=0)                   0.973    10.011    s_axi4_rdata[39]
                                                                      r  s_axi4_rdata[39] (OUT)
  -------------------------------------------------------------------    -------------------

                         (clock clk rise edge)       20.000    20.000 r  
                         propagated clock network latency
                                                      0.000    20.000    
                         clock pessimism              0.000    20.000    
                         clock uncertainty           -0.035    19.965    
                         output delay                -6.000    13.965    
  -------------------------------------------------------------------
                         required time                         13.965    
                         arrival time                         -10.011    
  -------------------------------------------------------------------
                         slack                                  3.953    

Slack (MET) :             4.163ns  (required time - arrival time)
  Source:                 u_tag/g_way[2].mem_reg/CLKBWRCLK
                            (rising edge-triggered cell RAMB36E1 clocked by clk  {rise@0.000ns fall@10.000ns period=20.000ns})
  Destination:            ev_miss
                            (output port clocked by clk  {rise@0.000ns fall@10.000ns period=20.000ns})
  Path Group:             clk
  Path Type:              Max at Slow Process Corner
  Requirement:            20.000ns  (clk rise@20.000ns - clk rise@0.000ns)
  Data Path Delay:        8.828ns  (logic 3.933ns (44.549%)  route 4.895ns (55.451%))
  Logic Levels:           5  (CARRY4=1 LUT4=1 LUT5=1 LUT6=2)
  Output Delay:           6.000ns
  Clock Path Skew:        -0.973ns (DCD - SCD + CPR)
    Destination Clock Delay (DCD):    0.000ns = ( 20.000 - 20.000 ) 
    Source Clock Delay      (SCD):    0.973ns
    Clock Pessimism Removal (CPR):    0.000ns
  Clock Uncertainty:      0.035ns  ((TSJ^2 + TIJ^2)^1/2 + DJ) / 2 + PE
    Total System Jitter     (TSJ):    0.071ns
    Total Input Jitter      (TIJ):    0.000ns
    Discrete Jitter          (DJ):    0.000ns
    Phase Error              (PE):    0.000ns

    Location             Delay type                Incr(ns)  Path(ns)    Netlist Resource(s)
  -------------------------------------------------------------------    -------------------
                         (clock clk rise edge)        0.000     0.000 r  
                         propagated clock network latency
                                                      0.973     0.973    
    RAMB36_X2Y14         RAMB36E1                     0.000     0.973 r  u_tag/g_way[2].mem_reg/CLKBWRCLK
    RAMB36_X2Y14         RAMB36E1 (Prop_ramb36e1_CLKBWRCLK_DOBDO[15])
                                                      2.454     3.427 r  u_tag/g_way[2].mem_reg/DOBDO[15]
                         net (fo=2, routed)           1.472     4.899    u_tag/t_rd_tag[63]
    SLICE_X71Y70         LUT6 (Prop_lut6_I2_O)        0.124     5.023 r  u_tag/ev_miss_INST_0_i_33/O
                         net (fo=1, routed)           0.000     5.023    u_tag/ev_miss_INST_0_i_33_n_0
    SLICE_X71Y70         CARRY4 (Prop_carry4_S[1]_CO[3])
                                                      0.550     5.573 f  u_tag/ev_miss_INST_0_i_16/CO[3]
                         net (fo=3, routed)           1.284     6.858    u_tag/st64_out
    SLICE_X64Y70         LUT4 (Prop_lut4_I3_O)        0.152     7.010 f  u_tag/ev_miss_INST_0_i_4/O
                         net (fo=1, routed)           0.434     7.443    u_tag/ev_miss_INST_0_i_4_n_0
    SLICE_X64Y70         LUT5 (Prop_lut5_I4_O)        0.321     7.764 f  u_tag/ev_miss_INST_0_i_1/O
                         net (fo=12, routed)          0.732     8.496    u_tag/hit_any
    SLICE_X69Y75         LUT6 (Prop_lut6_I5_O)        0.332     8.828 r  u_tag/ev_miss_INST_0/O
                         net (fo=0)                   0.973     9.801    ev_miss
                                                                      r  ev_miss (OUT)
  -------------------------------------------------------------------    -------------------

                         (clock clk rise edge)       20.000    20.000 r  
                         propagated clock network latency
                                                      0.000    20.000    
                         clock pessimism              0.000    20.000    
                         clock uncertainty           -0.035    19.965    
                         output delay                -6.000    13.965    
  -------------------------------------------------------------------
                         required time                         13.965    
                         arrival time                          -9.801    
  -------------------------------------------------------------------
                         slack                                  4.163    

Slack (MET) :             4.231ns  (required time - arrival time)
  Source:                 FSM_sequential_dst_reg[0]/C
                            (rising edge-triggered cell FDPE clocked by clk  {rise@0.000ns fall@10.000ns period=20.000ns})
  Destination:            m_axi4_wdata[37]
                            (output port clocked by clk  {rise@0.000ns fall@10.000ns period=20.000ns})
  Path Group:             clk
  Path Type:              Max at Slow Process Corner
  Requirement:            20.000ns  (clk rise@20.000ns - clk rise@0.000ns)
  Data Path Delay:        8.761ns  (logic 0.766ns (8.744%)  route 7.995ns (91.256%))
  Logic Levels:           2  (LUT2=1 LUT5=1)
  Output Delay:           6.000ns
  Clock Path Skew:        -0.973ns (DCD - SCD + CPR)
    Destination Clock Delay (DCD):    0.000ns = ( 20.000 - 20.000 ) 
    Source Clock Delay      (SCD):    0.973ns
    Clock Pessimism Removal (CPR):    0.000ns
  Clock Uncertainty:      0.035ns  ((TSJ^2 + TIJ^2)^1/2 + DJ) / 2 + PE
    Total System Jitter     (TSJ):    0.071ns
    Total Input Jitter      (TIJ):    0.000ns
    Discrete Jitter          (DJ):    0.000ns
    Phase Error              (PE):    0.000ns

    Location             Delay type                Incr(ns)  Path(ns)    Netlist Resource(s)
  -------------------------------------------------------------------    -------------------
                         (clock clk rise edge)        0.000     0.000 r  
                         propagated clock network latency
                                                      0.973     0.973    
    SLICE_X70Y76         FDPE                         0.000     0.973 r  FSM_sequential_dst_reg[0]/C
    SLICE_X70Y76         FDPE (Prop_fdpe_C_Q)         0.518     1.491 f  FSM_sequential_dst_reg[0]/Q
                         net (fo=9, routed)           0.531     2.022    dst__0[0]
    SLICE_X70Y76         LUT2 (Prop_lut2_I1_O)        0.124     2.146 r  m_axi4_awid[3]_INST_0_i_1/O
                         net (fo=134, routed)         6.490     8.637    m_axi4_awid[3]_INST_0_i_1_n_0
    SLICE_X36Y62         LUT5 (Prop_lut5_I4_O)        0.124     8.761 r  m_axi4_wdata[37]_INST_0/O
                         net (fo=0)                   0.973     9.734    m_axi4_wdata[37]
                                                                      r  m_axi4_wdata[37] (OUT)
  -------------------------------------------------------------------    -------------------

                         (clock clk rise edge)       20.000    20.000 r  
                         propagated clock network latency
                                                      0.000    20.000    
                         clock pessimism              0.000    20.000    
                         clock uncertainty           -0.035    19.965    
                         output delay                -6.000    13.965    
  -------------------------------------------------------------------
                         required time                         13.965    
                         arrival time                          -9.734    
  -------------------------------------------------------------------
                         slack                                  4.231    

Slack (MET) :             4.257ns  (required time - arrival time)
  Source:                 f_rp_reg[1]/C
                            (rising edge-triggered cell FDCE clocked by clk  {rise@0.000ns fall@10.000ns period=20.000ns})
  Destination:            s_axi4_rdata[36]
                            (output port clocked by clk  {rise@0.000ns fall@10.000ns period=20.000ns})
  Path Group:             clk
  Path Type:              Max at Slow Process Corner
  Requirement:            20.000ns  (clk rise@20.000ns - clk rise@0.000ns)
  Data Path Delay:        8.735ns  (logic 0.580ns (6.640%)  route 8.155ns (93.360%))
  Logic Levels:           1  (LUT6=1)
  Output Delay:           6.000ns
  Clock Path Skew:        -0.973ns (DCD - SCD + CPR)
    Destination Clock Delay (DCD):    0.000ns = ( 20.000 - 20.000 ) 
    Source Clock Delay      (SCD):    0.973ns
    Clock Pessimism Removal (CPR):    0.000ns
  Clock Uncertainty:      0.035ns  ((TSJ^2 + TIJ^2)^1/2 + DJ) / 2 + PE
    Total System Jitter     (TSJ):    0.071ns
    Total Input Jitter      (TIJ):    0.000ns
    Discrete Jitter          (DJ):    0.000ns
    Phase Error              (PE):    0.000ns

    Location             Delay type                Incr(ns)  Path(ns)    Netlist Resource(s)
  -------------------------------------------------------------------    -------------------
                         (clock clk rise edge)        0.000     0.000 r  
                         propagated clock network latency
                                                      0.973     0.973    
    SLICE_X68Y76         FDCE                         0.000     0.973 r  f_rp_reg[1]/C
    SLICE_X68Y76         FDCE (Prop_fdce_C_Q)         0.456     1.429 r  f_rp_reg[1]/Q
                         net (fo=72, routed)          7.182     8.611    f_rp[1]
    SLICE_X28Y60         LUT6 (Prop_lut6_I3_O)        0.124     8.735 r  s_axi4_rdata[36]_INST_0/O
                         net (fo=0)                   0.973     9.708    s_axi4_rdata[36]
                                                                      r  s_axi4_rdata[36] (OUT)
  -------------------------------------------------------------------    -------------------

                         (clock clk rise edge)       20.000    20.000 r  
                         propagated clock network latency
                                                      0.000    20.000    
                         clock pessimism              0.000    20.000    
                         clock uncertainty           -0.035    19.965    
                         output delay                -6.000    13.965    
  -------------------------------------------------------------------
                         required time                         13.965    
                         arrival time                          -9.708    
  -------------------------------------------------------------------
                         slack                                  4.257    

Slack (MET) :             4.325ns  (required time - arrival time)
  Source:                 FSM_sequential_dst_reg[0]/C
                            (rising edge-triggered cell FDPE clocked by clk  {rise@0.000ns fall@10.000ns period=20.000ns})
  Destination:            m_axi4_wdata[44]
                            (output port clocked by clk  {rise@0.000ns fall@10.000ns period=20.000ns})
  Path Group:             clk
  Path Type:              Max at Slow Process Corner
  Requirement:            20.000ns  (clk rise@20.000ns - clk rise@0.000ns)
  Data Path Delay:        8.667ns  (logic 0.766ns (8.838%)  route 7.901ns (91.162%))
  Logic Levels:           2  (LUT2=1 LUT5=1)
  Output Delay:           6.000ns
  Clock Path Skew:        -0.973ns (DCD - SCD + CPR)
    Destination Clock Delay (DCD):    0.000ns = ( 20.000 - 20.000 ) 
    Source Clock Delay      (SCD):    0.973ns
    Clock Pessimism Removal (CPR):    0.000ns
  Clock Uncertainty:      0.035ns  ((TSJ^2 + TIJ^2)^1/2 + DJ) / 2 + PE
    Total System Jitter     (TSJ):    0.071ns
    Total Input Jitter      (TIJ):    0.000ns
    Discrete Jitter          (DJ):    0.000ns
    Phase Error              (PE):    0.000ns

    Location             Delay type                Incr(ns)  Path(ns)    Netlist Resource(s)
  -------------------------------------------------------------------    -------------------
                         (clock clk rise edge)        0.000     0.000 r  
                         propagated clock network latency
                                                      0.973     0.973    
    SLICE_X70Y76         FDPE                         0.000     0.973 r  FSM_sequential_dst_reg[0]/C
    SLICE_X70Y76         FDPE (Prop_fdpe_C_Q)         0.518     1.491 f  FSM_sequential_dst_reg[0]/Q
                         net (fo=9, routed)           0.531     2.022    dst__0[0]
    SLICE_X70Y76         LUT2 (Prop_lut2_I1_O)        0.124     2.146 r  m_axi4_awid[3]_INST_0_i_1/O
                         net (fo=134, routed)         6.396     8.543    m_axi4_awid[3]_INST_0_i_1_n_0
    SLICE_X38Y65         LUT5 (Prop_lut5_I4_O)        0.124     8.667 r  m_axi4_wdata[44]_INST_0/O
                         net (fo=0)                   0.973     9.640    m_axi4_wdata[44]
                                                                      r  m_axi4_wdata[44] (OUT)
  -------------------------------------------------------------------    -------------------

                         (clock clk rise edge)       20.000    20.000 r  
                         propagated clock network latency
                                                      0.000    20.000    
                         clock pessimism              0.000    20.000    
                         clock uncertainty           -0.035    19.965    
                         output delay                -6.000    13.965    
  -------------------------------------------------------------------
                         required time                         13.965    
                         arrival time                          -9.640    
  -------------------------------------------------------------------
                         slack                                  4.325    

Slack (MET) :             4.389ns  (required time - arrival time)
  Source:                 FSM_sequential_dst_reg[0]/C
                            (rising edge-triggered cell FDPE clocked by clk  {rise@0.000ns fall@10.000ns period=20.000ns})
  Destination:            m_axi4_wdata[45]
                            (output port clocked by clk  {rise@0.000ns fall@10.000ns period=20.000ns})
  Path Group:             clk
  Path Type:              Max at Slow Process Corner
  Requirement:            20.000ns  (clk rise@20.000ns - clk rise@0.000ns)
  Data Path Delay:        8.603ns  (logic 0.766ns (8.904%)  route 7.837ns (91.096%))
  Logic Levels:           2  (LUT2=1 LUT5=1)
  Output Delay:           6.000ns
  Clock Path Skew:        -0.973ns (DCD - SCD + CPR)
    Destination Clock Delay (DCD):    0.000ns = ( 20.000 - 20.000 ) 
    Source Clock Delay      (SCD):    0.973ns
    Clock Pessimism Removal (CPR):    0.000ns
  Clock Uncertainty:      0.035ns  ((TSJ^2 + TIJ^2)^1/2 + DJ) / 2 + PE
    Total System Jitter     (TSJ):    0.071ns
    Total Input Jitter      (TIJ):    0.000ns
    Discrete Jitter          (DJ):    0.000ns
    Phase Error              (PE):    0.000ns

    Location             Delay type                Incr(ns)  Path(ns)    Netlist Resource(s)
  -------------------------------------------------------------------    -------------------
                         (clock clk rise edge)        0.000     0.000 r  
                         propagated clock network latency
                                                      0.973     0.973    
    SLICE_X70Y76         FDPE                         0.000     0.973 r  FSM_sequential_dst_reg[0]/C
    SLICE_X70Y76         FDPE (Prop_fdpe_C_Q)         0.518     1.491 f  FSM_sequential_dst_reg[0]/Q
                         net (fo=9, routed)           0.531     2.022    dst__0[0]
    SLICE_X70Y76         LUT2 (Prop_lut2_I1_O)        0.124     2.146 r  m_axi4_awid[3]_INST_0_i_1/O
                         net (fo=134, routed)         6.333     8.479    m_axi4_awid[3]_INST_0_i_1_n_0
    SLICE_X32Y65         LUT5 (Prop_lut5_I4_O)        0.124     8.603 r  m_axi4_wdata[45]_INST_0/O
                         net (fo=0)                   0.973     9.576    m_axi4_wdata[45]
                                                                      r  m_axi4_wdata[45] (OUT)
  -------------------------------------------------------------------    -------------------

                         (clock clk rise edge)       20.000    20.000 r  
                         propagated clock network latency
                                                      0.000    20.000    
                         clock pessimism              0.000    20.000    
                         clock uncertainty           -0.035    19.965    
                         output delay                -6.000    13.965    
  -------------------------------------------------------------------
                         required time                         13.965    
                         arrival time                          -9.576    
  -------------------------------------------------------------------
                         slack                                  4.389    

Slack (MET) :             4.456ns  (required time - arrival time)
  Source:                 FSM_sequential_dst_reg[0]/C
                            (rising edge-triggered cell FDPE clocked by clk  {rise@0.000ns fall@10.000ns period=20.000ns})
  Destination:            m_axi4_wdata[47]
                            (output port clocked by clk  {rise@0.000ns fall@10.000ns period=20.000ns})
  Path Group:             clk
  Path Type:              Max at Slow Process Corner
  Requirement:            20.000ns  (clk rise@20.000ns - clk rise@0.000ns)
  Data Path Delay:        8.536ns  (logic 0.766ns (8.974%)  route 7.770ns (91.026%))
  Logic Levels:           2  (LUT2=1 LUT5=1)
  Output Delay:           6.000ns
  Clock Path Skew:        -0.973ns (DCD - SCD + CPR)
    Destination Clock Delay (DCD):    0.000ns = ( 20.000 - 20.000 ) 
    Source Clock Delay      (SCD):    0.973ns
    Clock Pessimism Removal (CPR):    0.000ns
  Clock Uncertainty:      0.035ns  ((TSJ^2 + TIJ^2)^1/2 + DJ) / 2 + PE
    Total System Jitter     (TSJ):    0.071ns
    Total Input Jitter      (TIJ):    0.000ns
    Discrete Jitter          (DJ):    0.000ns
    Phase Error              (PE):    0.000ns

    Location             Delay type                Incr(ns)  Path(ns)    Netlist Resource(s)
  -------------------------------------------------------------------    -------------------
                         (clock clk rise edge)        0.000     0.000 r  
                         propagated clock network latency
                                                      0.973     0.973    
    SLICE_X70Y76         FDPE                         0.000     0.973 r  FSM_sequential_dst_reg[0]/C
    SLICE_X70Y76         FDPE (Prop_fdpe_C_Q)         0.518     1.491 f  FSM_sequential_dst_reg[0]/Q
                         net (fo=9, routed)           0.531     2.022    dst__0[0]
    SLICE_X70Y76         LUT2 (Prop_lut2_I1_O)        0.124     2.146 r  m_axi4_awid[3]_INST_0_i_1/O
                         net (fo=134, routed)         6.266     8.412    m_axi4_awid[3]_INST_0_i_1_n_0
    SLICE_X33Y65         LUT5 (Prop_lut5_I4_O)        0.124     8.536 r  m_axi4_wdata[47]_INST_0/O
                         net (fo=0)                   0.973     9.509    m_axi4_wdata[47]
                                                                      r  m_axi4_wdata[47] (OUT)
  -------------------------------------------------------------------    -------------------

                         (clock clk rise edge)       20.000    20.000 r  
                         propagated clock network latency
                                                      0.000    20.000    
                         clock pessimism              0.000    20.000    
                         clock uncertainty           -0.035    19.965    
                         output delay                -6.000    13.965    
  -------------------------------------------------------------------
                         required time                         13.965    
                         arrival time                          -9.509    
  -------------------------------------------------------------------
                         slack                                  4.456    

Slack (MET) :             4.463ns  (required time - arrival time)
  Source:                 rst_n
                            (input port clocked by clk  {rise@0.000ns fall@10.000ns period=20.000ns})
  Destination:            f_data_reg[1][47]/CLR
                            (recovery check against rising-edge clock clk  {rise@0.000ns fall@10.000ns period=20.000ns})
  Path Group:             **async_default**
  Path Type:              Recovery (Max at Slow Process Corner)
  Requirement:            20.000ns  (clk rise@20.000ns - clk rise@0.000ns)
  Data Path Delay:        10.021ns  (logic 0.124ns (1.237%)  route 9.897ns (98.763%))
  Logic Levels:           1  (LUT1=1)
  Input Delay:            6.000ns
  Clock Path Skew:        0.924ns (DCD - SCD + CPR)
    Destination Clock Delay (DCD):    0.924ns = ( 20.924 - 20.000 ) 
    Source Clock Delay      (SCD):    0.000ns
    Clock Pessimism Removal (CPR):    0.000ns
  Clock Uncertainty:      0.035ns  ((TSJ^2 + TIJ^2)^1/2 + DJ) / 2 + PE
    Total System Jitter     (TSJ):    0.071ns
    Total Input Jitter      (TIJ):    0.000ns
    Discrete Jitter          (DJ):    0.000ns
    Phase Error              (PE):    0.000ns

    Location             Delay type                Incr(ns)  Path(ns)    Netlist Resource(s)
  -------------------------------------------------------------------    -------------------
                         (clock clk rise edge)        0.000     0.000 r  
                         propagated clock network latency
                                                      0.000     0.000    
                         input delay                  6.000     6.000    
                                                      0.000     6.000 r  rst_n (IN)
                         net (fo=0)                   0.973     6.973    rst_n
    SLICE_X70Y93         LUT1 (Prop_lut1_I0_O)        0.124     7.097 f  cur_id[3]_i_3/O
                         net (fo=991, routed)         8.924    16.021    cur_id[3]_i_3_n_0
    SLICE_X28Y58         FDCE                                         f  f_data_reg[1][47]/CLR
  -------------------------------------------------------------------    -------------------

                         (clock clk rise edge)       20.000    20.000 r  
                         propagated clock network latency
                                                      0.924    20.924    
                         clock pessimism              0.000    20.924    
                         clock uncertainty           -0.035    20.889    
    SLICE_X28Y58         FDCE (Recov_fdce_C_CLR)     -0.405    20.484    f_data_reg[1][47]
  -------------------------------------------------------------------
                         required time                         20.484    
                         arrival time                         -16.021    
  -------------------------------------------------------------------
                         slack                                  4.463    

Slack (MET) :             4.467ns  (required time - arrival time)
  Source:                 rst_n
                            (input port clocked by clk  {rise@0.000ns fall@10.000ns period=20.000ns})
  Destination:            f_data_reg[0][37]/CLR
                            (recovery check against rising-edge clock clk  {rise@0.000ns fall@10.000ns period=20.000ns})
  Path Group:             **async_default**
  Path Type:              Recovery (Max at Slow Process Corner)
  Requirement:            20.000ns  (clk rise@20.000ns - clk rise@0.000ns)
  Data Path Delay:        10.017ns  (logic 0.124ns (1.238%)  route 9.893ns (98.762%))
  Logic Levels:           1  (LUT1=1)
  Input Delay:            6.000ns
  Clock Path Skew:        0.924ns (DCD - SCD + CPR)
    Destination Clock Delay (DCD):    0.924ns = ( 20.924 - 20.000 ) 
    Source Clock Delay      (SCD):    0.000ns
    Clock Pessimism Removal (CPR):    0.000ns
  Clock Uncertainty:      0.035ns  ((TSJ^2 + TIJ^2)^1/2 + DJ) / 2 + PE
    Total System Jitter     (TSJ):    0.071ns
    Total Input Jitter      (TIJ):    0.000ns
    Discrete Jitter          (DJ):    0.000ns
    Phase Error              (PE):    0.000ns

    Location             Delay type                Incr(ns)  Path(ns)    Netlist Resource(s)
  -------------------------------------------------------------------    -------------------
                         (clock clk rise edge)        0.000     0.000 r  
                         propagated clock network latency
                                                      0.000     0.000    
                         input delay                  6.000     6.000    
                                                      0.000     6.000 r  rst_n (IN)
                         net (fo=0)                   0.973     6.973    rst_n
    SLICE_X70Y93         LUT1 (Prop_lut1_I0_O)        0.124     7.097 f  cur_id[3]_i_3/O
                         net (fo=991, routed)         8.920    16.017    cur_id[3]_i_3_n_0
    SLICE_X29Y58         FDCE                                         f  f_data_reg[0][37]/CLR
  -------------------------------------------------------------------    -------------------

                         (clock clk rise edge)       20.000    20.000 r  
                         propagated clock network latency
                                                      0.924    20.924    
                         clock pessimism              0.000    20.924    
                         clock uncertainty           -0.035    20.889    
    SLICE_X29Y58         FDCE (Recov_fdce_C_CLR)     -0.405    20.484    f_data_reg[0][37]
  -------------------------------------------------------------------
                         required time                         20.484    
                         arrival time                         -16.017    
  -------------------------------------------------------------------
                         slack                                  4.467    

Slack (MET) :             4.467ns  (required time - arrival time)
  Source:                 rst_n
                            (input port clocked by clk  {rise@0.000ns fall@10.000ns period=20.000ns})
  Destination:            f_data_reg[0][44]/CLR
                            (recovery check against rising-edge clock clk  {rise@0.000ns fall@10.000ns period=20.000ns})
  Path Group:             **async_default**
  Path Type:              Recovery (Max at Slow Process Corner)
  Requirement:            20.000ns  (clk rise@20.000ns - clk rise@0.000ns)
  Data Path Delay:        10.017ns  (logic 0.124ns (1.238%)  route 9.893ns (98.762%))
  Logic Levels:           1  (LUT1=1)
  Input Delay:            6.000ns
  Clock Path Skew:        0.924ns (DCD - SCD + CPR)
    Destination Clock Delay (DCD):    0.924ns = ( 20.924 - 20.000 ) 
    Source Clock Delay      (SCD):    0.000ns
    Clock Pessimism Removal (CPR):    0.000ns
  Clock Uncertainty:      0.035ns  ((TSJ^2 + TIJ^2)^1/2 + DJ) / 2 + PE
    Total System Jitter     (TSJ):    0.071ns
    Total Input Jitter      (TIJ):    0.000ns
    Discrete Jitter          (DJ):    0.000ns
    Phase Error              (PE):    0.000ns

    Location             Delay type                Incr(ns)  Path(ns)    Netlist Resource(s)
  -------------------------------------------------------------------    -------------------
                         (clock clk rise edge)        0.000     0.000 r  
                         propagated clock network latency
                                                      0.000     0.000    
                         input delay                  6.000     6.000    
                                                      0.000     6.000 r  rst_n (IN)
                         net (fo=0)                   0.973     6.973    rst_n
    SLICE_X70Y93         LUT1 (Prop_lut1_I0_O)        0.124     7.097 f  cur_id[3]_i_3/O
                         net (fo=991, routed)         8.920    16.017    cur_id[3]_i_3_n_0
    SLICE_X29Y58         FDCE                                         f  f_data_reg[0][44]/CLR
  -------------------------------------------------------------------    -------------------

                         (clock clk rise edge)       20.000    20.000 r  
                         propagated clock network latency
                                                      0.924    20.924    
                         clock pessimism              0.000    20.924    
                         clock uncertainty           -0.035    20.889    
    SLICE_X29Y58         FDCE (Recov_fdce_C_CLR)     -0.405    20.484    f_data_reg[0][44]
  -------------------------------------------------------------------
                         required time                         20.484    
                         arrival time                         -16.017    
  -------------------------------------------------------------------
                         slack                                  4.467    

Slack (MET) :             4.467ns  (required time - arrival time)
  Source:                 rst_n
                            (input port clocked by clk  {rise@0.000ns fall@10.000ns period=20.000ns})
  Destination:            f_data_reg[0][45]/CLR
                            (recovery check against rising-edge clock clk  {rise@0.000ns fall@10.000ns period=20.000ns})
  Path Group:             **async_default**
  Path Type:              Recovery (Max at Slow Process Corner)
  Requirement:            20.000ns  (clk rise@20.000ns - clk rise@0.000ns)
  Data Path Delay:        10.017ns  (logic 0.124ns (1.238%)  route 9.893ns (98.762%))
  Logic Levels:           1  (LUT1=1)
  Input Delay:            6.000ns
  Clock Path Skew:        0.924ns (DCD - SCD + CPR)
    Destination Clock Delay (DCD):    0.924ns = ( 20.924 - 20.000 ) 
    Source Clock Delay      (SCD):    0.000ns
    Clock Pessimism Removal (CPR):    0.000ns
  Clock Uncertainty:      0.035ns  ((TSJ^2 + TIJ^2)^1/2 + DJ) / 2 + PE
    Total System Jitter     (TSJ):    0.071ns
    Total Input Jitter      (TIJ):    0.000ns
    Discrete Jitter          (DJ):    0.000ns
    Phase Error              (PE):    0.000ns

    Location             Delay type                Incr(ns)  Path(ns)    Netlist Resource(s)
  -------------------------------------------------------------------    -------------------
                         (clock clk rise edge)        0.000     0.000 r  
                         propagated clock network latency
                                                      0.000     0.000    
                         input delay                  6.000     6.000    
                                                      0.000     6.000 r  rst_n (IN)
                         net (fo=0)                   0.973     6.973    rst_n
    SLICE_X70Y93         LUT1 (Prop_lut1_I0_O)        0.124     7.097 f  cur_id[3]_i_3/O
                         net (fo=991, routed)         8.920    16.017    cur_id[3]_i_3_n_0
    SLICE_X29Y58         FDCE                                         f  f_data_reg[0][45]/CLR
  -------------------------------------------------------------------    -------------------

                         (clock clk rise edge)       20.000    20.000 r  
                         propagated clock network latency
                                                      0.924    20.924    
                         clock pessimism              0.000    20.924    
                         clock uncertainty           -0.035    20.889    
    SLICE_X29Y58         FDCE (Recov_fdce_C_CLR)     -0.405    20.484    f_data_reg[0][45]
  -------------------------------------------------------------------
                         required time                         20.484    
                         arrival time                         -16.017    
  -------------------------------------------------------------------
                         slack                                  4.467    

Slack (MET) :             4.467ns  (required time - arrival time)
  Source:                 rst_n
                            (input port clocked by clk  {rise@0.000ns fall@10.000ns period=20.000ns})
  Destination:            f_data_reg[0][47]/CLR
                            (recovery check against rising-edge clock clk  {rise@0.000ns fall@10.000ns period=20.000ns})
  Path Group:             **async_default**
  Path Type:              Recovery (Max at Slow Process Corner)
  Requirement:            20.000ns  (clk rise@20.000ns - clk rise@0.000ns)
  Data Path Delay:        10.017ns  (logic 0.124ns (1.238%)  route 9.893ns (98.762%))
  Logic Levels:           1  (LUT1=1)
  Input Delay:            6.000ns
  Clock Path Skew:        0.924ns (DCD - SCD + CPR)
    Destination Clock Delay (DCD):    0.924ns = ( 20.924 - 20.000 ) 
    Source Clock Delay      (SCD):    0.000ns
    Clock Pessimism Removal (CPR):    0.000ns
  Clock Uncertainty:      0.035ns  ((TSJ^2 + TIJ^2)^1/2 + DJ) / 2 + PE
    Total System Jitter     (TSJ):    0.071ns
    Total Input Jitter      (TIJ):    0.000ns
    Discrete Jitter          (DJ):    0.000ns
    Phase Error              (PE):    0.000ns

    Location             Delay type                Incr(ns)  Path(ns)    Netlist Resource(s)
  -------------------------------------------------------------------    -------------------
                         (clock clk rise edge)        0.000     0.000 r  
                         propagated clock network latency
                                                      0.000     0.000    
                         input delay                  6.000     6.000    
                                                      0.000     6.000 r  rst_n (IN)
                         net (fo=0)                   0.973     6.973    rst_n
    SLICE_X70Y93         LUT1 (Prop_lut1_I0_O)        0.124     7.097 f  cur_id[3]_i_3/O
                         net (fo=991, routed)         8.920    16.017    cur_id[3]_i_3_n_0
    SLICE_X29Y58         FDCE                                         f  f_data_reg[0][47]/CLR
  -------------------------------------------------------------------    -------------------

                         (clock clk rise edge)       20.000    20.000 r  
                         propagated clock network latency
                                                      0.924    20.924    
                         clock pessimism              0.000    20.924    
                         clock uncertainty           -0.035    20.889    
    SLICE_X29Y58         FDCE (Recov_fdce_C_CLR)     -0.405    20.484    f_data_reg[0][47]
  -------------------------------------------------------------------
                         required time                         20.484    
                         arrival time                         -16.017    
  -------------------------------------------------------------------
                         slack                                  4.467    

Slack (MET) :             4.511ns  (required time - arrival time)
  Source:                 FSM_sequential_dst_reg[0]/C
                            (rising edge-triggered cell FDPE clocked by clk  {rise@0.000ns fall@10.000ns period=20.000ns})
  Destination:            m_axi4_wdata[36]
                            (output port clocked by clk  {rise@0.000ns fall@10.000ns period=20.000ns})
  Path Group:             clk
  Path Type:              Max at Slow Process Corner
  Requirement:            20.000ns  (clk rise@20.000ns - clk rise@0.000ns)
  Data Path Delay:        8.481ns  (logic 0.766ns (9.032%)  route 7.715ns (90.968%))
  Logic Levels:           2  (LUT2=1 LUT5=1)
  Output Delay:           6.000ns
  Clock Path Skew:        -0.973ns (DCD - SCD + CPR)
    Destination Clock Delay (DCD):    0.000ns = ( 20.000 - 20.000 ) 
    Source Clock Delay      (SCD):    0.973ns
    Clock Pessimism Removal (CPR):    0.000ns
  Clock Uncertainty:      0.035ns  ((TSJ^2 + TIJ^2)^1/2 + DJ) / 2 + PE
    Total System Jitter     (TSJ):    0.071ns
    Total Input Jitter      (TIJ):    0.000ns
    Discrete Jitter          (DJ):    0.000ns
    Phase Error              (PE):    0.000ns

    Location             Delay type                Incr(ns)  Path(ns)    Netlist Resource(s)
  -------------------------------------------------------------------    -------------------
                         (clock clk rise edge)        0.000     0.000 r  
                         propagated clock network latency
                                                      0.973     0.973    
    SLICE_X70Y76         FDPE                         0.000     0.973 r  FSM_sequential_dst_reg[0]/C
    SLICE_X70Y76         FDPE (Prop_fdpe_C_Q)         0.518     1.491 f  FSM_sequential_dst_reg[0]/Q
                         net (fo=9, routed)           0.531     2.022    dst__0[0]
    SLICE_X70Y76         LUT2 (Prop_lut2_I1_O)        0.124     2.146 r  m_axi4_awid[3]_INST_0_i_1/O
                         net (fo=134, routed)         6.211     8.357    m_axi4_awid[3]_INST_0_i_1_n_0
    SLICE_X32Y67         LUT5 (Prop_lut5_I4_O)        0.124     8.481 r  m_axi4_wdata[36]_INST_0/O
                         net (fo=0)                   0.973     9.454    m_axi4_wdata[36]
                                                                      r  m_axi4_wdata[36] (OUT)
  -------------------------------------------------------------------    -------------------

                         (clock clk rise edge)       20.000    20.000 r  
                         propagated clock network latency
                                                      0.000    20.000    
                         clock pessimism              0.000    20.000    
                         clock uncertainty           -0.035    19.965    
                         output delay                -6.000    13.965    
  -------------------------------------------------------------------
                         required time                         13.965    
                         arrival time                          -9.454    
  -------------------------------------------------------------------
                         slack                                  4.511    

Slack (MET) :             4.535ns  (required time - arrival time)
  Source:                 f_rp_reg[1]/C
                            (rising edge-triggered cell FDCE clocked by clk  {rise@0.000ns fall@10.000ns period=20.000ns})
  Destination:            s_axi4_rdata[37]
                            (output port clocked by clk  {rise@0.000ns fall@10.000ns period=20.000ns})
  Path Group:             clk
  Path Type:              Max at Slow Process Corner
  Requirement:            20.000ns  (clk rise@20.000ns - clk rise@0.000ns)
  Data Path Delay:        8.456ns  (logic 0.580ns (6.859%)  route 7.876ns (93.141%))
  Logic Levels:           1  (LUT6=1)
  Output Delay:           6.000ns
  Clock Path Skew:        -0.973ns (DCD - SCD + CPR)
    Destination Clock Delay (DCD):    0.000ns = ( 20.000 - 20.000 ) 
    Source Clock Delay      (SCD):    0.973ns
    Clock Pessimism Removal (CPR):    0.000ns
  Clock Uncertainty:      0.035ns  ((TSJ^2 + TIJ^2)^1/2 + DJ) / 2 + PE
    Total System Jitter     (TSJ):    0.071ns
    Total Input Jitter      (TIJ):    0.000ns
    Discrete Jitter          (DJ):    0.000ns
    Phase Error              (PE):    0.000ns

    Location             Delay type                Incr(ns)  Path(ns)    Netlist Resource(s)
  -------------------------------------------------------------------    -------------------
                         (clock clk rise edge)        0.000     0.000 r  
                         propagated clock network latency
                                                      0.973     0.973    
    SLICE_X68Y76         FDCE                         0.000     0.973 r  f_rp_reg[1]/C
    SLICE_X68Y76         FDCE (Prop_fdce_C_Q)         0.456     1.429 r  f_rp_reg[1]/Q
                         net (fo=72, routed)          6.903     8.332    f_rp[1]
    SLICE_X30Y59         LUT6 (Prop_lut6_I3_O)        0.124     8.456 r  s_axi4_rdata[37]_INST_0/O
                         net (fo=0)                   0.973     9.429    s_axi4_rdata[37]
                                                                      r  s_axi4_rdata[37] (OUT)
  -------------------------------------------------------------------    -------------------

                         (clock clk rise edge)       20.000    20.000 r  
                         propagated clock network latency
                                                      0.000    20.000    
                         clock pessimism              0.000    20.000    
                         clock uncertainty           -0.035    19.965    
                         output delay                -6.000    13.965    
  -------------------------------------------------------------------
                         required time                         13.965    
                         arrival time                          -9.429    
  -------------------------------------------------------------------
                         slack                                  4.535    

Slack (MET) :             4.554ns  (required time - arrival time)
  Source:                 f_rp_reg[0]/C
                            (rising edge-triggered cell FDCE clocked by clk  {rise@0.000ns fall@10.000ns period=20.000ns})
  Destination:            s_axi4_rdata[45]
                            (output port clocked by clk  {rise@0.000ns fall@10.000ns period=20.000ns})
  Path Group:             clk
  Path Type:              Max at Slow Process Corner
  Requirement:            20.000ns  (clk rise@20.000ns - clk rise@0.000ns)
  Data Path Delay:        8.437ns  (logic 0.642ns (7.609%)  route 7.795ns (92.391%))
  Logic Levels:           1  (LUT6=1)
  Output Delay:           6.000ns
  Clock Path Skew:        -0.973ns (DCD - SCD + CPR)
    Destination Clock Delay (DCD):    0.000ns = ( 20.000 - 20.000 ) 
    Source Clock Delay      (SCD):    0.973ns
    Clock Pessimism Removal (CPR):    0.000ns
  Clock Uncertainty:      0.035ns  ((TSJ^2 + TIJ^2)^1/2 + DJ) / 2 + PE
    Total System Jitter     (TSJ):    0.071ns
    Total Input Jitter      (TIJ):    0.000ns
    Discrete Jitter          (DJ):    0.000ns
    Phase Error              (PE):    0.000ns

    Location             Delay type                Incr(ns)  Path(ns)    Netlist Resource(s)
  -------------------------------------------------------------------    -------------------
                         (clock clk rise edge)        0.000     0.000 r  
                         propagated clock network latency
                                                      0.973     0.973    
    SLICE_X66Y76         FDCE                         0.000     0.973 r  f_rp_reg[0]/C
    SLICE_X66Y76         FDCE (Prop_fdce_C_Q)         0.518     1.491 r  f_rp_reg[0]/Q
                         net (fo=73, routed)          6.822     8.313    f_rp[0]
    SLICE_X30Y59         LUT6 (Prop_lut6_I4_O)        0.124     8.437 r  s_axi4_rdata[45]_INST_0/O
                         net (fo=0)                   0.973     9.410    s_axi4_rdata[45]
                                                                      r  s_axi4_rdata[45] (OUT)
  -------------------------------------------------------------------    -------------------

                         (clock clk rise edge)       20.000    20.000 r  
                         propagated clock network latency
                                                      0.000    20.000    
                         clock pessimism              0.000    20.000    
                         clock uncertainty           -0.035    19.965    
                         output delay                -6.000    13.965    
  -------------------------------------------------------------------
                         required time                         13.965    
                         arrival time                          -9.410    
  -------------------------------------------------------------------
                         slack                                  4.554    

Slack (MET) :             4.562ns  (required time - arrival time)
  Source:                 f_rp_reg[0]/C
                            (rising edge-triggered cell FDCE clocked by clk  {rise@0.000ns fall@10.000ns period=20.000ns})
  Destination:            s_axi4_rdata[44]
                            (output port clocked by clk  {rise@0.000ns fall@10.000ns period=20.000ns})
  Path Group:             clk
  Path Type:              Max at Slow Process Corner
  Requirement:            20.000ns  (clk rise@20.000ns - clk rise@0.000ns)
  Data Path Delay:        8.429ns  (logic 0.642ns (7.616%)  route 7.787ns (92.384%))
  Logic Levels:           1  (LUT6=1)
  Output Delay:           6.000ns
  Clock Path Skew:        -0.973ns (DCD - SCD + CPR)
    Destination Clock Delay (DCD):    0.000ns = ( 20.000 - 20.000 ) 
    Source Clock Delay      (SCD):    0.973ns
    Clock Pessimism Removal (CPR):    0.000ns
  Clock Uncertainty:      0.035ns  ((TSJ^2 + TIJ^2)^1/2 + DJ) / 2 + PE
    Total System Jitter     (TSJ):    0.071ns
    Total Input Jitter      (TIJ):    0.000ns
    Discrete Jitter          (DJ):    0.000ns
    Phase Error              (PE):    0.000ns

    Location             Delay type                Incr(ns)  Path(ns)    Netlist Resource(s)
  -------------------------------------------------------------------    -------------------
                         (clock clk rise edge)        0.000     0.000 r  
                         propagated clock network latency
                                                      0.973     0.973    
    SLICE_X66Y76         FDCE                         0.000     0.973 r  f_rp_reg[0]/C
    SLICE_X66Y76         FDCE (Prop_fdce_C_Q)         0.518     1.491 r  f_rp_reg[0]/Q
                         net (fo=73, routed)          6.814     8.305    f_rp[0]
    SLICE_X30Y58         LUT6 (Prop_lut6_I4_O)        0.124     8.429 r  s_axi4_rdata[44]_INST_0/O
                         net (fo=0)                   0.973     9.402    s_axi4_rdata[44]
                                                                      r  s_axi4_rdata[44] (OUT)
  -------------------------------------------------------------------    -------------------

                         (clock clk rise edge)       20.000    20.000 r  
                         propagated clock network latency
                                                      0.000    20.000    
                         clock pessimism              0.000    20.000    
                         clock uncertainty           -0.035    19.965    
                         output delay                -6.000    13.965    
  -------------------------------------------------------------------
                         required time                         13.965    
                         arrival time                          -9.402    
  -------------------------------------------------------------------
                         slack                                  4.562    

Slack (MET) :             4.587ns  (required time - arrival time)
  Source:                 f_rp_reg[1]/C
                            (rising edge-triggered cell FDCE clocked by clk  {rise@0.000ns fall@10.000ns period=20.000ns})
  Destination:            s_axi4_rdata[47]
                            (output port clocked by clk  {rise@0.000ns fall@10.000ns period=20.000ns})
  Path Group:             clk
  Path Type:              Max at Slow Process Corner
  Requirement:            20.000ns  (clk rise@20.000ns - clk rise@0.000ns)
  Data Path Delay:        8.404ns  (logic 0.580ns (6.901%)  route 7.824ns (93.099%))
  Logic Levels:           1  (LUT6=1)
  Output Delay:           6.000ns
  Clock Path Skew:        -0.973ns (DCD - SCD + CPR)
    Destination Clock Delay (DCD):    0.000ns = ( 20.000 - 20.000 ) 
    Source Clock Delay      (SCD):    0.973ns
    Clock Pessimism Removal (CPR):    0.000ns
  Clock Uncertainty:      0.035ns  ((TSJ^2 + TIJ^2)^1/2 + DJ) / 2 + PE
    Total System Jitter     (TSJ):    0.071ns
    Total Input Jitter      (TIJ):    0.000ns
    Discrete Jitter          (DJ):    0.000ns
    Phase Error              (PE):    0.000ns

    Location             Delay type                Incr(ns)  Path(ns)    Netlist Resource(s)
  -------------------------------------------------------------------    -------------------
                         (clock clk rise edge)        0.000     0.000 r  
                         propagated clock network latency
                                                      0.973     0.973    
    SLICE_X68Y76         FDCE                         0.000     0.973 r  f_rp_reg[1]/C
    SLICE_X68Y76         FDCE (Prop_fdce_C_Q)         0.456     1.429 r  f_rp_reg[1]/Q
                         net (fo=72, routed)          6.851     8.280    f_rp[1]
    SLICE_X28Y58         LUT6 (Prop_lut6_I3_O)        0.124     8.404 r  s_axi4_rdata[47]_INST_0/O
                         net (fo=0)                   0.973     9.377    s_axi4_rdata[47]
                                                                      r  s_axi4_rdata[47] (OUT)
  -------------------------------------------------------------------    -------------------

                         (clock clk rise edge)       20.000    20.000 r  
                         propagated clock network latency
                                                      0.000    20.000    
                         clock pessimism              0.000    20.000    
                         clock uncertainty           -0.035    19.965    
                         output delay                -6.000    13.965    
  -------------------------------------------------------------------
                         required time                         13.965    
                         arrival time                          -9.377    
  -------------------------------------------------------------------
                         slack                                  4.587    

Slack (MET) :             4.645ns  (required time - arrival time)
  Source:                 f_rp_reg[0]/C
                            (rising edge-triggered cell FDCE clocked by clk  {rise@0.000ns fall@10.000ns period=20.000ns})
  Destination:            s_axi4_rdata[38]
                            (output port clocked by clk  {rise@0.000ns fall@10.000ns period=20.000ns})
  Path Group:             clk
  Path Type:              Max at Slow Process Corner
  Requirement:            20.000ns  (clk rise@20.000ns - clk rise@0.000ns)
  Data Path Delay:        8.347ns  (logic 0.642ns (7.692%)  route 7.705ns (92.308%))
  Logic Levels:           1  (LUT6=1)
  Output Delay:           6.000ns
  Clock Path Skew:        -0.973ns (DCD - SCD + CPR)
    Destination Clock Delay (DCD):    0.000ns = ( 20.000 - 20.000 ) 
    Source Clock Delay      (SCD):    0.973ns
    Clock Pessimism Removal (CPR):    0.000ns
  Clock Uncertainty:      0.035ns  ((TSJ^2 + TIJ^2)^1/2 + DJ) / 2 + PE
    Total System Jitter     (TSJ):    0.071ns
    Total Input Jitter      (TIJ):    0.000ns
    Discrete Jitter          (DJ):    0.000ns
    Phase Error              (PE):    0.000ns

    Location             Delay type                Incr(ns)  Path(ns)    Netlist Resource(s)
  -------------------------------------------------------------------    -------------------
                         (clock clk rise edge)        0.000     0.000 r  
                         propagated clock network latency
                                                      0.973     0.973    
    SLICE_X66Y76         FDCE                         0.000     0.973 r  f_rp_reg[0]/C
    SLICE_X66Y76         FDCE (Prop_fdce_C_Q)         0.518     1.491 r  f_rp_reg[0]/Q
                         net (fo=73, routed)          6.732     8.223    f_rp[0]
    SLICE_X30Y60         LUT6 (Prop_lut6_I4_O)        0.124     8.347 r  s_axi4_rdata[38]_INST_0/O
                         net (fo=0)                   0.973     9.320    s_axi4_rdata[38]
                                                                      r  s_axi4_rdata[38] (OUT)
  -------------------------------------------------------------------    -------------------

                         (clock clk rise edge)       20.000    20.000 r  
                         propagated clock network latency
                                                      0.000    20.000    
                         clock pessimism              0.000    20.000    
                         clock uncertainty           -0.035    19.965    
                         output delay                -6.000    13.965    
  -------------------------------------------------------------------
                         required time                         13.965    
                         arrival time                          -9.320    
  -------------------------------------------------------------------
                         slack                                  4.645    

Slack (MET) :             4.678ns  (required time - arrival time)
  Source:                 FSM_sequential_dst_reg[0]/C
                            (rising edge-triggered cell FDPE clocked by clk  {rise@0.000ns fall@10.000ns period=20.000ns})
  Destination:            m_axi4_wdata[39]
                            (output port clocked by clk  {rise@0.000ns fall@10.000ns period=20.000ns})
  Path Group:             clk
  Path Type:              Max at Slow Process Corner
  Requirement:            20.000ns  (clk rise@20.000ns - clk rise@0.000ns)
  Data Path Delay:        8.314ns  (logic 0.766ns (9.213%)  route 7.548ns (90.787%))
  Logic Levels:           2  (LUT2=1 LUT5=1)
  Output Delay:           6.000ns
  Clock Path Skew:        -0.973ns (DCD - SCD + CPR)
    Destination Clock Delay (DCD):    0.000ns = ( 20.000 - 20.000 ) 
    Source Clock Delay      (SCD):    0.973ns
    Clock Pessimism Removal (CPR):    0.000ns
  Clock Uncertainty:      0.035ns  ((TSJ^2 + TIJ^2)^1/2 + DJ) / 2 + PE
    Total System Jitter     (TSJ):    0.071ns
    Total Input Jitter      (TIJ):    0.000ns
    Discrete Jitter          (DJ):    0.000ns
    Phase Error              (PE):    0.000ns

    Location             Delay type                Incr(ns)  Path(ns)    Netlist Resource(s)
  -------------------------------------------------------------------    -------------------
                         (clock clk rise edge)        0.000     0.000 r  
                         propagated clock network latency
                                                      0.973     0.973    
    SLICE_X70Y76         FDPE                         0.000     0.973 r  FSM_sequential_dst_reg[0]/C
    SLICE_X70Y76         FDPE (Prop_fdpe_C_Q)         0.518     1.491 f  FSM_sequential_dst_reg[0]/Q
                         net (fo=9, routed)           0.531     2.022    dst__0[0]
    SLICE_X70Y76         LUT2 (Prop_lut2_I1_O)        0.124     2.146 r  m_axi4_awid[3]_INST_0_i_1/O
                         net (fo=134, routed)         6.044     8.190    m_axi4_awid[3]_INST_0_i_1_n_0
    SLICE_X36Y66         LUT5 (Prop_lut5_I4_O)        0.124     8.314 r  m_axi4_wdata[39]_INST_0/O
                         net (fo=0)                   0.973     9.287    m_axi4_wdata[39]
                                                                      r  m_axi4_wdata[39] (OUT)
  -------------------------------------------------------------------    -------------------

                         (clock clk rise edge)       20.000    20.000 r  
                         propagated clock network latency
                                                      0.000    20.000    
                         clock pessimism              0.000    20.000    
                         clock uncertainty           -0.035    19.965    
                         output delay                -6.000    13.965    
  -------------------------------------------------------------------
                         required time                         13.965    
                         arrival time                          -9.287    
  -------------------------------------------------------------------
                         slack                                  4.678    

Slack (MET) :             4.705ns  (required time - arrival time)
  Source:                 FSM_sequential_dst_reg[0]/C
                            (rising edge-triggered cell FDPE clocked by clk  {rise@0.000ns fall@10.000ns period=20.000ns})
  Destination:            m_axi4_wdata[46]
                            (output port clocked by clk  {rise@0.000ns fall@10.000ns period=20.000ns})
  Path Group:             clk
  Path Type:              Max at Slow Process Corner
  Requirement:            20.000ns  (clk rise@20.000ns - clk rise@0.000ns)
  Data Path Delay:        8.287ns  (logic 0.766ns (9.243%)  route 7.521ns (90.757%))
  Logic Levels:           2  (LUT2=1 LUT5=1)
  Output Delay:           6.000ns
  Clock Path Skew:        -0.973ns (DCD - SCD + CPR)
    Destination Clock Delay (DCD):    0.000ns = ( 20.000 - 20.000 ) 
    Source Clock Delay      (SCD):    0.973ns
    Clock Pessimism Removal (CPR):    0.000ns
  Clock Uncertainty:      0.035ns  ((TSJ^2 + TIJ^2)^1/2 + DJ) / 2 + PE
    Total System Jitter     (TSJ):    0.071ns
    Total Input Jitter      (TIJ):    0.000ns
    Discrete Jitter          (DJ):    0.000ns
    Phase Error              (PE):    0.000ns

    Location             Delay type                Incr(ns)  Path(ns)    Netlist Resource(s)
  -------------------------------------------------------------------    -------------------
                         (clock clk rise edge)        0.000     0.000 r  
                         propagated clock network latency
                                                      0.973     0.973    
    SLICE_X70Y76         FDPE                         0.000     0.973 r  FSM_sequential_dst_reg[0]/C
    SLICE_X70Y76         FDPE (Prop_fdpe_C_Q)         0.518     1.491 f  FSM_sequential_dst_reg[0]/Q
                         net (fo=9, routed)           0.531     2.022    dst__0[0]
    SLICE_X70Y76         LUT2 (Prop_lut2_I1_O)        0.124     2.146 r  m_axi4_awid[3]_INST_0_i_1/O
                         net (fo=134, routed)         6.017     8.163    m_axi4_awid[3]_INST_0_i_1_n_0
    SLICE_X40Y65         LUT5 (Prop_lut5_I4_O)        0.124     8.287 r  m_axi4_wdata[46]_INST_0/O
                         net (fo=0)                   0.973     9.260    m_axi4_wdata[46]
                                                                      r  m_axi4_wdata[46] (OUT)
  -------------------------------------------------------------------    -------------------

                         (clock clk rise edge)       20.000    20.000 r  
                         propagated clock network latency
                                                      0.000    20.000    
                         clock pessimism              0.000    20.000    
                         clock uncertainty           -0.035    19.965    
                         output delay                -6.000    13.965    
  -------------------------------------------------------------------
                         required time                         13.965    
                         arrival time                          -9.260    
  -------------------------------------------------------------------
                         slack                                  4.705    




