Copyright 1986-2022 Xilinx, Inc. All Rights Reserved. Copyright 2022-2025 Advanced Micro Devices, Inc. All Rights Reserved.
---------------------------------------------------------------------------------------------------------------------------------------------
| Tool Version : Vivado v.2025.1 (win64) Build 6140274 Thu May 22 00:12:29 MDT 2025
| Date         : Tue Oct  6 21:31:21 2026
| Host         : ARM-Windows running 64-bit major release  (build 9200)
| Command      : report_timing_summary -file ./output/L2_256K_4w/timing_summary.rpt
| Design       : CPU_L2
| Device       : 7a100t-csg324
| Speed File   : -1  PRODUCTION 1.23 2018-06-13
| Design State : Routed
---------------------------------------------------------------------------------------------------------------------------------------------

Timing Summary Report

------------------------------------------------------------------------------------------------
| Timer Settings
| --------------
------------------------------------------------------------------------------------------------

  Enable Multi Corner Analysis               :  Yes
  Enable Pessimism Removal                   :  Yes
  Pessimism Removal Resolution               :  Nearest Common Node
  Enable Input Delay Default Clock           :  No
  Enable Preset / Clear Arcs                 :  No
  Disable Flight Delays                      :  No
  Ignore I/O Paths                           :  No
  Timing Early Launch at Borrowing Latches   :  No
  Borrow Time for Max Delay Exceptions       :  Yes
  Merge Timing Exceptions                    :  Yes
  Inter-SLR Compensation                     :  Conservative

  Corner  Analyze    Analyze    
  Name    Max Paths  Min Paths  
  ------  ---------  ---------  
  Slow    Yes        Yes        
  Fast    Yes        Yes        


------------------------------------------------------------------------------------------------
| Report Methodology
| ------------------
------------------------------------------------------------------------------------------------

No report available as report_methodology has not been run prior. Run report_methodology on the current design for the summary of methodology violations.



check_timing report

Table of Contents
-----------------
1. checking no_clock (0)
2. checking constant_clock (0)
3. checking pulse_width_clock (0)
4. checking unconstrained_internal_endpoints (0)
5. checking no_input_delay (0)
6. checking no_output_delay (0)
7. checking multiple_clock (0)
8. checking generated_clocks (0)
9. checking loops (0)
10. checking partial_input_delay (0)
11. checking partial_output_delay (0)
12. checking latch_loops (0)

1. checking no_clock (0)
------------------------
 There are 0 register/latch pins with no clock.


2. checking constant_clock (0)
------------------------------
 There are 0 register/latch pins with constant_clock.


3. checking pulse_width_clock (0)
---------------------------------
 There are 0 register/latch pins which need pulse_width check


4. checking unconstrained_internal_endpoints (0)
------------------------------------------------
 There are 0 pins that are not constrained for maximum delay.

 There are 0 pins that are not constrained for maximum delay due to constant clock.


5. checking no_input_delay (0)
------------------------------
 There are 0 input ports with no input delay specified.

 There are 0 input ports with no input delay but user has a false path constraint.


6. checking no_output_delay (0)
-------------------------------
 There are 0 ports with no output delay specified.

 There are 0 ports with no output delay but user has a false path constraint

 There are 0 ports with no output delay but with a timing clock defined on it or propagating through it


7. checking multiple_clock (0)
------------------------------
 There are 0 register/latch pins with multiple clocks.


8. checking generated_clocks (0)
--------------------------------
 There are 0 generated clocks that are not connected to a clock source.


9. checking loops (0)
---------------------
 There are 0 combinational loops in the design.


10. checking partial_input_delay (0)
------------------------------------
 There are 0 input ports with partial input delay specified.


11. checking partial_output_delay (0)
-------------------------------------
 There are 0 ports with partial output delay specified.


12. checking latch_loops (0)
----------------------------
 There are 0 combinational latch loops in the design through latch input



------------------------------------------------------------------------------------------------
| Design Timing Summary
| ---------------------
------------------------------------------------------------------------------------------------

    WNS(ns)      TNS(ns)  TNS Failing Endpoints  TNS Total Endpoints      WHS(ns)      THS(ns)  THS Failing Endpoints  THS Total Endpoints     WPWS(ns)     TPWS(ns)  TPWS Failing Endpoints  TPWS Total Endpoints  
    -------      -------  ---------------------  -------------------      -------      -------  ---------------------  -------------------     --------     --------  ----------------------  --------------------  
      3.953        0.000                      0                 5989        0.161        0.000                      0                 5989        8.750        0.000                       0                  1175  


All user specified timing constraints are met.


------------------------------------------------------------------------------------------------
| Clock Summary
| -------------
------------------------------------------------------------------------------------------------

Clock  Waveform(ns)       Period(ns)      Frequency(MHz)
-----  ------------       ----------      --------------
clk    {0.000 10.000}     20.000          50.000          


------------------------------------------------------------------------------------------------
| Intra Clock Table
| -----------------
------------------------------------------------------------------------------------------------

Clock             WNS(ns)      TNS(ns)  TNS Failing Endpoints  TNS Total Endpoints      WHS(ns)      THS(ns)  THS Failing Endpoints  THS Total Endpoints     WPWS(ns)     TPWS(ns)  TPWS Failing Endpoints  TPWS Total Endpoints  
-----             -------      -------  ---------------------  -------------------      -------      -------  ---------------------  -------------------     --------     --------  ----------------------  --------------------  
clk                 3.953        0.000                      0                 4998        0.161        0.000                      0                 4998        8.750        0.000                       0                  1175  


------------------------------------------------------------------------------------------------
| Inter Clock Table
| -----------------
------------------------------------------------------------------------------------------------

From Clock    To Clock          WNS(ns)      TNS(ns)  TNS Failing Endpoints  TNS Total Endpoints      WHS(ns)      THS(ns)  THS Failing Endpoints  THS Total Endpoints  
----------    --------          -------      -------  ---------------------  -------------------      -------      -------  ---------------------  -------------------  


------------------------------------------------------------------------------------------------
| Other Path Groups Table
| -----------------------
------------------------------------------------------------------------------------------------

Path Group         From Clock         To Clock               WNS(ns)      TNS(ns)  TNS Failing Endpoints  TNS Total Endpoints      WHS(ns)      THS(ns)  THS Failing Endpoints  THS Total Endpoints  
----------         ----------         --------               -------      -------  ---------------------  -------------------      -------      -------  ---------------------  -------------------  
**async_default**  clk                clk                      4.463        0.000                      0                  991        6.213        0.000                      0                  991  


------------------------------------------------------------------------------------------------
| Timing Details
| --------------
------------------------------------------------------------------------------------------------


---------------------------------------------------------------------------------------------------
From Clock:  clk
  To Clock:  clk

Setup :            0  Failing Endpoints,  Worst Slack        3.953ns,  Total Violation        0.000ns
Hold  :            0  Failing Endpoints,  Worst Slack        0.161ns,  Total Violation        0.000ns
PW    :            0  Failing Endpoints,  Worst Slack        8.750ns,  Total Violation        0.000ns
---------------------------------------------------------------------------------------------------


Max Delay Paths
--------------------------------------------------------------------------------------
Slack (MET) :             3.953ns  (required time - arrival time)
  Source:                 f_rp_reg[1]/C
                            (rising edge-triggered cell FDCE clocked by clk  {rise@0.000ns fall@10.000ns period=20.000ns})
  Destination:            s_axi4_rdata[39]
                            (output port clocked by clk  {rise@0.000ns fall@10.000ns period=20.000ns})
  Path Group:             clk
  Path Type:              Max at Slow Process Corner
  Requirement:            20.000ns  (clk rise@20.000ns - clk rise@0.000ns)
  Data Path Delay:        9.038ns  (logic 0.580ns (6.417%)  route 8.458ns (93.583%))
  Logic Levels:           1  (LUT6=1)
  Output Delay:           6.000ns
  Clock Path Skew:        -0.973ns (DCD - SCD + CPR)
    Destination Clock Delay (DCD):    0.000ns = ( 20.000 - 20.000 ) 
    Source Clock Delay      (SCD):    0.973ns
    Clock Pessimism Removal (CPR):    0.000ns
  Clock Uncertainty:      0.035ns  ((TSJ^2 + TIJ^2)^1/2 + DJ) / 2 + PE
    Total System Jitter     (TSJ):    0.071ns
    Total Input Jitter      (TIJ):    0.000ns
    Discrete Jitter          (DJ):    0.000ns
    Phase Error              (PE):    0.000ns

    Location             Delay type                Incr(ns)  Path(ns)    Netlist Resource(s)
  -------------------------------------------------------------------    -------------------
                         (clock clk rise edge)        0.000     0.000 r  
                                                      0.000     0.000 r  clk (IN)
                         net (fo=1174, unset)         0.973     0.973    clk
    SLICE_X68Y76         FDCE                                         r  f_rp_reg[1]/C
  -------------------------------------------------------------------    -------------------
    SLICE_X68Y76         FDCE (Prop_fdce_C_Q)         0.456     1.429 r  f_rp_reg[1]/Q
                         net (fo=72, routed)          7.485     8.914    f_rp[1]
    SLICE_X31Y58         LUT6 (Prop_lut6_I3_O)        0.124     9.038 r  s_axi4_rdata[39]_INST_0/O
                         net (fo=0)                   0.973    10.011    s_axi4_rdata[39]
                                                                      r  s_axi4_rdata[39] (OUT)
  -------------------------------------------------------------------    -------------------

                         (clock clk rise edge)       20.000    20.000 r  
                         clock pessimism              0.000    20.000    
                         clock uncertainty           -0.035    19.965    
                         output delay                -6.000    13.965    
  -------------------------------------------------------------------
                         required time                         13.965    
                         arrival time                         -10.011    
  -------------------------------------------------------------------
                         slack                                  3.953    





Min Delay Paths
--------------------------------------------------------------------------------------
Slack (MET) :             0.161ns  (arrival time - required time)
  Source:                 vic_tag_reg[15]/C
                            (rising edge-triggered cell FDCE clocked by clk  {rise@0.000ns fall@10.000ns period=20.000ns})
  Destination:            eb_addr_reg[31]/D
                            (rising edge-triggered cell FDCE clocked by clk  {rise@0.000ns fall@10.000ns period=20.000ns})
  Path Group:             clk
  Path Type:              Hold (Min at Fast Process Corner)
  Requirement:            0.000ns  (clk rise@0.000ns - clk rise@0.000ns)
  Data Path Delay:        0.253ns  (logic 0.141ns (55.730%)  route 0.112ns (44.270%))
  Logic Levels:           0  
  Clock Path Skew:        0.022ns (DCD - SCD - CPR)
    Destination Clock Delay (DCD):    0.432ns
    Source Clock Delay      (SCD):    0.410ns
    Clock Pessimism Removal (CPR):    -0.000ns

    Location             Delay type                Incr(ns)  Path(ns)    Netlist Resource(s)
  -------------------------------------------------------------------    -------------------
                         (clock clk rise edge)        0.000     0.000 r  
                                                      0.000     0.000 r  clk (IN)
                         net (fo=1174, unset)         0.410     0.410    clk
    SLICE_X65Y70         FDCE                                         r  vic_tag_reg[15]/C
  -------------------------------------------------------------------    -------------------
    SLICE_X65Y70         FDCE (Prop_fdce_C_Q)         0.141     0.551 r  vic_tag_reg[15]/Q
                         net (fo=1, routed)           0.112     0.663    vic_tag_reg_n_0_[15]
    SLICE_X65Y71         FDCE                                         r  eb_addr_reg[31]/D
  -------------------------------------------------------------------    -------------------

                         (clock clk rise edge)        0.000     0.000 r  
                                                      0.000     0.000 r  clk (IN)
                         net (fo=1174, unset)         0.432     0.432    clk
    SLICE_X65Y71         FDCE                                         r  eb_addr_reg[31]/C
                         clock pessimism              0.000     0.432    
    SLICE_X65Y71         FDCE (Hold_fdce_C_D)         0.070     0.502    eb_addr_reg[31]
  -------------------------------------------------------------------
                         required time                         -0.502    
                         arrival time                           0.663    
  -------------------------------------------------------------------
                         slack                                  0.161    





Pulse Width Checks
--------------------------------------------------------------------------------------
Clock Name:         clk
Waveform(ns):       { 0.000 10.000 }
Period(ns):         20.000
Sources:            { clk }

Check Type        Corner  Lib Pin             Reference Pin  Required(ns)  Actual(ns)  Slack(ns)  Location      Pin
Min Period        n/a     RAMB36E1/CLKARDCLK  n/a            2.944         20.000      17.056     RAMB36_X1Y22  u_dat/g_way[0].mem_reg_0_0/CLKARDCLK
Low Pulse Width   Slow    RAMS64E/CLK         n/a            1.250         10.000      8.750      SLICE_X60Y75  plru_mem_reg_0_255_0_0/RAMS64E_A/CLK
High Pulse Width  Slow    RAMS64E/CLK         n/a            1.250         10.000      8.750      SLICE_X60Y75  plru_mem_reg_0_255_0_0/RAMS64E_A/CLK



---------------------------------------------------------------------------------------------------
Path Group:  **async_default**
From Clock:  clk
  To Clock:  clk

Setup :            0  Failing Endpoints,  Worst Slack        4.463ns,  Total Violation        0.000ns
Hold  :            0  Failing Endpoints,  Worst Slack        6.213ns,  Total Violation        0.000ns
---------------------------------------------------------------------------------------------------


Max Delay Paths
--------------------------------------------------------------------------------------
Slack (MET) :             4.463ns  (required time - arrival time)
  Source:                 rst_n
                            (input port clocked by clk  {rise@0.000ns fall@10.000ns period=20.000ns})
  Destination:            f_data_reg[1][47]/CLR
                            (recovery check against rising-edge clock clk  {rise@0.000ns fall@10.000ns period=20.000ns})
  Path Group:             **async_default**
  Path Type:              Recovery (Max at Slow Process Corner)
  Requirement:            20.000ns  (clk rise@20.000ns - clk rise@0.000ns)
  Data Path Delay:        10.021ns  (logic 0.124ns (1.237%)  route 9.897ns (98.763%))
  Logic Levels:           1  (LUT1=1)
  Input Delay:            6.000ns
  Clock Path Skew:        0.924ns (DCD - SCD + CPR)
    Destination Clock Delay (DCD):    0.924ns = ( 20.924 - 20.000 ) 
    Source Clock Delay      (SCD):    0.000ns
    Clock Pessimism Removal (CPR):    0.000ns
  Clock Uncertainty:      0.035ns  ((TSJ^2 + TIJ^2)^1/2 + DJ) / 2 + PE
    Total System Jitter     (TSJ):    0.071ns
    Total Input Jitter      (TIJ):    0.000ns
    Discrete Jitter          (DJ):    0.000ns
    Phase Error              (PE):    0.000ns

    Location             Delay type                Incr(ns)  Path(ns)    Netlist Resource(s)
  -------------------------------------------------------------------    -------------------
                         (clock clk rise edge)        0.000     0.000 r  
                         input delay                  6.000     6.000    
                                                      0.000     6.000 r  rst_n (IN)
                         net (fo=0)                   0.973     6.973    rst_n
    SLICE_X70Y93         LUT1 (Prop_lut1_I0_O)        0.124     7.097 f  cur_id[3]_i_3/O
                         net (fo=991, routed)         8.924    16.021    cur_id[3]_i_3_n_0
    SLICE_X28Y58         FDCE                                         f  f_data_reg[1][47]/CLR
  -------------------------------------------------------------------    -------------------

                         (clock clk rise edge)       20.000    20.000 r  
                                                      0.000    20.000 r  clk (IN)
                         net (fo=1174, unset)         0.924    20.924    clk
    SLICE_X28Y58         FDCE                                         r  f_data_reg[1][47]/C
                         clock pessimism              0.000    20.924    
                         clock uncertainty           -0.035    20.889    
    SLICE_X28Y58         FDCE (Recov_fdce_C_CLR)     -0.405    20.484    f_data_reg[1][47]
  -------------------------------------------------------------------
                         required time                         20.484    
                         arrival time                         -16.021    
  -------------------------------------------------------------------
                         slack                                  4.463    





Min Delay Paths
--------------------------------------------------------------------------------------
Slack (MET) :             6.213ns  (arrival time - required time)
  Source:                 rst_n
                            (input port clocked by clk  {rise@0.000ns fall@10.000ns period=20.000ns})
  Destination:            f_data_reg[1][12]/CLR
                            (removal check against rising-edge clock clk  {rise@0.000ns fall@10.000ns period=20.000ns})
  Path Group:             **async_default**
  Path Type:              Removal (Min at Fast Process Corner)
  Requirement:            0.000ns  (clk rise@0.000ns - clk rise@0.000ns)
  Data Path Delay:        0.613ns  (logic 0.045ns (7.344%)  route 0.568ns (92.656%))
  Logic Levels:           1  (LUT1=1)
  Input Delay:            6.000ns
  Clock Path Skew:        0.432ns (DCD - SCD - CPR)
    Destination Clock Delay (DCD):    0.432ns
    Source Clock Delay      (SCD):    0.000ns
    Clock Pessimism Removal (CPR):    -0.000ns
  Clock Uncertainty:      0.035ns  ((TSJ^2 + TIJ^2)^1/2 + DJ) / 2 + PE
    Total System Jitter     (TSJ):    0.071ns
    Total Input Jitter      (TIJ):    0.000ns
    Discrete Jitter          (DJ):    0.000ns
    Phase Error              (PE):    0.000ns

    Location             Delay type                Incr(ns)  Path(ns)    Netlist Resource(s)
  -------------------------------------------------------------------    -------------------
                         (clock clk rise edge)        0.000     0.000 r  
                         input delay                  6.000     6.000    
                                                      0.000     6.000 r  rst_n (IN)
                         net (fo=0)                   0.410     6.410    rst_n
    SLICE_X70Y93         LUT1 (Prop_lut1_I0_O)        0.045     6.455 f  cur_id[3]_i_3/O
                         net (fo=991, routed)         0.158     6.613    cur_id[3]_i_3_n_0
    SLICE_X70Y92         FDCE                                         f  f_data_reg[1][12]/CLR
  -------------------------------------------------------------------    -------------------

                         (clock clk rise edge)        0.000     0.000 r  
                                                      0.000     0.000 r  clk (IN)
                         net (fo=1174, unset)         0.432     0.432    clk
    SLICE_X70Y92         FDCE                                         r  f_data_reg[1][12]/C
                         clock pessimism              0.000     0.432    
                         clock uncertainty            0.035     0.467    
    SLICE_X70Y92         FDCE (Remov_fdce_C_CLR)     -0.067     0.400    f_data_reg[1][12]
  -------------------------------------------------------------------
                         required time                         -0.400    
                         arrival time                           6.613    
  -------------------------------------------------------------------
                         slack                                  6.213    





