Copyright 1986-2022 Xilinx, Inc. All Rights Reserved. Copyright 2022-2025 Advanced Micro Devices, Inc. All Rights Reserved.
---------------------------------------------------------------------------------------------------------------------------------------------
| Tool Version : Vivado v.2025.1 (win64) Build 6140274 Thu May 22 00:12:29 MDT 2025
| Date         : Fri Oct  9 18:43:18 2026
| Host         : ARM-Windows running 64-bit major release  (build 9200)
| Command      : report_timing_summary -file ./output/FPU_PIPE/timing_summary.rpt
| Design       : FPU_PIPE
| Device       : 7a100t-csg324
| Speed File   : -1  PRODUCTION 1.23 2018-06-13
| Design State : Routed
---------------------------------------------------------------------------------------------------------------------------------------------

Timing Summary Report

------------------------------------------------------------------------------------------------
| Timer Settings
| --------------
------------------------------------------------------------------------------------------------

  Enable Multi Corner Analysis               :  Yes
  Enable Pessimism Removal                   :  Yes
  Pessimism Removal Resolution               :  Nearest Common Node
  Enable Input Delay Default Clock           :  No
  Enable Preset / Clear Arcs                 :  No
  Disable Flight Delays                      :  No
  Ignore I/O Paths                           :  No
  Timing Early Launch at Borrowing Latches   :  No
  Borrow Time for Max Delay Exceptions       :  Yes
  Merge Timing Exceptions                    :  Yes
  Inter-SLR Compensation                     :  Conservative

  Corner  Analyze    Analyze    
  Name    Max Paths  Min Paths  
  ------  ---------  ---------  
  Slow    Yes        Yes        
  Fast    Yes        Yes        


------------------------------------------------------------------------------------------------
| Report Methodology
| ------------------
------------------------------------------------------------------------------------------------

No report available as report_methodology has not been run prior. Run report_methodology on the current design for the summary of methodology violations.



check_timing report

Table of Contents
-----------------
1. checking no_clock (0)
2. checking constant_clock (0)
3. checking pulse_width_clock (0)
4. checking unconstrained_internal_endpoints (0)
5. checking no_input_delay (0)
6. checking no_output_delay (0)
7. checking multiple_clock (0)
8. checking generated_clocks (0)
9. checking loops (0)
10. checking partial_input_delay (0)
11. checking partial_output_delay (0)
12. checking latch_loops (0)

1. checking no_clock (0)
------------------------
 There are 0 register/latch pins with no clock.


2. checking constant_clock (0)
------------------------------
 There are 0 register/latch pins with constant_clock.


3. checking pulse_width_clock (0)
---------------------------------
 There are 0 register/latch pins which need pulse_width check


4. checking unconstrained_internal_endpoints (0)
------------------------------------------------
 There are 0 pins that are not constrained for maximum delay.

 There are 0 pins that are not constrained for maximum delay due to constant clock.


5. checking no_input_delay (0)
------------------------------
 There are 0 input ports with no input delay specified.

 There are 0 input ports with no input delay but user has a false path constraint.


6. checking no_output_delay (0)
-------------------------------
 There are 0 ports with no output delay specified.

 There are 0 ports with no output delay but user has a false path constraint

 There are 0 ports with no output delay but with a timing clock defined on it or propagating through it


7. checking multiple_clock (0)
------------------------------
 There are 0 register/latch pins with multiple clocks.


8. checking generated_clocks (0)
--------------------------------
 There are 0 generated clocks that are not connected to a clock source.


9. checking loops (0)
---------------------
 There are 0 combinational loops in the design.


10. checking partial_input_delay (0)
------------------------------------
 There are 0 input ports with partial input delay specified.


11. checking partial_output_delay (0)
-------------------------------------
 There are 0 ports with partial output delay specified.


12. checking latch_loops (0)
----------------------------
 There are 0 combinational latch loops in the design through latch input



------------------------------------------------------------------------------------------------
| Design Timing Summary
| ---------------------
------------------------------------------------------------------------------------------------

    WNS(ns)      TNS(ns)  TNS Failing Endpoints  TNS Total Endpoints      WHS(ns)      THS(ns)  THS Failing Endpoints  THS Total Endpoints     WPWS(ns)     TPWS(ns)  TPWS Failing Endpoints  TPWS Total Endpoints  
    -------      -------  ---------------------  -------------------      -------      -------  ---------------------  -------------------     --------     --------  ----------------------  --------------------  
      3.758        0.000                      0                 5622        0.036        0.000                      0                 5622        9.020        0.000                       0                  2818  


All user specified timing constraints are met.


------------------------------------------------------------------------------------------------
| Clock Summary
| -------------
------------------------------------------------------------------------------------------------

Clock  Waveform(ns)       Period(ns)      Frequency(MHz)
-----  ------------       ----------      --------------
clk    {0.000 10.000}     20.000          50.000          


------------------------------------------------------------------------------------------------
| Intra Clock Table
| -----------------
------------------------------------------------------------------------------------------------

Clock             WNS(ns)      TNS(ns)  TNS Failing Endpoints  TNS Total Endpoints      WHS(ns)      THS(ns)  THS Failing Endpoints  THS Total Endpoints     WPWS(ns)     TPWS(ns)  TPWS Failing Endpoints  TPWS Total Endpoints  
-----             -------      -------  ---------------------  -------------------      -------      -------  ---------------------  -------------------     --------     --------  ----------------------  --------------------  
clk                 3.758        0.000                      0                 5518        0.036        0.000                      0                 5518        9.020        0.000                       0                  2818  


------------------------------------------------------------------------------------------------
| Inter Clock Table
| -----------------
------------------------------------------------------------------------------------------------

From Clock    To Clock          WNS(ns)      TNS(ns)  TNS Failing Endpoints  TNS Total Endpoints      WHS(ns)      THS(ns)  THS Failing Endpoints  THS Total Endpoints  
----------    --------          -------      -------  ---------------------  -------------------      -------      -------  ---------------------  -------------------  


------------------------------------------------------------------------------------------------
| Other Path Groups Table
| -----------------------
------------------------------------------------------------------------------------------------

Path Group         From Clock         To Clock               WNS(ns)      TNS(ns)  TNS Failing Endpoints  TNS Total Endpoints      WHS(ns)      THS(ns)  THS Failing Endpoints  THS Total Endpoints  
----------         ----------         --------               -------      -------  ---------------------  -------------------      -------      -------  ---------------------  -------------------  
**async_default**  clk                clk                     10.408        0.000                      0                  104        6.253        0.000                      0                  104  


------------------------------------------------------------------------------------------------
| Timing Details
| --------------
------------------------------------------------------------------------------------------------


---------------------------------------------------------------------------------------------------
From Clock:  clk
  To Clock:  clk

Setup :            0  Failing Endpoints,  Worst Slack        3.758ns,  Total Violation        0.000ns
Hold  :            0  Failing Endpoints,  Worst Slack        0.036ns,  Total Violation        0.000ns
PW    :            0  Failing Endpoints,  Worst Slack        9.020ns,  Total Violation        0.000ns
---------------------------------------------------------------------------------------------------


Max Delay Paths
--------------------------------------------------------------------------------------
Slack (MET) :             3.758ns  (required time - arrival time)
  Source:                 q_rexp_reg[0]/C
                            (rising edge-triggered cell FDRE clocked by clk  {rise@0.000ns fall@10.000ns period=20.000ns})
  Destination:            u_round/q_carry_reg/D
                            (rising edge-triggered cell FDCE clocked by clk  {rise@0.000ns fall@10.000ns period=20.000ns})
  Path Group:             clk
  Path Type:              Setup (Max at Slow Process Corner)
  Requirement:            20.000ns  (clk rise@20.000ns - clk rise@0.000ns)
  Data Path Delay:        16.239ns  (logic 4.527ns (27.877%)  route 11.712ns (72.123%))
  Logic Levels:           17  (CARRY4=6 LUT1=1 LUT2=1 LUT3=3 LUT5=1 LUT6=5)
  Clock Path Skew:        -0.049ns (DCD - SCD + CPR)
    Destination Clock Delay (DCD):    0.924ns = ( 20.924 - 20.000 ) 
    Source Clock Delay      (SCD):    0.973ns
    Clock Pessimism Removal (CPR):    0.000ns
  Clock Uncertainty:      0.035ns  ((TSJ^2 + TIJ^2)^1/2 + DJ) / 2 + PE
    Total System Jitter     (TSJ):    0.071ns
    Total Input Jitter      (TIJ):    0.000ns
    Discrete Jitter          (DJ):    0.000ns
    Phase Error              (PE):    0.000ns

    Location             Delay type                Incr(ns)  Path(ns)    Netlist Resource(s)
  -------------------------------------------------------------------    -------------------
                         (clock clk rise edge)        0.000     0.000 r  
                                                      0.000     0.000 r  clk (IN)
                         net (fo=2823, unset)         0.973     0.973    clk
    SLICE_X40Y21         FDRE                                         r  q_rexp_reg[0]/C
  -------------------------------------------------------------------    -------------------
    SLICE_X40Y21         FDRE (Prop_fdre_C_Q)         0.456     1.429 f  q_rexp_reg[0]/Q
                         net (fo=43, routed)          1.267     2.696    u_round/Q[0]
    SLICE_X30Y34         LUT1 (Prop_lut1_I0_O)        0.153     2.849 r  u_round/q_mant[50]_i_10/O
                         net (fo=1, routed)           0.503     3.353    u_round/q_mant[50]_i_10_n_0
    SLICE_X28Y32         CARRY4 (Prop_carry4_CYINIT_CO[3])
                                                      0.787     4.140 r  u_round/q_mant_reg[50]_i_6/CO[3]
                         net (fo=1, routed)           0.000     4.140    u_round/q_mant_reg[50]_i_6_n_0
    SLICE_X28Y33         CARRY4 (Prop_carry4_CI_CO[3])
                                                      0.114     4.254 r  u_round/q_mant_reg[52]_i_15/CO[3]
                         net (fo=1, routed)           0.000     4.254    u_round/q_mant_reg[52]_i_15_n_0
    SLICE_X28Y34         CARRY4 (Prop_carry4_CI_O[1])
                                                      0.334     4.588 f  u_round/q_mant_reg[52]_i_19/O[1]
                         net (fo=7, routed)           0.742     5.329    u_round/q_mant_reg[52]_i_19_n_6
    SLICE_X25Y33         LUT2 (Prop_lut2_I1_O)        0.303     5.632 r  u_round/q_ef_0[0]_i_20/O
                         net (fo=1, routed)           0.000     5.632    u_round/q_ef_0[0]_i_20_n_0
    SLICE_X25Y33         CARRY4 (Prop_carry4_S[1]_CO[3])
                                                      0.550     6.182 r  u_round/q_ef_0_reg[0]_i_8/CO[3]
                         net (fo=1, routed)           0.000     6.182    u_round/q_ef_0_reg[0]_i_8_n_0
    SLICE_X25Y34         CARRY4 (Prop_carry4_CI_CO[3])
                                                      0.114     6.296 r  u_round/q_ef_0_reg[0]_i_3/CO[3]
                         net (fo=1, routed)           0.000     6.296    u_round/q_ef_0_reg[0]_i_3_n_0
    SLICE_X25Y35         CARRY4 (Prop_carry4_CI_CO[3])
                                                      0.114     6.410 r  u_round/q_ef_0_reg[0]_i_2/CO[3]
                         net (fo=155, routed)         1.685     8.095    u_round/q_ef_0_reg[0]_i_2_n_0
    SLICE_X10Y40         LUT3 (Prop_lut3_I1_O)        0.149     8.244 r  u_round/q_mant[51]_i_7/O
                         net (fo=110, routed)         1.092     9.336    u_round/q_mant[51]_i_7_n_0
    SLICE_X15Y37         LUT5 (Prop_lut5_I1_O)        0.355     9.691 r  u_round/q_inc_i_358/O
                         net (fo=4, routed)           0.746    10.437    u_round/q_inc_i_358_n_0
    SLICE_X15Y40         LUT6 (Prop_lut6_I0_O)        0.124    10.561 r  u_round/q_inc_i_173/O
                         net (fo=3, routed)           0.943    11.504    u_round/q_inc_i_173_n_0
    SLICE_X13Y42         LUT3 (Prop_lut3_I2_O)        0.152    11.656 r  u_round/q_inc_i_227/O
                         net (fo=2, routed)           0.968    12.624    u_round/q_inc_i_227_n_0
    SLICE_X25Y42         LUT3 (Prop_lut3_I0_O)        0.326    12.950 f  u_round/q_inc_i_81/O
                         net (fo=2, routed)           1.032    13.981    u_round/q_inc_i_81_n_0
    SLICE_X10Y42         LUT6 (Prop_lut6_I3_O)        0.124    14.105 r  u_round/q_inc_i_28/O
                         net (fo=1, routed)           0.635    14.740    u_round/q_inc_i_28_n_0
    SLICE_X11Y42         LUT6 (Prop_lut6_I4_O)        0.124    14.864 r  u_round/q_inc_i_9/O
                         net (fo=1, routed)           1.100    15.964    u_round/q_inc_i_9_n_0
    SLICE_X23Y38         LUT6 (Prop_lut6_I4_O)        0.124    16.088 r  u_round/q_inc_i_4/O
                         net (fo=3, routed)           1.000    17.088    u_round/q_inc_i_4_n_0
    SLICE_X38Y33         LUT6 (Prop_lut6_I1_O)        0.124    17.212 r  u_round/q_carry_i_1/O
                         net (fo=1, routed)           0.000    17.212    u_round/carry
    SLICE_X38Y33         FDCE                                         r  u_round/q_carry_reg/D
  -------------------------------------------------------------------    -------------------

                         (clock clk rise edge)       20.000    20.000 r  
                                                      0.000    20.000 r  clk (IN)
                         net (fo=2823, unset)         0.924    20.924    u_round/clk
    SLICE_X38Y33         FDCE                                         r  u_round/q_carry_reg/C
                         clock pessimism              0.000    20.924    
                         clock uncertainty           -0.035    20.889    
    SLICE_X38Y33         FDCE (Setup_fdce_C_D)        0.081    20.970    u_round/q_carry_reg
  -------------------------------------------------------------------
                         required time                         20.970    
                         arrival time                         -17.212    
  -------------------------------------------------------------------
                         slack                                  3.758    





Min Delay Paths
--------------------------------------------------------------------------------------
Slack (MET) :             0.036ns  (arrival time - required time)
  Source:                 p2_c_reg[sp][29]/C
                            (rising edge-triggered cell FDRE clocked by clk  {rise@0.000ns fall@10.000ns period=20.000ns})
  Destination:            p4_c_reg[sp][29]_srl2/D
                            (rising edge-triggered cell SRL16E clocked by clk  {rise@0.000ns fall@10.000ns period=20.000ns})
  Path Group:             clk
  Path Type:              Hold (Min at Fast Process Corner)
  Requirement:            0.000ns  (clk rise@0.000ns - clk rise@0.000ns)
  Data Path Delay:        0.240ns  (logic 0.141ns (58.691%)  route 0.099ns (41.309%))
  Logic Levels:           0  
  Clock Path Skew:        0.022ns (DCD - SCD - CPR)
    Destination Clock Delay (DCD):    0.432ns
    Source Clock Delay      (SCD):    0.410ns
    Clock Pessimism Removal (CPR):    -0.000ns

    Location             Delay type                Incr(ns)  Path(ns)    Netlist Resource(s)
  -------------------------------------------------------------------    -------------------
                         (clock clk rise edge)        0.000     0.000 r  
                                                      0.000     0.000 r  clk (IN)
                         net (fo=2823, unset)         0.410     0.410    clk
    SLICE_X49Y29         FDRE                                         r  p2_c_reg[sp][29]/C
  -------------------------------------------------------------------    -------------------
    SLICE_X49Y29         FDRE (Prop_fdre_C_Q)         0.141     0.551 r  p2_c_reg[sp][29]/Q
                         net (fo=1, routed)           0.099     0.650    p2_c_reg[sp_n_0_][29]
    SLICE_X46Y29         SRL16E                                       r  p4_c_reg[sp][29]_srl2/D
  -------------------------------------------------------------------    -------------------

                         (clock clk rise edge)        0.000     0.000 r  
                                                      0.000     0.000 r  clk (IN)
                         net (fo=2823, unset)         0.432     0.432    clk
    SLICE_X46Y29         SRL16E                                       r  p4_c_reg[sp][29]_srl2/CLK
                         clock pessimism              0.000     0.432    
    SLICE_X46Y29         SRL16E (Hold_srl16e_CLK_D)
                                                      0.183     0.615    p4_c_reg[sp][29]_srl2
  -------------------------------------------------------------------
                         required time                         -0.615    
                         arrival time                           0.650    
  -------------------------------------------------------------------
                         slack                                  0.036    





Pulse Width Checks
--------------------------------------------------------------------------------------
Clock Name:         clk
Waveform(ns):       { 0.000 10.000 }
Period(ns):         20.000
Sources:            { clk }

Check Type        Corner  Lib Pin      Reference Pin  Required(ns)  Actual(ns)  Slack(ns)  Location      Pin
Min Period        n/a     DSP48E1/CLK  n/a            3.884         20.000      16.116     DSP48_X0Y7    pp_hh_reg__0/CLK
Low Pulse Width   Slow    SRL16E/CLK   n/a            0.980         10.000      9.020      SLICE_X38Y36  p4_c_reg[fmt]_srl3/CLK
High Pulse Width  Slow    SRL16E/CLK   n/a            0.980         10.000      9.020      SLICE_X38Y36  p4_c_reg[fmt]_srl3/CLK



---------------------------------------------------------------------------------------------------
Path Group:  **async_default**
From Clock:  clk
  To Clock:  clk

Setup :            0  Failing Endpoints,  Worst Slack       10.408ns,  Total Violation        0.000ns
Hold  :            0  Failing Endpoints,  Worst Slack        6.253ns,  Total Violation        0.000ns
---------------------------------------------------------------------------------------------------


Max Delay Paths
--------------------------------------------------------------------------------------
Slack (MET) :             10.408ns  (required time - arrival time)
  Source:                 rst_n
                            (input port clocked by clk  {rise@0.000ns fall@10.000ns period=20.000ns})
  Destination:            p1_v_reg/CLR
                            (recovery check against rising-edge clock clk  {rise@0.000ns fall@10.000ns period=20.000ns})
  Path Group:             **async_default**
  Path Type:              Recovery (Max at Slow Process Corner)
  Requirement:            20.000ns  (clk rise@20.000ns - clk rise@0.000ns)
  Data Path Delay:        4.076ns  (logic 0.124ns (3.042%)  route 3.952ns (96.958%))
  Logic Levels:           1  (LUT1=1)
  Input Delay:            6.000ns
  Clock Path Skew:        0.924ns (DCD - SCD + CPR)
    Destination Clock Delay (DCD):    0.924ns = ( 20.924 - 20.000 ) 
    Source Clock Delay      (SCD):    0.000ns
    Clock Pessimism Removal (CPR):    0.000ns
  Clock Uncertainty:      0.035ns  ((TSJ^2 + TIJ^2)^1/2 + DJ) / 2 + PE
    Total System Jitter     (TSJ):    0.071ns
    Total Input Jitter      (TIJ):    0.000ns
    Discrete Jitter          (DJ):    0.000ns
    Phase Error              (PE):    0.000ns

    Location             Delay type                Incr(ns)  Path(ns)    Netlist Resource(s)
  -------------------------------------------------------------------    -------------------
                         (clock clk rise edge)        0.000     0.000 r  
                         input delay                  6.000     6.000    
                                                      0.000     6.000 r  rst_n (IN)
                         net (fo=0)                   0.973     6.973    u_round/rst_n
    SLICE_X44Y38         LUT1 (Prop_lut1_I0_O)        0.124     7.097 f  u_round/out_valid_i_1/O
                         net (fo=104, routed)         2.979    10.076    u_round_n_0
    SLICE_X44Y28         FDCE                                         f  p1_v_reg/CLR
  -------------------------------------------------------------------    -------------------

                         (clock clk rise edge)       20.000    20.000 r  
                                                      0.000    20.000 r  clk (IN)
                         net (fo=2823, unset)         0.924    20.924    clk
    SLICE_X44Y28         FDCE                                         r  p1_v_reg/C
                         clock pessimism              0.000    20.924    
                         clock uncertainty           -0.035    20.889    
    SLICE_X44Y28         FDCE (Recov_fdce_C_CLR)     -0.405    20.484    p1_v_reg
  -------------------------------------------------------------------
                         required time                         20.484    
                         arrival time                         -10.076    
  -------------------------------------------------------------------
                         slack                                 10.408    





Min Delay Paths
--------------------------------------------------------------------------------------
Slack (MET) :             6.253ns  (arrival time - required time)
  Source:                 rst_n
                            (input port clocked by clk  {rise@0.000ns fall@10.000ns period=20.000ns})
  Destination:            u_round/q_mant_reg[38]/CLR
                            (removal check against rising-edge clock clk  {rise@0.000ns fall@10.000ns period=20.000ns})
  Path Group:             **async_default**
  Path Type:              Removal (Min at Fast Process Corner)
  Requirement:            0.000ns  (clk rise@0.000ns - clk rise@0.000ns)
  Data Path Delay:        0.628ns  (logic 0.045ns (7.170%)  route 0.583ns (92.830%))
  Logic Levels:           1  (LUT1=1)
  Input Delay:            6.000ns
  Clock Path Skew:        0.432ns (DCD - SCD - CPR)
    Destination Clock Delay (DCD):    0.432ns
    Source Clock Delay      (SCD):    0.000ns
    Clock Pessimism Removal (CPR):    -0.000ns
  Clock Uncertainty:      0.035ns  ((TSJ^2 + TIJ^2)^1/2 + DJ) / 2 + PE
    Total System Jitter     (TSJ):    0.071ns
    Total Input Jitter      (TIJ):    0.000ns
    Discrete Jitter          (DJ):    0.000ns
    Phase Error              (PE):    0.000ns

    Location             Delay type                Incr(ns)  Path(ns)    Netlist Resource(s)
  -------------------------------------------------------------------    -------------------
                         (clock clk rise edge)        0.000     0.000 r  
                         input delay                  6.000     6.000    
                                                      0.000     6.000 r  rst_n (IN)
                         net (fo=0)                   0.410     6.410    u_round/rst_n
    SLICE_X44Y38         LUT1 (Prop_lut1_I0_O)        0.045     6.455 f  u_round/out_valid_i_1/O
                         net (fo=104, routed)         0.173     6.628    u_round/rst_n_0
    SLICE_X37Y38         FDCE                                         f  u_round/q_mant_reg[38]/CLR
  -------------------------------------------------------------------    -------------------

                         (clock clk rise edge)        0.000     0.000 r  
                                                      0.000     0.000 r  clk (IN)
                         net (fo=2823, unset)         0.432     0.432    u_round/clk
    SLICE_X37Y38         FDCE                                         r  u_round/q_mant_reg[38]/C
                         clock pessimism              0.000     0.432    
                         clock uncertainty            0.035     0.467    
    SLICE_X37Y38         FDCE (Remov_fdce_C_CLR)     -0.092     0.375    u_round/q_mant_reg[38]
  -------------------------------------------------------------------
                         required time                         -0.375    
                         arrival time                           6.628    
  -------------------------------------------------------------------
                         slack                                  6.253    





