Copyright 1986-2022 Xilinx, Inc. All Rights Reserved. Copyright 2022-2025 Advanced Micro Devices, Inc. All Rights Reserved.
---------------------------------------------------------------------------------------------------------------------------------------------
| Tool Version : Vivado v.2025.1 (win64) Build 6140274 Thu May 22 00:12:29 MDT 2025
| Date         : Sun Sep 20 01:32:42 2026
| Host         : ARM-Windows running 64-bit major release  (build 9200)
| Command      : report_timing_summary -file ./output/timing_summary.rpt
| Design       : TOP
| Device       : 7a100t-csg324
| Speed File   : -1  PRODUCTION 1.23 2018-06-13
| Design State : Routed
---------------------------------------------------------------------------------------------------------------------------------------------

Timing Summary Report

------------------------------------------------------------------------------------------------
| Timer Settings
| --------------
------------------------------------------------------------------------------------------------

  Enable Multi Corner Analysis               :  Yes
  Enable Pessimism Removal                   :  Yes
  Pessimism Removal Resolution               :  Nearest Common Node
  Enable Input Delay Default Clock           :  No
  Enable Preset / Clear Arcs                 :  No
  Disable Flight Delays                      :  No
  Ignore I/O Paths                           :  No
  Timing Early Launch at Borrowing Latches   :  No
  Borrow Time for Max Delay Exceptions       :  Yes
  Merge Timing Exceptions                    :  Yes
  Inter-SLR Compensation                     :  Conservative

  Corner  Analyze    Analyze    
  Name    Max Paths  Min Paths  
  ------  ---------  ---------  
  Slow    Yes        Yes        
  Fast    Yes        Yes        


------------------------------------------------------------------------------------------------
| Report Methodology
| ------------------
------------------------------------------------------------------------------------------------

No report available as report_methodology has not been run prior. Run report_methodology on the current design for the summary of methodology violations.



check_timing report

Table of Contents
-----------------
1. checking no_clock (0)
2. checking constant_clock (0)
3. checking pulse_width_clock (0)
4. checking unconstrained_internal_endpoints (0)
5. checking no_input_delay (6)
6. checking no_output_delay (6)
7. checking multiple_clock (0)
8. checking generated_clocks (0)
9. checking loops (0)
10. checking partial_input_delay (0)
11. checking partial_output_delay (0)
12. checking latch_loops (0)

1. checking no_clock (0)
------------------------
 There are 0 register/latch pins with no clock.


2. checking constant_clock (0)
------------------------------
 There are 0 register/latch pins with constant_clock.


3. checking pulse_width_clock (0)
---------------------------------
 There are 0 register/latch pins which need pulse_width check


4. checking unconstrained_internal_endpoints (0)
------------------------------------------------
 There are 0 pins that are not constrained for maximum delay.

 There are 0 pins that are not constrained for maximum delay due to constant clock.


5. checking no_input_delay (6)
------------------------------
 There are 0 input ports with no input delay specified.

 There are 6 input ports with no input delay but user has a false path constraint. (MEDIUM)


6. checking no_output_delay (6)
-------------------------------
 There are 0 ports with no output delay specified.

 There are 6 ports with no output delay but user has a false path constraint (MEDIUM)

 There are 0 ports with no output delay but with a timing clock defined on it or propagating through it


7. checking multiple_clock (0)
------------------------------
 There are 0 register/latch pins with multiple clocks.


8. checking generated_clocks (0)
--------------------------------
 There are 0 generated clocks that are not connected to a clock source.


9. checking loops (0)
---------------------
 There are 0 combinational loops in the design.


10. checking partial_input_delay (0)
------------------------------------
 There are 0 input ports with partial input delay specified.


11. checking partial_output_delay (0)
-------------------------------------
 There are 0 ports with partial output delay specified.


12. checking latch_loops (0)
----------------------------
 There are 0 combinational latch loops in the design through latch input



------------------------------------------------------------------------------------------------
| Design Timing Summary
| ---------------------
------------------------------------------------------------------------------------------------

    WNS(ns)      TNS(ns)  TNS Failing Endpoints  TNS Total Endpoints      WHS(ns)      THS(ns)  THS Failing Endpoints  THS Total Endpoints     WPWS(ns)     TPWS(ns)  TPWS Failing Endpoints  TPWS Total Endpoints  
    -------      -------  ---------------------  -------------------      -------      -------  ---------------------  -------------------     --------     --------  ----------------------  --------------------  
      4.387        0.000                      0                18602        0.014        0.000                      0                18602        3.000        0.000                       0                  7080  


All user specified timing constraints are met.


------------------------------------------------------------------------------------------------
| Clock Summary
| -------------
------------------------------------------------------------------------------------------------

Clock                 Waveform(ns)         Period(ns)      Frequency(MHz)
-----                 ------------         ----------      --------------
clk100                {0.000 5.000}        10.000          100.000         
  g_clk_mmcm.clk_fb   {0.000 5.000}        10.000          100.000         
  g_clk_mmcm.clk_out  {0.000 10.000}       20.000          50.000          
jtag_tck              {0.000 50.000}       100.000         10.000          
jtag_tmsc             {0.000 50.000}       100.000         10.000          


------------------------------------------------------------------------------------------------
| Intra Clock Table
| -----------------
------------------------------------------------------------------------------------------------

Clock                     WNS(ns)      TNS(ns)  TNS Failing Endpoints  TNS Total Endpoints      WHS(ns)      THS(ns)  THS Failing Endpoints  THS Total Endpoints     WPWS(ns)     TPWS(ns)  TPWS Failing Endpoints  TPWS Total Endpoints  
-----                     -------      -------  ---------------------  -------------------      -------      -------  ---------------------  -------------------     --------     --------  ----------------------  --------------------  
clk100                                                                                                                                                                  3.000        0.000                       0                     1  
  g_clk_mmcm.clk_fb                                                                                                                                                     8.751        0.000                       0                     2  
  g_clk_mmcm.clk_out        4.387        0.000                      0                15135        0.014        0.000                      0                15135        8.750        0.000                       0                  6900  
jtag_tck                   40.819        0.000                      0                  263        0.053        0.000                      0                  263       49.500        0.000                       0                   172  
jtag_tmsc                  97.152        0.000                      0                    5        0.434        0.000                      0                    5       49.500        0.000                       0                     5  


------------------------------------------------------------------------------------------------
| Inter Clock Table
| -----------------
------------------------------------------------------------------------------------------------

From Clock    To Clock          WNS(ns)      TNS(ns)  TNS Failing Endpoints  TNS Total Endpoints      WHS(ns)      THS(ns)  THS Failing Endpoints  THS Total Endpoints  
----------    --------          -------      -------  ---------------------  -------------------      -------      -------  ---------------------  -------------------  


------------------------------------------------------------------------------------------------
| Other Path Groups Table
| -----------------------
------------------------------------------------------------------------------------------------

Path Group          From Clock          To Clock                WNS(ns)      TNS(ns)  TNS Failing Endpoints  TNS Total Endpoints      WHS(ns)      THS(ns)  THS Failing Endpoints  THS Total Endpoints  
----------          ----------          --------                -------      -------  ---------------------  -------------------      -------      -------  ---------------------  -------------------  
**async_default**   g_clk_mmcm.clk_out  g_clk_mmcm.clk_out        8.875        0.000                      0                 3032        0.564        0.000                      0                 3032  
**async_default**   jtag_tck            jtag_tck                 46.233        0.000                      0                  167        0.483        0.000                      0                  167  


------------------------------------------------------------------------------------------------
| Timing Details
| --------------
------------------------------------------------------------------------------------------------


---------------------------------------------------------------------------------------------------
From Clock:  clk100
  To Clock:  clk100

Setup :           NA  Failing Endpoints,  Worst Slack           NA  ,  Total Violation           NA
Hold  :           NA  Failing Endpoints,  Worst Slack           NA  ,  Total Violation           NA
PW    :            0  Failing Endpoints,  Worst Slack        3.000ns,  Total Violation        0.000ns
---------------------------------------------------------------------------------------------------


Pulse Width Checks
--------------------------------------------------------------------------------------
Clock Name:         clk100
Waveform(ns):       { 0.000 5.000 }
Period(ns):         10.000
Sources:            { CLK100MHZ }

Check Type        Corner  Lib Pin            Reference Pin  Required(ns)  Actual(ns)  Slack(ns)  Location         Pin
Min Period        n/a     MMCME2_ADV/CLKIN1  n/a            1.249         10.000      8.751      MMCME2_ADV_X1Y2  g_clk_mmcm.u_mmcm/CLKIN1
Max Period        n/a     MMCME2_ADV/CLKIN1  n/a            100.000       10.000      90.000     MMCME2_ADV_X1Y2  g_clk_mmcm.u_mmcm/CLKIN1
Low Pulse Width   Slow    MMCME2_ADV/CLKIN1  n/a            2.000         5.000       3.000      MMCME2_ADV_X1Y2  g_clk_mmcm.u_mmcm/CLKIN1
High Pulse Width  Slow    MMCME2_ADV/CLKIN1  n/a            2.000         5.000       3.000      MMCME2_ADV_X1Y2  g_clk_mmcm.u_mmcm/CLKIN1



---------------------------------------------------------------------------------------------------
From Clock:  g_clk_mmcm.clk_fb
  To Clock:  g_clk_mmcm.clk_fb

Setup :           NA  Failing Endpoints,  Worst Slack           NA  ,  Total Violation           NA
Hold  :           NA  Failing Endpoints,  Worst Slack           NA  ,  Total Violation           NA
PW    :            0  Failing Endpoints,  Worst Slack        8.751ns,  Total Violation        0.000ns
---------------------------------------------------------------------------------------------------


Pulse Width Checks
--------------------------------------------------------------------------------------
Clock Name:         g_clk_mmcm.clk_fb
Waveform(ns):       { 0.000 5.000 }
Period(ns):         10.000
Sources:            { g_clk_mmcm.u_mmcm/CLKFBOUT }

Check Type  Corner  Lib Pin              Reference Pin  Required(ns)  Actual(ns)  Slack(ns)  Location         Pin
Min Period  n/a     MMCME2_ADV/CLKFBOUT  n/a            1.249         10.000      8.751      MMCME2_ADV_X1Y2  g_clk_mmcm.u_mmcm/CLKFBOUT
Max Period  n/a     MMCME2_ADV/CLKFBIN   n/a            100.000       10.000      90.000     MMCME2_ADV_X1Y2  g_clk_mmcm.u_mmcm/CLKFBIN



---------------------------------------------------------------------------------------------------
From Clock:  g_clk_mmcm.clk_out
  To Clock:  g_clk_mmcm.clk_out

Setup :            0  Failing Endpoints,  Worst Slack        4.387ns,  Total Violation        0.000ns
Hold  :            0  Failing Endpoints,  Worst Slack        0.014ns,  Total Violation        0.000ns
PW    :            0  Failing Endpoints,  Worst Slack        8.750ns,  Total Violation        0.000ns
---------------------------------------------------------------------------------------------------


Max Delay Paths
--------------------------------------------------------------------------------------
Slack (MET) :             4.387ns  (required time - arrival time)
  Source:                 u_cpu_top/u_cpu_cache/u_dcache/u_tag/tag_mem_reg_1/CLKARDCLK
                            (rising edge-triggered cell RAMB18E1 clocked by g_clk_mmcm.clk_out  {rise@0.000ns fall@10.000ns period=20.000ns})
  Destination:            u_cpu_top/u_cpu_cache/u_dcache/rob_data_reg[4][50]/D
                            (rising edge-triggered cell FDCE clocked by g_clk_mmcm.clk_out  {rise@0.000ns fall@10.000ns period=20.000ns})
  Path Group:             g_clk_mmcm.clk_out
  Path Type:              Setup (Max at Slow Process Corner)
  Requirement:            20.000ns  (g_clk_mmcm.clk_out rise@20.000ns - g_clk_mmcm.clk_out rise@0.000ns)
  Data Path Delay:        15.476ns  (logic 5.248ns (33.911%)  route 10.228ns (66.089%))
  Logic Levels:           12  (CARRY4=2 LUT2=1 LUT3=1 LUT4=3 LUT5=1 LUT6=4)
  Clock Path Skew:        -0.086ns (DCD - SCD + CPR)
    Destination Clock Delay (DCD):    5.905ns = ( 25.905 - 20.000 ) 
    Source Clock Delay      (SCD):    6.302ns
    Clock Pessimism Removal (CPR):    0.311ns
  Clock Uncertainty:      0.082ns  ((TSJ^2 + DJ^2)^1/2) / 2 + PE
    Total System Jitter     (TSJ):    0.071ns
    Discrete Jitter          (DJ):    0.147ns
    Phase Error              (PE):    0.000ns

    Location             Delay type                Incr(ns)  Path(ns)    Netlist Resource(s)
  -------------------------------------------------------------------    -------------------
                         (clock g_clk_mmcm.clk_out rise edge)
                                                      0.000     0.000 r  
    E3                                                0.000     0.000 r  CLK100MHZ (IN)
                         net (fo=0)                   0.000     0.000    CLK100MHZ
    E3                   IBUF (Prop_ibuf_I_O)         1.482     1.482 r  CLK100MHZ_IBUF_inst/O
                         net (fo=1, routed)           1.233     2.715    CLK100MHZ_IBUF
    MMCME2_ADV_X1Y2      MMCME2_ADV (Prop_mmcme2_adv_CLKIN1_CLKOUT0)
                                                      0.088     2.803 r  g_clk_mmcm.u_mmcm/CLKOUT0
                         net (fo=1, routed)           1.719     4.522    g_clk_mmcm.clk_out
    BUFGCTRL_X0Y16       BUFG (Prop_bufg_I_O)         0.096     4.618 r  g_clk_mmcm.u_bufg/O
                         net (fo=6898, routed)        1.684     6.302    u_cpu_top/u_cpu_cache/u_dcache/u_tag/sys_clk
    RAMB18_X0Y24         RAMB18E1                                     r  u_cpu_top/u_cpu_cache/u_dcache/u_tag/tag_mem_reg_1/CLKARDCLK
  -------------------------------------------------------------------    -------------------
    RAMB18_X0Y24         RAMB18E1 (Prop_ramb18e1_CLKARDCLK_DOBDO[1])
                                                      2.454     8.756 r  u_cpu_top/u_cpu_cache/u_dcache/u_tag/tag_mem_reg_1/DOBDO[1]
                         net (fo=3, routed)           1.965    10.722    u_cpu_top/u_cpu_cache/u_dcache/u_tag/tag_rd_tag[101]
    SLICE_X28Y63         LUT3 (Prop_lut3_I2_O)        0.152    10.874 r  u_cpu_top/u_cpu_cache/u_dcache/u_tag/tag_mem_reg_1_i_92/O
                         net (fo=1, routed)           0.804    11.678    u_cpu_top/u_cpu_cache/u_dcache/u_tag/tag_mem_reg_1_i_92_n_0
    SLICE_X30Y62         LUT6 (Prop_lut6_I0_O)        0.326    12.004 r  u_cpu_top/u_cpu_cache/u_dcache/u_tag/tag_mem_reg_1_i_74/O
                         net (fo=1, routed)           0.000    12.004    u_cpu_top/u_cpu_cache/u_dcache/u_tag/tag_mem_reg_1_i_74_n_0
    SLICE_X30Y62         CARRY4 (Prop_carry4_S[1]_CO[3])
                                                      0.533    12.537 r  u_cpu_top/u_cpu_cache/u_dcache/u_tag/tag_mem_reg_1_i_60/CO[3]
                         net (fo=1, routed)           0.000    12.537    u_cpu_top/u_cpu_cache/u_dcache/u_tag/tag_mem_reg_1_i_60_n_0
    SLICE_X30Y63         CARRY4 (Prop_carry4_CI_CO[1])
                                                      0.157    12.694 f  u_cpu_top/u_cpu_cache/u_dcache/u_tag/tag_mem_reg_1_i_55/CO[1]
                         net (fo=1, routed)           0.884    13.577    u_cpu_top/u_cpu_cache/u_dcache/u_tag/s1_can_retire65_out
    SLICE_X43Y62         LUT4 (Prop_lut4_I0_O)        0.326    13.903 f  u_cpu_top/u_cpu_cache/u_dcache/u_tag/tag_mem_reg_1_i_50/O
                         net (fo=73, routed)          0.789    14.692    u_cpu_top/u_cpu_cache/u_dcache/u_tag/rd_valid_reg[3]_0
    SLICE_X44Y60         LUT6 (Prop_lut6_I0_O)        0.326    15.018 f  u_cpu_top/u_cpu_cache/u_dcache/u_tag/rob_wait[7]_i_6/O
                         net (fo=70, routed)          1.413    16.431    u_cpu_top/u_cpu_cache/u_dcache/u_tag/tfwd_valid_reg
    SLICE_X70Y62         LUT4 (Prop_lut4_I0_O)        0.124    16.555 r  u_cpu_top/u_cpu_cache/u_dcache/u_tag/rob_data[1][58]_i_6/O
                         net (fo=1, routed)           0.282    16.837    u_cpu_top/u_cpu_cache/u_dcache/u_tag/rob_data[1][58]_i_6_n_0
    SLICE_X70Y62         LUT5 (Prop_lut5_I4_O)        0.124    16.961 f  u_cpu_top/u_cpu_cache/u_dcache/u_tag/rob_data[1][58]_i_5/O
                         net (fo=1, routed)           0.768    17.730    u_cpu_top/u_cpu_cache/u_dcache/u_tag/rob_data[1][58]_i_5_n_0
    SLICE_X66Y64         LUT4 (Prop_lut4_I3_O)        0.150    17.880 f  u_cpu_top/u_cpu_cache/u_dcache/u_tag/rob_data[1][58]_i_4/O
                         net (fo=5, routed)           1.437    19.317    u_cpu_top/u_cpu_cache/u_dcache/u_tag/rob_data[1][58]_i_4_n_0
    SLICE_X50Y81         LUT6 (Prop_lut6_I1_O)        0.328    19.645 f  u_cpu_top/u_cpu_cache/u_dcache/u_tag/rob_data[1][50]_i_3/O
                         net (fo=5, routed)           1.305    20.950    u_cpu_top/u_cpu_cache/u_dcache/u_tag/rob_data[1][50]_i_3_n_0
    SLICE_X31Y87         LUT2 (Prop_lut2_I0_O)        0.124    21.074 f  u_cpu_top/u_cpu_cache/u_dcache/u_tag/rob_data[0][50]_i_4/O
                         net (fo=4, routed)           0.580    21.654    u_cpu_top/u_cpu_cache/u_dcache/u_tag/rob_data[0][50]_i_4_n_0
    SLICE_X31Y90         LUT6 (Prop_lut6_I5_O)        0.124    21.778 r  u_cpu_top/u_cpu_cache/u_dcache/u_tag/rob_data[4][50]_i_1/O
                         net (fo=1, routed)           0.000    21.778    u_cpu_top/u_cpu_cache/u_dcache/u_tag_n_164
    SLICE_X31Y90         FDCE                                         r  u_cpu_top/u_cpu_cache/u_dcache/rob_data_reg[4][50]/D
  -------------------------------------------------------------------    -------------------

                         (clock g_clk_mmcm.clk_out rise edge)
                                                     20.000    20.000 r  
    E3                                                0.000    20.000 r  CLK100MHZ (IN)
                         net (fo=0)                   0.000    20.000    CLK100MHZ
    E3                   IBUF (Prop_ibuf_I_O)         1.411    21.411 r  CLK100MHZ_IBUF_inst/O
                         net (fo=1, routed)           1.162    22.573    CLK100MHZ_IBUF
    MMCME2_ADV_X1Y2      MMCME2_ADV (Prop_mmcme2_adv_CLKIN1_CLKOUT0)
                                                      0.083    22.656 r  g_clk_mmcm.u_mmcm/CLKOUT0
                         net (fo=1, routed)           1.639    24.295    g_clk_mmcm.clk_out
    BUFGCTRL_X0Y16       BUFG (Prop_bufg_I_O)         0.091    24.386 r  g_clk_mmcm.u_bufg/O
                         net (fo=6898, routed)        1.518    25.905    u_cpu_top/u_cpu_cache/u_dcache/sys_clk
    SLICE_X31Y90         FDCE                                         r  u_cpu_top/u_cpu_cache/u_dcache/rob_data_reg[4][50]/C
                         clock pessimism              0.311    26.216    
                         clock uncertainty           -0.082    26.134    
    SLICE_X31Y90         FDCE (Setup_fdce_C_D)        0.031    26.165    u_cpu_top/u_cpu_cache/u_dcache/rob_data_reg[4][50]
  -------------------------------------------------------------------
                         required time                         26.165    
                         arrival time                         -21.778    
  -------------------------------------------------------------------
                         slack                                  4.387    





Min Delay Paths
--------------------------------------------------------------------------------------
Slack (MET) :             0.014ns  (arrival time - required time)
  Source:                 u_cpu_top/u_cpu_cache/u_dcache/wb_line_reg[1][0]/C
                            (rising edge-triggered cell FDRE clocked by g_clk_mmcm.clk_out  {rise@0.000ns fall@10.000ns period=20.000ns})
  Destination:            u_cpu_top/u_cpu_cache/u_dcache/m_axi4_awaddr_reg[6]/D
                            (rising edge-triggered cell FDCE clocked by g_clk_mmcm.clk_out  {rise@0.000ns fall@10.000ns period=20.000ns})
  Path Group:             g_clk_mmcm.clk_out
  Path Type:              Hold (Min at Fast Process Corner)
  Requirement:            0.000ns  (g_clk_mmcm.clk_out rise@0.000ns - g_clk_mmcm.clk_out rise@0.000ns)
  Data Path Delay:        0.368ns  (logic 0.209ns (56.765%)  route 0.159ns (43.235%))
  Logic Levels:           1  (LUT5=1)
  Clock Path Skew:        0.263ns (DCD - SCD - CPR)
    Destination Clock Delay (DCD):    2.372ns
    Source Clock Delay      (SCD):    1.825ns
    Clock Pessimism Removal (CPR):    0.283ns

    Location             Delay type                Incr(ns)  Path(ns)    Netlist Resource(s)
  -------------------------------------------------------------------    -------------------
                         (clock g_clk_mmcm.clk_out rise edge)
                                                      0.000     0.000 r  
    E3                                                0.000     0.000 r  CLK100MHZ (IN)
                         net (fo=0)                   0.000     0.000    CLK100MHZ
    E3                   IBUF (Prop_ibuf_I_O)         0.250     0.250 r  CLK100MHZ_IBUF_inst/O
                         net (fo=1, routed)           0.440     0.690    CLK100MHZ_IBUF
    MMCME2_ADV_X1Y2      MMCME2_ADV (Prop_mmcme2_adv_CLKIN1_CLKOUT0)
                                                      0.050     0.740 r  g_clk_mmcm.u_mmcm/CLKOUT0
                         net (fo=1, routed)           0.499     1.239    g_clk_mmcm.clk_out
    BUFGCTRL_X0Y16       BUFG (Prop_bufg_I_O)         0.026     1.265 r  g_clk_mmcm.u_bufg/O
                         net (fo=6898, routed)        0.561     1.825    u_cpu_top/u_cpu_cache/u_dcache/sys_clk
    SLICE_X50Y63         FDRE                                         r  u_cpu_top/u_cpu_cache/u_dcache/wb_line_reg[1][0]/C
  -------------------------------------------------------------------    -------------------
    SLICE_X50Y63         FDRE (Prop_fdre_C_Q)         0.164     1.989 r  u_cpu_top/u_cpu_cache/u_dcache/wb_line_reg[1][0]/Q
                         net (fo=1, routed)           0.159     2.149    u_cpu_top/u_cpu_cache/u_dcache/wb_line_reg[1]_18[0]
    SLICE_X52Y63         LUT5 (Prop_lut5_I2_O)        0.045     2.194 r  u_cpu_top/u_cpu_cache/u_dcache/m_axi4_awaddr[6]_i_1/O
                         net (fo=1, routed)           0.000     2.194    u_cpu_top/u_cpu_cache/u_dcache/m_axi4_awaddr[6]_i_1_n_0
    SLICE_X52Y63         FDCE                                         r  u_cpu_top/u_cpu_cache/u_dcache/m_axi4_awaddr_reg[6]/D
  -------------------------------------------------------------------    -------------------

                         (clock g_clk_mmcm.clk_out rise edge)
                                                      0.000     0.000 r  
    E3                                                0.000     0.000 r  CLK100MHZ (IN)
                         net (fo=0)                   0.000     0.000    CLK100MHZ
    E3                   IBUF (Prop_ibuf_I_O)         0.438     0.438 r  CLK100MHZ_IBUF_inst/O
                         net (fo=1, routed)           0.480     0.918    CLK100MHZ_IBUF
    MMCME2_ADV_X1Y2      MMCME2_ADV (Prop_mmcme2_adv_CLKIN1_CLKOUT0)
                                                      0.053     0.971 r  g_clk_mmcm.u_mmcm/CLKOUT0
                         net (fo=1, routed)           0.544     1.514    g_clk_mmcm.clk_out
    BUFGCTRL_X0Y16       BUFG (Prop_bufg_I_O)         0.029     1.543 r  g_clk_mmcm.u_bufg/O
                         net (fo=6898, routed)        0.829     2.372    u_cpu_top/u_cpu_cache/u_dcache/sys_clk
    SLICE_X52Y63         FDCE                                         r  u_cpu_top/u_cpu_cache/u_dcache/m_axi4_awaddr_reg[6]/C
                         clock pessimism             -0.283     2.088    
    SLICE_X52Y63         FDCE (Hold_fdce_C_D)         0.091     2.179    u_cpu_top/u_cpu_cache/u_dcache/m_axi4_awaddr_reg[6]
  -------------------------------------------------------------------
                         required time                         -2.179    
                         arrival time                           2.194    
  -------------------------------------------------------------------
                         slack                                  0.014    





Pulse Width Checks
--------------------------------------------------------------------------------------
Clock Name:         g_clk_mmcm.clk_out
Waveform(ns):       { 0.000 10.000 }
Period(ns):         20.000
Sources:            { g_clk_mmcm.u_mmcm/CLKOUT0 }

Check Type        Corner  Lib Pin             Reference Pin  Required(ns)  Actual(ns)  Slack(ns)  Location         Pin
Min Period        n/a     RAMB36E1/CLKARDCLK  n/a            2.944         20.000      17.056     RAMB36_X1Y13     u_cpu_top/u_cpu_cache/u_dcache/u_dat/g_way[0].mem_reg/CLKARDCLK
Max Period        n/a     MMCME2_ADV/CLKOUT0  n/a            213.360       20.000      193.360    MMCME2_ADV_X1Y2  g_clk_mmcm.u_mmcm/CLKOUT0
Low Pulse Width   Slow    RAMS64E/CLK         n/a            1.250         10.000      8.750      SLICE_X74Y80     u_cpu_top/u_cpu_dbg/u_hart/xf_reg_0_63_0_0/SP/CLK
High Pulse Width  Slow    RAMS64E/CLK         n/a            1.250         10.000      8.750      SLICE_X74Y80     u_cpu_top/u_cpu_dbg/u_hart/xf_reg_0_63_0_0/SP/CLK



---------------------------------------------------------------------------------------------------
From Clock:  jtag_tck
  To Clock:  jtag_tck

Setup :            0  Failing Endpoints,  Worst Slack       40.819ns,  Total Violation        0.000ns
Hold  :            0  Failing Endpoints,  Worst Slack        0.053ns,  Total Violation        0.000ns
PW    :            0  Failing Endpoints,  Worst Slack       49.500ns,  Total Violation        0.000ns
---------------------------------------------------------------------------------------------------


Max Delay Paths
--------------------------------------------------------------------------------------
Slack (MET) :             40.819ns  (required time - arrival time)
  Source:                 u_cpu_top/u_cpu_dbg/u_cjtag/snap_fall_reg[3]/C
                            (falling edge-triggered cell FDCE clocked by jtag_tck  {rise@0.000ns fall@50.000ns period=100.000ns})
  Destination:            u_cpu_top/u_cpu_dbg/u_cdc/q_addr_reg[0]/CE
                            (rising edge-triggered cell FDCE clocked by jtag_tck  {rise@0.000ns fall@50.000ns period=100.000ns})
  Path Group:             jtag_tck
  Path Type:              Setup (Max at Slow Process Corner)
  Requirement:            50.000ns  (jtag_tck rise@100.000ns - jtag_tck fall@50.000ns)
  Data Path Delay:        8.867ns  (logic 1.848ns (20.841%)  route 7.019ns (79.159%))
  Logic Levels:           8  (LUT2=1 LUT3=2 LUT4=1 LUT5=1 LUT6=3)
  Clock Path Skew:        -0.110ns (DCD - SCD + CPR)
    Destination Clock Delay (DCD):    5.776ns = ( 105.776 - 100.000 ) 
    Source Clock Delay      (SCD):    6.431ns = ( 56.431 - 50.000 ) 
    Clock Pessimism Removal (CPR):    0.546ns
  Clock Uncertainty:      0.035ns  ((TSJ^2 + TIJ^2)^1/2 + DJ) / 2 + PE
    Total System Jitter     (TSJ):    0.071ns
    Total Input Jitter      (TIJ):    0.000ns
    Discrete Jitter          (DJ):    0.000ns
    Phase Error              (PE):    0.000ns

    Location             Delay type                Incr(ns)  Path(ns)    Netlist Resource(s)
  -------------------------------------------------------------------    -------------------
                         (clock jtag_tck fall edge)
                                                     50.000    50.000 f  
    G13                                               0.000    50.000 f  JA_TCK (IN)
                         net (fo=0)                   0.000    50.000    JA_TCK
    G13                  IBUF (Prop_ibuf_I_O)         1.475    51.475 f  JA_TCK_IBUF_inst/O
                         net (fo=2, routed)           3.248    54.723    JA_TCK_IBUF
    BUFGCTRL_X0Y0        BUFG (Prop_bufg_I_O)         0.096    54.819 f  JA_TCK_IBUF_BUFG_inst/O
                         net (fo=176, routed)         1.612    56.431    u_cpu_top/u_cpu_dbg/u_cjtag/JA_TCK_IBUF_BUFG
    SLICE_X54Y101        FDCE                                         r  u_cpu_top/u_cpu_dbg/u_cjtag/snap_fall_reg[3]/C  (IS_INVERTED)
  -------------------------------------------------------------------    -------------------
    SLICE_X54Y101        FDCE (Prop_fdce_C_Q)         0.484    56.915 r  u_cpu_top/u_cpu_dbg/u_cjtag/snap_fall_reg[3]/Q
                         net (fo=3, routed)           0.828    57.744    u_cpu_top/u_cpu_dbg/u_cjtag/snap_fall[3]
    SLICE_X53Y102        LUT3 (Prop_lut3_I2_O)        0.295    58.039 r  u_cpu_top/u_cpu_dbg/u_cjtag/act_cnt[3]_i_9/O
                         net (fo=3, routed)           0.993    59.032    u_cpu_top/u_cpu_dbg/u_cjtag/act_cnt[3]_i_9_n_0
    SLICE_X54Y102        LUT6 (Prop_lut6_I0_O)        0.124    59.156 r  u_cpu_top/u_cpu_dbg/u_cjtag/act_cnt[3]_i_11/O
                         net (fo=1, routed)           0.565    59.721    u_cpu_top/u_cpu_dbg/u_cjtag/act_cnt[3]_i_11_n_0
    SLICE_X53Y102        LUT6 (Prop_lut6_I5_O)        0.124    59.845 r  u_cpu_top/u_cpu_dbg/u_cjtag/act_cnt[3]_i_8/O
                         net (fo=2, routed)           0.741    60.586    u_cpu_top/u_cpu_dbg/u_cjtag/u_sync_mode/FSM_sequential_state_reg[3]_2
    SLICE_X49Y102        LUT4 (Prop_lut4_I2_O)        0.124    60.710 f  u_cpu_top/u_cpu_dbg/u_cjtag/u_sync_mode/FSM_sequential_state[3]_i_4/O
                         net (fo=5, routed)           0.876    61.586    u_cpu_top/u_cpu_dbg/u_cjtag/u_sync_mode/ff2_reg[0]_0
    SLICE_X51Y98         LUT2 (Prop_lut2_I0_O)        0.117    61.703 f  u_cpu_top/u_cpu_dbg/u_cjtag/u_sync_mode/dr_sr[40]_i_3/O
                         net (fo=5, routed)           0.481    62.185    u_cpu_top/u_cpu_dbg/u_dtm/errinfo_reg[0]_0
    SLICE_X51Y98         LUT3 (Prop_lut3_I0_O)        0.332    62.517 f  u_cpu_top/u_cpu_dbg/u_dtm/last_addr[6]_i_2/O
                         net (fo=2, routed)           0.321    62.838    u_cpu_top/u_cpu_dbg/u_dtm/last_addr[6]_i_2_n_0
    SLICE_X50Y97         LUT5 (Prop_lut5_I3_O)        0.124    62.962 f  u_cpu_top/u_cpu_dbg/u_dtm/req_i_2/O
                         net (fo=4, routed)           0.969    63.931    u_cpu_top/u_cpu_dbg/u_dtm/t_abort
    SLICE_X51Y96         LUT6 (Prop_lut6_I0_O)        0.124    64.055 r  u_cpu_top/u_cpu_dbg/u_dtm/q_addr[6]_i_1/O
                         net (fo=40, routed)          1.243    65.298    u_cpu_top/u_cpu_dbg/u_cdc/E[0]
    SLICE_X54Y97         FDCE                                         r  u_cpu_top/u_cpu_dbg/u_cdc/q_addr_reg[0]/CE
  -------------------------------------------------------------------    -------------------

                         (clock jtag_tck rise edge)
                                                    100.000   100.000 r  
    G13                                               0.000   100.000 r  JA_TCK (IN)
                         net (fo=0)                   0.000   100.000    JA_TCK
    G13                  IBUF (Prop_ibuf_I_O)         1.404   101.404 r  JA_TCK_IBUF_inst/O
                         net (fo=2, routed)           2.778   104.183    JA_TCK_IBUF
    BUFGCTRL_X0Y0        BUFG (Prop_bufg_I_O)         0.091   104.274 r  JA_TCK_IBUF_BUFG_inst/O
                         net (fo=176, routed)         1.502   105.776    u_cpu_top/u_cpu_dbg/u_cdc/JA_TCK_IBUF_BUFG
    SLICE_X54Y97         FDCE                                         r  u_cpu_top/u_cpu_dbg/u_cdc/q_addr_reg[0]/C
                         clock pessimism              0.546   106.322    
                         clock uncertainty           -0.035   106.286    
    SLICE_X54Y97         FDCE (Setup_fdce_C_CE)      -0.169   106.117    u_cpu_top/u_cpu_dbg/u_cdc/q_addr_reg[0]
  -------------------------------------------------------------------
                         required time                        106.117    
                         arrival time                         -65.298    
  -------------------------------------------------------------------
                         slack                                 40.819    





Min Delay Paths
--------------------------------------------------------------------------------------
Slack (MET) :             0.053ns  (arrival time - required time)
  Source:                 u_cpu_top/u_cpu_dbg/u_dtm/dr_sr_reg[34]/C
                            (rising edge-triggered cell FDCE clocked by jtag_tck  {rise@0.000ns fall@50.000ns period=100.000ns})
  Destination:            u_cpu_top/u_cpu_dbg/u_cdc/q_addr_reg[0]/D
                            (rising edge-triggered cell FDCE clocked by jtag_tck  {rise@0.000ns fall@50.000ns period=100.000ns})
  Path Group:             jtag_tck
  Path Type:              Hold (Min at Fast Process Corner)
  Requirement:            0.000ns  (jtag_tck rise@0.000ns - jtag_tck rise@0.000ns)
  Data Path Delay:        0.340ns  (logic 0.148ns (43.564%)  route 0.192ns (56.436%))
  Logic Levels:           0  
  Clock Path Skew:        0.265ns (DCD - SCD - CPR)
    Destination Clock Delay (DCD):    2.838ns
    Source Clock Delay      (SCD):    2.160ns
    Clock Pessimism Removal (CPR):    0.413ns

    Location             Delay type                Incr(ns)  Path(ns)    Netlist Resource(s)
  -------------------------------------------------------------------    -------------------
                         (clock jtag_tck rise edge)
                                                      0.000     0.000 r  
    G13                                               0.000     0.000 r  JA_TCK (IN)
                         net (fo=0)                   0.000     0.000    JA_TCK
    G13                  IBUF (Prop_ibuf_I_O)         0.243     0.243 r  JA_TCK_IBUF_inst/O
                         net (fo=2, routed)           1.328     1.571    JA_TCK_IBUF
    BUFGCTRL_X0Y0        BUFG (Prop_bufg_I_O)         0.026     1.597 r  JA_TCK_IBUF_BUFG_inst/O
                         net (fo=176, routed)         0.563     2.160    u_cpu_top/u_cpu_dbg/u_dtm/JA_TCK_IBUF_BUFG
    SLICE_X50Y96         FDCE                                         r  u_cpu_top/u_cpu_dbg/u_dtm/dr_sr_reg[34]/C
  -------------------------------------------------------------------    -------------------
    SLICE_X50Y96         FDCE (Prop_fdce_C_Q)         0.148     2.308 r  u_cpu_top/u_cpu_dbg/u_dtm/dr_sr_reg[34]/Q
                         net (fo=3, routed)           0.192     2.499    u_cpu_top/u_cpu_dbg/u_cdc/q_addr_reg[6]_0[32]
    SLICE_X54Y97         FDCE                                         r  u_cpu_top/u_cpu_dbg/u_cdc/q_addr_reg[0]/D
  -------------------------------------------------------------------    -------------------

                         (clock jtag_tck rise edge)
                                                      0.000     0.000 r  
    G13                                               0.000     0.000 r  JA_TCK (IN)
                         net (fo=0)                   0.000     0.000    JA_TCK
    G13                  IBUF (Prop_ibuf_I_O)         0.431     0.431 r  JA_TCK_IBUF_inst/O
                         net (fo=2, routed)           1.545     1.976    JA_TCK_IBUF
    BUFGCTRL_X0Y0        BUFG (Prop_bufg_I_O)         0.029     2.005 r  JA_TCK_IBUF_BUFG_inst/O
                         net (fo=176, routed)         0.833     2.838    u_cpu_top/u_cpu_dbg/u_cdc/JA_TCK_IBUF_BUFG
    SLICE_X54Y97         FDCE                                         r  u_cpu_top/u_cpu_dbg/u_cdc/q_addr_reg[0]/C
                         clock pessimism             -0.413     2.425    
    SLICE_X54Y97         FDCE (Hold_fdce_C_D)         0.022     2.447    u_cpu_top/u_cpu_dbg/u_cdc/q_addr_reg[0]
  -------------------------------------------------------------------
                         required time                         -2.447    
                         arrival time                           2.499    
  -------------------------------------------------------------------
                         slack                                  0.053    





Pulse Width Checks
--------------------------------------------------------------------------------------
Clock Name:         jtag_tck
Waveform(ns):       { 0.000 50.000 }
Period(ns):         100.000
Sources:            { JA_TCK }

Check Type        Corner  Lib Pin  Reference Pin  Required(ns)  Actual(ns)  Slack(ns)  Location       Pin
Min Period        n/a     BUFG/I   n/a            2.155         100.000     97.845     BUFGCTRL_X0Y0  JA_TCK_IBUF_BUFG_inst/I
Low Pulse Width   Slow    FDCE/C   n/a            0.500         50.000      49.500     SLICE_X51Y96   u_cpu_top/u_cpu_dbg/u_cdc/pend_reg/C
High Pulse Width  Slow    FDCE/C   n/a            0.500         50.000      49.500     SLICE_X51Y96   u_cpu_top/u_cpu_dbg/u_cdc/pend_reg/C



---------------------------------------------------------------------------------------------------
From Clock:  jtag_tmsc
  To Clock:  jtag_tmsc

Setup :            0  Failing Endpoints,  Worst Slack       97.152ns,  Total Violation        0.000ns
Hold  :            0  Failing Endpoints,  Worst Slack        0.434ns,  Total Violation        0.000ns
PW    :            0  Failing Endpoints,  Worst Slack       49.500ns,  Total Violation        0.000ns
---------------------------------------------------------------------------------------------------


Max Delay Paths
--------------------------------------------------------------------------------------
Slack (MET) :             97.152ns  (required time - arrival time)
  Source:                 u_cpu_top/u_cpu_dbg/u_cjtag/esc_gray_reg[1]/C
                            (rising edge-triggered cell FDCE clocked by jtag_tmsc  {rise@0.000ns fall@50.000ns period=100.000ns})
  Destination:            u_cpu_top/u_cpu_dbg/u_cjtag/esc_gray_reg[2]/D
                            (rising edge-triggered cell FDCE clocked by jtag_tmsc  {rise@0.000ns fall@50.000ns period=100.000ns})
  Path Group:             jtag_tmsc
  Path Type:              Setup (Max at Slow Process Corner)
  Requirement:            100.000ns  (jtag_tmsc rise@100.000ns - jtag_tmsc rise@0.000ns)
  Data Path Delay:        2.297ns  (logic 0.744ns (32.395%)  route 1.553ns (67.605%))
  Logic Levels:           1  (LUT5=1)
  Clock Path Skew:        -0.267ns (DCD - SCD + CPR)
    Destination Clock Delay (DCD):    3.695ns = ( 103.695 - 100.000 ) 
    Source Clock Delay      (SCD):    4.223ns
    Clock Pessimism Removal (CPR):    0.262ns
  Clock Uncertainty:      0.035ns  ((TSJ^2 + TIJ^2)^1/2 + DJ) / 2 + PE
    Total System Jitter     (TSJ):    0.071ns
    Total Input Jitter      (TIJ):    0.000ns
    Discrete Jitter          (DJ):    0.000ns
    Phase Error              (PE):    0.000ns

    Location             Delay type                Incr(ns)  Path(ns)    Netlist Resource(s)
  -------------------------------------------------------------------    -------------------
                         (clock jtag_tmsc rise edge)
                                                      0.000     0.000 r  
    D12                                               0.000     0.000 r  JA_TMS (INOUT)
                         net (fo=1, unset)            0.000     0.000    JA_TMS_IOBUF_inst/IO
    D12                  IBUF (Prop_ibuf_I_O)         1.496     1.496 r  JA_TMS_IOBUF_inst/IBUF/O
                         net (fo=12, routed)          2.727     4.223    u_cpu_top/u_cpu_dbg/u_cjtag/CLK
    SLICE_X52Y102        FDCE                                         r  u_cpu_top/u_cpu_dbg/u_cjtag/esc_gray_reg[1]/C
  -------------------------------------------------------------------    -------------------
    SLICE_X52Y102        FDCE (Prop_fdce_C_Q)         0.419     4.642 r  u_cpu_top/u_cpu_dbg/u_cjtag/esc_gray_reg[1]/Q
                         net (fo=7, routed)           0.914     5.557    u_cpu_top/u_cpu_dbg/u_cjtag/esc_gray[1]
    SLICE_X55Y102        LUT5 (Prop_lut5_I4_O)        0.325     5.882 r  u_cpu_top/u_cpu_dbg/u_cjtag/esc_gray[2]_i_1/O
                         net (fo=1, routed)           0.638     6.520    u_cpu_top/u_cpu_dbg/u_cjtag/esc_gray_inc[2]
    SLICE_X52Y100        FDCE                                         r  u_cpu_top/u_cpu_dbg/u_cjtag/esc_gray_reg[2]/D
  -------------------------------------------------------------------    -------------------

                         (clock jtag_tmsc rise edge)
                                                    100.000   100.000 r  
    D12                                               0.000   100.000 r  JA_TMS (INOUT)
                         net (fo=1, unset)            0.000   100.000    JA_TMS_IOBUF_inst/IO
    D12                  IBUF (Prop_ibuf_I_O)         1.425   101.425 r  JA_TMS_IOBUF_inst/IBUF/O
                         net (fo=12, routed)          2.270   103.695    u_cpu_top/u_cpu_dbg/u_cjtag/CLK
    SLICE_X52Y100        FDCE                                         r  u_cpu_top/u_cpu_dbg/u_cjtag/esc_gray_reg[2]/C
                         clock pessimism              0.262   103.957    
                         clock uncertainty           -0.035   103.921    
    SLICE_X52Y100        FDCE (Setup_fdce_C_D)       -0.249   103.672    u_cpu_top/u_cpu_dbg/u_cjtag/esc_gray_reg[2]
  -------------------------------------------------------------------
                         required time                        103.672    
                         arrival time                          -6.520    
  -------------------------------------------------------------------
                         slack                                 97.152    





Min Delay Paths
--------------------------------------------------------------------------------------
Slack (MET) :             0.434ns  (arrival time - required time)
  Source:                 u_cpu_top/u_cpu_dbg/u_cjtag/esc_gray_reg[0]/C
                            (rising edge-triggered cell FDCE clocked by jtag_tmsc  {rise@0.000ns fall@50.000ns period=100.000ns})
  Destination:            u_cpu_top/u_cpu_dbg/u_cjtag/esc_gray_reg[3]/D
                            (rising edge-triggered cell FDCE clocked by jtag_tmsc  {rise@0.000ns fall@50.000ns period=100.000ns})
  Path Group:             jtag_tmsc
  Path Type:              Hold (Min at Fast Process Corner)
  Requirement:            0.000ns  (jtag_tmsc rise@0.000ns - jtag_tmsc rise@0.000ns)
  Data Path Delay:        0.571ns  (logic 0.231ns (40.443%)  route 0.340ns (59.557%))
  Logic Levels:           1  (LUT5=1)
  Clock Path Skew:        0.144ns (DCD - SCD - CPR)
    Destination Clock Delay (DCD):    1.813ns
    Source Clock Delay      (SCD):    1.388ns
    Clock Pessimism Removal (CPR):    0.281ns

    Location             Delay type                Incr(ns)  Path(ns)    Netlist Resource(s)
  -------------------------------------------------------------------    -------------------
                         (clock jtag_tmsc rise edge)
                                                      0.000     0.000 r  
    D12                                               0.000     0.000 r  JA_TMS (INOUT)
                         net (fo=1, unset)            0.000     0.000    JA_TMS_IOBUF_inst/IO
    D12                  IBUF (Prop_ibuf_I_O)         0.264     0.264 r  JA_TMS_IOBUF_inst/IBUF/O
                         net (fo=12, routed)          1.124     1.388    u_cpu_top/u_cpu_dbg/u_cjtag/CLK
    SLICE_X53Y102        FDCE                                         r  u_cpu_top/u_cpu_dbg/u_cjtag/esc_gray_reg[0]/C
  -------------------------------------------------------------------    -------------------
    SLICE_X53Y102        FDCE (Prop_fdce_C_Q)         0.128     1.516 r  u_cpu_top/u_cpu_dbg/u_cjtag/esc_gray_reg[0]/Q
                         net (fo=6, routed)           0.165     1.681    u_cpu_top/u_cpu_dbg/u_cjtag/esc_gray[0]
    SLICE_X55Y102        LUT5 (Prop_lut5_I3_O)        0.103     1.784 r  u_cpu_top/u_cpu_dbg/u_cjtag/esc_gray[3]_i_1/O
                         net (fo=1, routed)           0.175     1.959    u_cpu_top/u_cpu_dbg/u_cjtag/esc_gray_inc[3]
    SLICE_X54Y100        FDCE                                         r  u_cpu_top/u_cpu_dbg/u_cjtag/esc_gray_reg[3]/D
  -------------------------------------------------------------------    -------------------

                         (clock jtag_tmsc rise edge)
                                                      0.000     0.000 r  
    D12                                               0.000     0.000 r  JA_TMS (INOUT)
                         net (fo=1, unset)            0.000     0.000    JA_TMS_IOBUF_inst/IO
    D12                  IBUF (Prop_ibuf_I_O)         0.452     0.452 r  JA_TMS_IOBUF_inst/IBUF/O
                         net (fo=12, routed)          1.362     1.813    u_cpu_top/u_cpu_dbg/u_cjtag/CLK
    SLICE_X54Y100        FDCE                                         r  u_cpu_top/u_cpu_dbg/u_cjtag/esc_gray_reg[3]/C
                         clock pessimism             -0.281     1.532    
    SLICE_X54Y100        FDCE (Hold_fdce_C_D)        -0.007     1.525    u_cpu_top/u_cpu_dbg/u_cjtag/esc_gray_reg[3]
  -------------------------------------------------------------------
                         required time                         -1.525    
                         arrival time                           1.959    
  -------------------------------------------------------------------
                         slack                                  0.434    





Pulse Width Checks
--------------------------------------------------------------------------------------
Clock Name:         jtag_tmsc
Waveform(ns):       { 0.000 50.000 }
Period(ns):         100.000
Sources:            { JA_TMS }

Check Type        Corner  Lib Pin  Reference Pin  Required(ns)  Actual(ns)  Slack(ns)  Location       Pin
Min Period        n/a     FDCE/C   n/a            1.000         100.000     99.000     SLICE_X53Y102  u_cpu_top/u_cpu_dbg/u_cjtag/esc_gray_reg[0]/C
Low Pulse Width   Slow    FDCE/C   n/a            0.500         50.000      49.500     SLICE_X53Y102  u_cpu_top/u_cpu_dbg/u_cjtag/esc_gray_reg[0]/C
High Pulse Width  Slow    FDCE/C   n/a            0.500         50.000      49.500     SLICE_X53Y102  u_cpu_top/u_cpu_dbg/u_cjtag/esc_gray_reg[0]/C



---------------------------------------------------------------------------------------------------
Path Group:  **async_default**
From Clock:  g_clk_mmcm.clk_out
  To Clock:  g_clk_mmcm.clk_out

Setup :            0  Failing Endpoints,  Worst Slack        8.875ns,  Total Violation        0.000ns
Hold  :            0  Failing Endpoints,  Worst Slack        0.564ns,  Total Violation        0.000ns
---------------------------------------------------------------------------------------------------


Max Delay Paths
--------------------------------------------------------------------------------------
Slack (MET) :             8.875ns  (required time - arrival time)
  Source:                 u_cpu_top/u_cpu_dbg/u_rst_bus/ff2_reg/C
                            (rising edge-triggered cell FDCE clocked by g_clk_mmcm.clk_out  {rise@0.000ns fall@10.000ns period=20.000ns})
  Destination:            u_cpu_top/u_cpu_cache/u_dcache/m_axil_wdata_reg[20]/CLR
                            (recovery check against rising-edge clock g_clk_mmcm.clk_out  {rise@0.000ns fall@10.000ns period=20.000ns})
  Path Group:             **async_default**
  Path Type:              Recovery (Max at Slow Process Corner)
  Requirement:            20.000ns  (g_clk_mmcm.clk_out rise@20.000ns - g_clk_mmcm.clk_out rise@0.000ns)
  Data Path Delay:        10.689ns  (logic 0.718ns (6.717%)  route 9.971ns (93.283%))
  Logic Levels:           1  (LUT1=1)
  Clock Path Skew:        -0.035ns (DCD - SCD + CPR)
    Destination Clock Delay (DCD):    5.887ns = ( 25.887 - 20.000 ) 
    Source Clock Delay      (SCD):    6.233ns
    Clock Pessimism Removal (CPR):    0.311ns
  Clock Uncertainty:      0.082ns  ((TSJ^2 + DJ^2)^1/2) / 2 + PE
    Total System Jitter     (TSJ):    0.071ns
    Discrete Jitter          (DJ):    0.147ns
    Phase Error              (PE):    0.000ns

    Location             Delay type                Incr(ns)  Path(ns)    Netlist Resource(s)
  -------------------------------------------------------------------    -------------------
                         (clock g_clk_mmcm.clk_out rise edge)
                                                      0.000     0.000 r  
    E3                                                0.000     0.000 r  CLK100MHZ (IN)
                         net (fo=0)                   0.000     0.000    CLK100MHZ
    E3                   IBUF (Prop_ibuf_I_O)         1.482     1.482 r  CLK100MHZ_IBUF_inst/O
                         net (fo=1, routed)           1.233     2.715    CLK100MHZ_IBUF
    MMCME2_ADV_X1Y2      MMCME2_ADV (Prop_mmcme2_adv_CLKIN1_CLKOUT0)
                                                      0.088     2.803 r  g_clk_mmcm.u_mmcm/CLKOUT0
                         net (fo=1, routed)           1.719     4.522    g_clk_mmcm.clk_out
    BUFGCTRL_X0Y16       BUFG (Prop_bufg_I_O)         0.096     4.618 r  g_clk_mmcm.u_bufg/O
                         net (fo=6898, routed)        1.614     6.233    u_cpu_top/u_cpu_dbg/u_rst_bus/sys_clk
    SLICE_X55Y68         FDCE                                         r  u_cpu_top/u_cpu_dbg/u_rst_bus/ff2_reg/C
  -------------------------------------------------------------------    -------------------
    SLICE_X55Y68         FDCE (Prop_fdce_C_Q)         0.419     6.652 r  u_cpu_top/u_cpu_dbg/u_rst_bus/ff2_reg/Q
                         net (fo=25, routed)          1.591     8.243    u_cpu_top/u_cpu_dbg/u_rst_bus/ff2
    SLICE_X57Y62         LUT1 (Prop_lut1_I0_O)        0.299     8.542 f  u_cpu_top/u_cpu_dbg/u_rst_bus/count[3]_i_2/O
                         net (fo=2332, routed)        8.380    16.922    u_cpu_top/u_cpu_cache/u_dcache/d0__0
    SLICE_X66Y71         FDCE                                         f  u_cpu_top/u_cpu_cache/u_dcache/m_axil_wdata_reg[20]/CLR
  -------------------------------------------------------------------    -------------------

                         (clock g_clk_mmcm.clk_out rise edge)
                                                     20.000    20.000 r  
    E3                                                0.000    20.000 r  CLK100MHZ (IN)
                         net (fo=0)                   0.000    20.000    CLK100MHZ
    E3                   IBUF (Prop_ibuf_I_O)         1.411    21.411 r  CLK100MHZ_IBUF_inst/O
                         net (fo=1, routed)           1.162    22.573    CLK100MHZ_IBUF
    MMCME2_ADV_X1Y2      MMCME2_ADV (Prop_mmcme2_adv_CLKIN1_CLKOUT0)
                                                      0.083    22.656 r  g_clk_mmcm.u_mmcm/CLKOUT0
                         net (fo=1, routed)           1.639    24.295    g_clk_mmcm.clk_out
    BUFGCTRL_X0Y16       BUFG (Prop_bufg_I_O)         0.091    24.386 r  g_clk_mmcm.u_bufg/O
                         net (fo=6898, routed)        1.500    25.887    u_cpu_top/u_cpu_cache/u_dcache/sys_clk
    SLICE_X66Y71         FDCE                                         r  u_cpu_top/u_cpu_cache/u_dcache/m_axil_wdata_reg[20]/C
                         clock pessimism              0.311    26.198    
                         clock uncertainty           -0.082    26.116    
    SLICE_X66Y71         FDCE (Recov_fdce_C_CLR)     -0.319    25.797    u_cpu_top/u_cpu_cache/u_dcache/m_axil_wdata_reg[20]
  -------------------------------------------------------------------
                         required time                         25.797    
                         arrival time                         -16.922    
  -------------------------------------------------------------------
                         slack                                  8.875    





Min Delay Paths
--------------------------------------------------------------------------------------
Slack (MET) :             0.564ns  (arrival time - required time)
  Source:                 u_cpu_top/u_cpu_dbg/u_rst_s_por/ff2_reg/C
                            (rising edge-triggered cell FDCE clocked by g_clk_mmcm.clk_out  {rise@0.000ns fall@10.000ns period=20.000ns})
  Destination:            u_cpu_top/u_cpu_dbg/u_cdc/u_sync_req/ff1_reg[0]/CLR
                            (removal check against rising-edge clock g_clk_mmcm.clk_out  {rise@0.000ns fall@10.000ns period=20.000ns})
  Path Group:             **async_default**
  Path Type:              Removal (Min at Fast Process Corner)
  Requirement:            0.000ns  (g_clk_mmcm.clk_out rise@0.000ns - g_clk_mmcm.clk_out rise@0.000ns)
  Data Path Delay:        0.748ns  (logic 0.227ns (30.345%)  route 0.521ns (69.655%))
  Logic Levels:           1  (LUT1=1)
  Clock Path Skew:        0.276ns (DCD - SCD - CPR)
    Destination Clock Delay (DCD):    2.378ns
    Source Clock Delay      (SCD):    1.823ns
    Clock Pessimism Removal (CPR):    0.278ns

    Location             Delay type                Incr(ns)  Path(ns)    Netlist Resource(s)
  -------------------------------------------------------------------    -------------------
                         (clock g_clk_mmcm.clk_out rise edge)
                                                      0.000     0.000 r  
    E3                                                0.000     0.000 r  CLK100MHZ (IN)
                         net (fo=0)                   0.000     0.000    CLK100MHZ
    E3                   IBUF (Prop_ibuf_I_O)         0.250     0.250 r  CLK100MHZ_IBUF_inst/O
                         net (fo=1, routed)           0.440     0.690    CLK100MHZ_IBUF
    MMCME2_ADV_X1Y2      MMCME2_ADV (Prop_mmcme2_adv_CLKIN1_CLKOUT0)
                                                      0.050     0.740 r  g_clk_mmcm.u_mmcm/CLKOUT0
                         net (fo=1, routed)           0.499     1.239    g_clk_mmcm.clk_out
    BUFGCTRL_X0Y16       BUFG (Prop_bufg_I_O)         0.026     1.265 r  g_clk_mmcm.u_bufg/O
                         net (fo=6898, routed)        0.559     1.823    u_cpu_top/u_cpu_dbg/u_rst_s_por/sys_clk
    SLICE_X53Y100        FDCE                                         r  u_cpu_top/u_cpu_dbg/u_rst_s_por/ff2_reg/C
  -------------------------------------------------------------------    -------------------
    SLICE_X53Y100        FDCE (Prop_fdce_C_Q)         0.128     1.951 r  u_cpu_top/u_cpu_dbg/u_rst_s_por/ff2_reg/Q
                         net (fo=1, routed)           0.283     2.234    u_cpu_top/u_cpu_dbg/u_rst_s_por/ff2
    SLICE_X53Y100        LUT1 (Prop_lut1_I0_O)        0.099     2.333 f  u_cpu_top/u_cpu_dbg/u_rst_s_por/FSM_onehot_s_state[2]_i_2/O
                         net (fo=674, routed)         0.238     2.571    u_cpu_top/u_cpu_dbg/u_cdc/u_sync_req/ff2_reg[0]_0
    SLICE_X55Y98         FDCE                                         f  u_cpu_top/u_cpu_dbg/u_cdc/u_sync_req/ff1_reg[0]/CLR
  -------------------------------------------------------------------    -------------------

                         (clock g_clk_mmcm.clk_out rise edge)
                                                      0.000     0.000 r  
    E3                                                0.000     0.000 r  CLK100MHZ (IN)
                         net (fo=0)                   0.000     0.000    CLK100MHZ
    E3                   IBUF (Prop_ibuf_I_O)         0.438     0.438 r  CLK100MHZ_IBUF_inst/O
                         net (fo=1, routed)           0.480     0.918    CLK100MHZ_IBUF
    MMCME2_ADV_X1Y2      MMCME2_ADV (Prop_mmcme2_adv_CLKIN1_CLKOUT0)
                                                      0.053     0.971 r  g_clk_mmcm.u_mmcm/CLKOUT0
                         net (fo=1, routed)           0.544     1.514    g_clk_mmcm.clk_out
    BUFGCTRL_X0Y16       BUFG (Prop_bufg_I_O)         0.029     1.543 r  g_clk_mmcm.u_bufg/O
                         net (fo=6898, routed)        0.835     2.378    u_cpu_top/u_cpu_dbg/u_cdc/u_sync_req/sys_clk
    SLICE_X55Y98         FDCE                                         r  u_cpu_top/u_cpu_dbg/u_cdc/u_sync_req/ff1_reg[0]/C
                         clock pessimism             -0.278     2.099    
    SLICE_X55Y98         FDCE (Remov_fdce_C_CLR)     -0.092     2.007    u_cpu_top/u_cpu_dbg/u_cdc/u_sync_req/ff1_reg[0]
  -------------------------------------------------------------------
                         required time                         -2.007    
                         arrival time                           2.571    
  -------------------------------------------------------------------
                         slack                                  0.564    





---------------------------------------------------------------------------------------------------
Path Group:  **async_default**
From Clock:  jtag_tck
  To Clock:  jtag_tck

Setup :            0  Failing Endpoints,  Worst Slack       46.233ns,  Total Violation        0.000ns
Hold  :            0  Failing Endpoints,  Worst Slack        0.483ns,  Total Violation        0.000ns
---------------------------------------------------------------------------------------------------


Max Delay Paths
--------------------------------------------------------------------------------------
Slack (MET) :             46.233ns  (required time - arrival time)
  Source:                 u_cpu_top/u_cpu_dbg/u_rst_tap/ff2_reg/C
                            (rising edge-triggered cell FDCE clocked by jtag_tck  {rise@0.000ns fall@50.000ns period=100.000ns})
  Destination:            u_cpu_top/u_cpu_dbg/u_dtm/tdo_oe_reg/CLR
                            (recovery check against rising-edge clock jtag_tck  {rise@0.000ns fall@50.000ns period=100.000ns})
  Path Group:             **async_default**
  Path Type:              Recovery (Max at Slow Process Corner)
  Requirement:            50.000ns  (jtag_tck fall@50.000ns - jtag_tck rise@0.000ns)
  Data Path Delay:        3.315ns  (logic 0.718ns (21.659%)  route 2.597ns (78.342%))
  Logic Levels:           1  (LUT1=1)
  Clock Path Skew:        -0.102ns (DCD - SCD + CPR)
    Destination Clock Delay (DCD):    5.774ns = ( 55.774 - 50.000 ) 
    Source Clock Delay      (SCD):    6.429ns
    Clock Pessimism Removal (CPR):    0.553ns
  Clock Uncertainty:      0.035ns  ((TSJ^2 + TIJ^2)^1/2 + DJ) / 2 + PE
    Total System Jitter     (TSJ):    0.071ns
    Total Input Jitter      (TIJ):    0.000ns
    Discrete Jitter          (DJ):    0.000ns
    Phase Error              (PE):    0.000ns

    Location             Delay type                Incr(ns)  Path(ns)    Netlist Resource(s)
  -------------------------------------------------------------------    -------------------
                         (clock jtag_tck rise edge)
                                                      0.000     0.000 r  
    G13                                               0.000     0.000 r  JA_TCK (IN)
                         net (fo=0)                   0.000     0.000    JA_TCK
    G13                  IBUF (Prop_ibuf_I_O)         1.475     1.475 r  JA_TCK_IBUF_inst/O
                         net (fo=2, routed)           3.248     4.723    JA_TCK_IBUF
    BUFGCTRL_X0Y0        BUFG (Prop_bufg_I_O)         0.096     4.819 r  JA_TCK_IBUF_BUFG_inst/O
                         net (fo=176, routed)         1.610     6.429    u_cpu_top/u_cpu_dbg/u_rst_tap/JA_TCK_IBUF_BUFG
    SLICE_X52Y107        FDCE                                         r  u_cpu_top/u_cpu_dbg/u_rst_tap/ff2_reg/C
  -------------------------------------------------------------------    -------------------
    SLICE_X52Y107        FDCE (Prop_fdce_C_Q)         0.419     6.848 r  u_cpu_top/u_cpu_dbg/u_rst_tap/ff2_reg/Q
                         net (fo=1, routed)           0.447     7.295    u_cpu_top/u_cpu_dbg/u_rst_tap/ff2
    SLICE_X52Y105        LUT1 (Prop_lut1_I0_O)        0.299     7.594 f  u_cpu_top/u_cpu_dbg/u_rst_tap/FSM_sequential_state[3]_i_3/O
                         net (fo=69, routed)          2.150     9.744    u_cpu_top/u_cpu_dbg/u_dtm/tdo_reg_0
    SLICE_X46Y102        FDCE                                         f  u_cpu_top/u_cpu_dbg/u_dtm/tdo_oe_reg/CLR
  -------------------------------------------------------------------    -------------------

                         (clock jtag_tck fall edge)
                                                     50.000    50.000 f  
    G13                                               0.000    50.000 f  JA_TCK (IN)
                         net (fo=0)                   0.000    50.000    JA_TCK
    G13                  IBUF (Prop_ibuf_I_O)         1.404    51.404 f  JA_TCK_IBUF_inst/O
                         net (fo=2, routed)           2.778    54.183    JA_TCK_IBUF
    BUFGCTRL_X0Y0        BUFG (Prop_bufg_I_O)         0.091    54.274 f  JA_TCK_IBUF_BUFG_inst/O
                         net (fo=176, routed)         1.501    55.774    u_cpu_top/u_cpu_dbg/u_dtm/JA_TCK_IBUF_BUFG
    SLICE_X46Y102        FDCE                                         r  u_cpu_top/u_cpu_dbg/u_dtm/tdo_oe_reg/C  (IS_INVERTED)
                         clock pessimism              0.553    56.327    
                         clock uncertainty           -0.035    56.292    
    SLICE_X46Y102        FDCE (Recov_fdce_C_CLR)     -0.314    55.978    u_cpu_top/u_cpu_dbg/u_dtm/tdo_oe_reg
  -------------------------------------------------------------------
                         required time                         55.978    
                         arrival time                          -9.744    
  -------------------------------------------------------------------
                         slack                                 46.233    





Min Delay Paths
--------------------------------------------------------------------------------------
Slack (MET) :             0.483ns  (arrival time - required time)
  Source:                 u_cpu_top/u_cpu_dbg/u_rst_tap/ff2_reg/C
                            (rising edge-triggered cell FDCE clocked by jtag_tck  {rise@0.000ns fall@50.000ns period=100.000ns})
  Destination:            u_cpu_top/u_cpu_dbg/u_dtm/FSM_sequential_state_reg[0]/CLR
                            (removal check against rising-edge clock jtag_tck  {rise@0.000ns fall@50.000ns period=100.000ns})
  Path Group:             **async_default**
  Path Type:              Removal (Min at Fast Process Corner)
  Requirement:            0.000ns  (jtag_tck rise@0.000ns - jtag_tck rise@0.000ns)
  Data Path Delay:        0.691ns  (logic 0.227ns (32.867%)  route 0.464ns (67.133%))
  Logic Levels:           1  (LUT1=1)
  Clock Path Skew:        0.275ns (DCD - SCD - CPR)
    Destination Clock Delay (DCD):    2.839ns
    Source Clock Delay      (SCD):    2.156ns
    Clock Pessimism Removal (CPR):    0.408ns

    Location             Delay type                Incr(ns)  Path(ns)    Netlist Resource(s)
  -------------------------------------------------------------------    -------------------
                         (clock jtag_tck rise edge)
                                                      0.000     0.000 r  
    G13                                               0.000     0.000 r  JA_TCK (IN)
                         net (fo=0)                   0.000     0.000    JA_TCK
    G13                  IBUF (Prop_ibuf_I_O)         0.243     0.243 r  JA_TCK_IBUF_inst/O
                         net (fo=2, routed)           1.328     1.571    JA_TCK_IBUF
    BUFGCTRL_X0Y0        BUFG (Prop_bufg_I_O)         0.026     1.597 r  JA_TCK_IBUF_BUFG_inst/O
                         net (fo=176, routed)         0.559     2.156    u_cpu_top/u_cpu_dbg/u_rst_tap/JA_TCK_IBUF_BUFG
    SLICE_X52Y107        FDCE                                         r  u_cpu_top/u_cpu_dbg/u_rst_tap/ff2_reg/C
  -------------------------------------------------------------------    -------------------
    SLICE_X52Y107        FDCE (Prop_fdce_C_Q)         0.128     2.284 r  u_cpu_top/u_cpu_dbg/u_rst_tap/ff2_reg/Q
                         net (fo=1, routed)           0.170     2.454    u_cpu_top/u_cpu_dbg/u_rst_tap/ff2
    SLICE_X52Y105        LUT1 (Prop_lut1_I0_O)        0.099     2.553 f  u_cpu_top/u_cpu_dbg/u_rst_tap/FSM_sequential_state[3]_i_3/O
                         net (fo=69, routed)          0.294     2.847    u_cpu_top/u_cpu_dbg/u_dtm/tdo_reg_0
    SLICE_X50Y99         FDCE                                         f  u_cpu_top/u_cpu_dbg/u_dtm/FSM_sequential_state_reg[0]/CLR
  -------------------------------------------------------------------    -------------------

                         (clock jtag_tck rise edge)
                                                      0.000     0.000 r  
    G13                                               0.000     0.000 r  JA_TCK (IN)
                         net (fo=0)                   0.000     0.000    JA_TCK
    G13                  IBUF (Prop_ibuf_I_O)         0.431     0.431 r  JA_TCK_IBUF_inst/O
                         net (fo=2, routed)           1.545     1.976    JA_TCK_IBUF
    BUFGCTRL_X0Y0        BUFG (Prop_bufg_I_O)         0.029     2.005 r  JA_TCK_IBUF_BUFG_inst/O
                         net (fo=176, routed)         0.834     2.839    u_cpu_top/u_cpu_dbg/u_dtm/JA_TCK_IBUF_BUFG
    SLICE_X50Y99         FDCE                                         r  u_cpu_top/u_cpu_dbg/u_dtm/FSM_sequential_state_reg[0]/C
                         clock pessimism             -0.408     2.431    
    SLICE_X50Y99         FDCE (Remov_fdce_C_CLR)     -0.067     2.364    u_cpu_top/u_cpu_dbg/u_dtm/FSM_sequential_state_reg[0]
  -------------------------------------------------------------------
                         required time                         -2.364    
                         arrival time                           2.847    
  -------------------------------------------------------------------
                         slack                                  0.483    





